Microsoft Windows [Version 10.0.19045.4046]
(c) Microsoft Corporation. All rights reserved.

C:\Users\Admn>mysql --host=192.168.100.80 --port=3306 --user=saleel --password=saleel saleel
mysql: [Warning] Using a password on the command line interface can be insecure.
Welcome to the MySQL monitor.  Commands end with ; or \g.
Your MySQL connection id is 588
Server version: 8.0.36 MySQL Community Server - GPL

Copyright (c) 2000, 2023, Oracle and/or its affiliates.

Oracle is a registered trademark of Oracle Corporation and/or its
affiliates. Other names may be trademarks of their respective
owners.

Type 'help;' or '\h' for help. Type '\c' to clear the current input statement.

mysql> select 10-20;
+-------+
| 10-20 |
+-------+
|   -10 |
+-------+
1 row in set (0.00 sec)

mysql> select abs(10-20);
+------------+
| abs(10-20) |
+------------+
|         10 |
+------------+
1 row in set (0.00 sec)

mysql> select 1234.45, round(1234.45);
+---------+----------------+
| 1234.45 | round(1234.45) |
+---------+----------------+
| 1234.45 |           1234 |
+---------+----------------+
1 row in set (0.00 sec)

mysql> select 1234.54, round(1234.54);
+---------+----------------+
| 1234.54 | round(1234.54) |
+---------+----------------+
| 1234.54 |           1235 |
+---------+----------------+
1 row in set (0.00 sec)

mysql> select 1234.567, round(1234.567);
+----------+-----------------+
| 1234.567 | round(1234.567) |
+----------+-----------------+
| 1234.567 |            1235 |
+----------+-----------------+
1 row in set (0.00 sec)

mysql> select 1234.567, round(1234.567, 2);
+----------+--------------------+
| 1234.567 | round(1234.567, 2) |
+----------+--------------------+
| 1234.567 |            1234.57 |
+----------+--------------------+
1 row in set (0.00 sec)

mysql> select 1234.567, round(1234.567, 4);
+----------+--------------------+
| 1234.567 | round(1234.567, 4) |
+----------+--------------------+
| 1234.567 |           1234.567 |
+----------+--------------------+
1 row in set (0.00 sec)

mysql> select 1234.567, round(1234.567, 1);
+----------+--------------------+
| 1234.567 | round(1234.567, 1) |
+----------+--------------------+
| 1234.567 |             1234.6 |
+----------+--------------------+
1 row in set (0.00 sec)

mysql> select 1234.56,round(1234.56), ceil(1234.56);
+---------+----------------+---------------+
| 1234.56 | round(1234.56) | ceil(1234.56) |
+---------+----------------+---------------+
| 1234.56 |           1235 |          1235 |
+---------+----------------+---------------+
1 row in set (0.00 sec)

mysql> select 1234.15,round(1234.15), ceil(1234.16);
+---------+----------------+---------------+
| 1234.15 | round(1234.15) | ceil(1234.16) |
+---------+----------------+---------------+
| 1234.15 |           1234 |          1235 |
+---------+----------------+---------------+
1 row in set (0.00 sec)

mysql> select 1234.15,round(1234.15), ceil(1234.15), floor(1234.15);
+---------+----------------+---------------+----------------+
| 1234.15 | round(1234.15) | ceil(1234.15) | floor(1234.15) |
+---------+----------------+---------------+----------------+
| 1234.15 |           1234 |          1235 |           1234 |
+---------+----------------+---------------+----------------+
1 row in set (0.00 sec)

mysql> select 1234.15,round(1234.15), ceil(1234.15), floor(1234.65);
+---------+----------------+---------------+----------------+
| 1234.15 | round(1234.15) | ceil(1234.15) | floor(1234.65) |
+---------+----------------+---------------+----------------+
| 1234.15 |           1234 |          1235 |           1234 |
+---------+----------------+---------------+----------------+
1 row in set (0.00 sec)

mysql> select 1234.15,round(1234.15, 2);
+---------+-------------------+
| 1234.15 | round(1234.15, 2) |
+---------+-------------------+
| 1234.15 |           1234.15 |
+---------+-------------------+
1 row in set (0.00 sec)

mysql> select 1234.15,round(1234.15, -2);
+---------+--------------------+
| 1234.15 | round(1234.15, -2) |
+---------+--------------------+
| 1234.15 |               1200 |
+---------+--------------------+
1 row in set (0.00 sec)

mysql> select 1234.55,round(1234.55, -2);
+---------+--------------------+
| 1234.55 | round(1234.55, -2) |
+---------+--------------------+
| 1234.55 |               1200 |
+---------+--------------------+
1 row in set (0.00 sec)

mysql> select 1247.55,round(1247.55, -2);
+---------+--------------------+
| 1247.55 | round(1247.55, -2) |
+---------+--------------------+
| 1247.55 |               1200 |
+---------+--------------------+
1 row in set (0.00 sec)

mysql> select 1250.55,round(1250.55, -2);
+---------+--------------------+
| 1250.55 | round(1250.55, -2) |
+---------+--------------------+
| 1250.55 |               1300 |
+---------+--------------------+
1 row in set (0.00 sec)

mysql> select rand();
+--------------------+
| rand()             |
+--------------------+
| 0.6791591604046143 |
+--------------------+
1 row in set (0.00 sec)

mysql> select rand();
+---------------------+
| rand()              |
+---------------------+
| 0.15841182708592325 |
+---------------------+
1 row in set (0.00 sec)

mysql> select round(rand());
+---------------+
| round(rand()) |
+---------------+
|             1 |
+---------------+
1 row in set (0.00 sec)

mysql> select round(rand());
+---------------+
| round(rand()) |
+---------------+
|             0 |
+---------------+
1 row in set (0.00 sec)

mysql> select round(rand());
+---------------+
| round(rand()) |
+---------------+
|             0 |
+---------------+
1 row in set (0.00 sec)

mysql> select round(rand()) * 10;
+--------------------+
| round(rand()) * 10 |
+--------------------+
|                  0 |
+--------------------+
1 row in set (0.00 sec)

mysql> select round(rand()) * 10;
+--------------------+
| round(rand()) * 10 |
+--------------------+
|                  0 |
+--------------------+
1 row in set (0.00 sec)

mysql> select round(rand()) * 10;
+--------------------+
| round(rand()) * 10 |
+--------------------+
|                 10 |
+--------------------+
1 row in set (0.00 sec)

mysql> select round(rand()) * 10;
+--------------------+
| round(rand()) * 10 |
+--------------------+
|                  0 |
+--------------------+
1 row in set (0.00 sec)

mysql> select round(rand()) * 10;
+--------------------+
| round(rand()) * 10 |
+--------------------+
|                  0 |
+--------------------+
1 row in set (0.00 sec)

mysql> select round(rand()) * 10;
+--------------------+
| round(rand()) * 10 |
+--------------------+
|                  0 |
+--------------------+
1 row in set (0.00 sec)

mysql> select round(rand() * 10);
+--------------------+
| round(rand() * 10) |
+--------------------+
|                  4 |
+--------------------+
1 row in set (0.00 sec)

mysql> select round(rand() * 10);
+--------------------+
| round(rand() * 10) |
+--------------------+
|                  0 |
+--------------------+
1 row in set (0.00 sec)

mysql> select round(rand() * 10);
+--------------------+
| round(rand() * 10) |
+--------------------+
|                  9 |
+--------------------+
1 row in set (0.00 sec)

mysql> select round(rand() * 10);
+--------------------+
| round(rand() * 10) |
+--------------------+
|                  6 |
+--------------------+
1 row in set (0.00 sec)

mysql> select round(rand() * 10);
+--------------------+
| round(rand() * 10) |
+--------------------+
|                  1 |
+--------------------+
1 row in set (0.00 sec)

mysql> select round(rand() * 10);
+--------------------+
| round(rand() * 10) |
+--------------------+
|                  6 |
+--------------------+
1 row in set (0.00 sec)

mysql> select rand() * 10;
+-------------------+
| rand() * 10       |
+-------------------+
| 9.473570640639933 |
+-------------------+
1 row in set (0.00 sec)

mysql> select round(rand() * 10);
+--------------------+
| round(rand() * 10) |
+--------------------+
|                  8 |
+--------------------+
1 row in set (0.00 sec)

mysql> select round(rand() * 10);
+--------------------+
| round(rand() * 10) |
+--------------------+
|                  4 |
+--------------------+
1 row in set (0.00 sec)

mysql> select round(rand() * 10);
+--------------------+
| round(rand() * 10) |
+--------------------+
|                  3 |
+--------------------+
1 row in set (0.00 sec)

mysql> select 0*10;
+------+
| 0*10 |
+------+
|    0 |
+------+
1 row in set (0.00 sec)

mysql> select round(rand() * 10);
+--------------------+
| round(rand() * 10) |
+--------------------+
|                  4 |
+--------------------+
1 row in set (0.00 sec)

mysql> select round(rand() * 10);
+--------------------+
| round(rand() * 10) |
+--------------------+
|                  1 |
+--------------------+
1 row in set (0.00 sec)

mysql> select round(rand() * 10);
+--------------------+
| round(rand() * 10) |
+--------------------+
|                  2 |
+--------------------+
1 row in set (0.00 sec)

mysql> select round(rand() * 10);
+--------------------+
| round(rand() * 10) |
+--------------------+
|                  6 |
+--------------------+
1 row in set (0.00 sec)

mysql> select round(rand() * 10);
+--------------------+
| round(rand() * 10) |
+--------------------+
|                  5 |
+--------------------+
1 row in set (0.00 sec)

mysql> select round(rand() * 10);
+--------------------+
| round(rand() * 10) |
+--------------------+
|                  9 |
+--------------------+
1 row in set (0.00 sec)

mysql> select round(rand() * 10);
+--------------------+
| round(rand() * 10) |
+--------------------+
|                  7 |
+--------------------+
1 row in set (0.00 sec)

mysql> select round(rand() * 10);
+--------------------+
| round(rand() * 10) |
+--------------------+
|                  9 |
+--------------------+
1 row in set (0.00 sec)

mysql> select round(rand() * 10);
+--------------------+
| round(rand() * 10) |
+--------------------+
|                  5 |
+--------------------+
1 row in set (0.00 sec)

mysql> select round(rand() * 10);
+--------------------+
| round(rand() * 10) |
+--------------------+
|                  7 |
+--------------------+
1 row in set (0.00 sec)

mysql> select round(rand() * 10);
+--------------------+
| round(rand() * 10) |
+--------------------+
|                  9 |
+--------------------+
1 row in set (0.00 sec)

mysql> select round(rand() * 10);
+--------------------+
| round(rand() * 10) |
+--------------------+
|                  3 |
+--------------------+
1 row in set (0.00 sec)

mysql> select round(rand() * 10);
+--------------------+
| round(rand() * 10) |
+--------------------+
|                 10 |
+--------------------+
1 row in set (0.00 sec)

mysql> select round(rand() * 100);
+---------------------+
| round(rand() * 100) |
+---------------------+
|                  89 |
+---------------------+
1 row in set (0.00 sec)

mysql>
mysql> select round(rand() * 100);
+---------------------+
| round(rand() * 100) |
+---------------------+
|                  56 |
+---------------------+
1 row in set (0.00 sec)

mysql> select round(rand() * 100);
+---------------------+
| round(rand() * 100) |
+---------------------+
|                  14 |
+---------------------+
1 row in set (0.00 sec)

mysql> select round(rand() * 100);
+---------------------+
| round(rand() * 100) |
+---------------------+
|                   1 |
+---------------------+
1 row in set (0.00 sec)

mysql> select truncate(rand(), 2);
+---------------------+
| truncate(rand(), 2) |
+---------------------+
|                0.64 |
+---------------------+
1 row in set (0.00 sec)

mysql> select 1234.567, round(1234.56,2) truncate(1234.567, 2);
ERROR 1064 (42000): You have an error in your SQL syntax; check the manual that corresponds to your MySQL server version for the right syntax to use near '(1234.567, 2)' at line 1
mysql> select 1234.567, round(1234.56,2), truncate(1234.567, 2);
+----------+------------------+-----------------------+
| 1234.567 | round(1234.56,2) | truncate(1234.567, 2) |
+----------+------------------+-----------------------+
| 1234.567 |          1234.56 |               1234.56 |
+----------+------------------+-----------------------+
1 row in set (0.00 sec)

mysql> select 1234.567, round(1234.567,2), truncate(1234.567, 2);
+----------+-------------------+-----------------------+
| 1234.567 | round(1234.567,2) | truncate(1234.567, 2) |
+----------+-------------------+-----------------------+
| 1234.567 |           1234.57 |               1234.56 |
+----------+-------------------+-----------------------+
1 row in set (0.00 sec)

mysql> SELECT FLOOR(-1.23); SELECT ROUND(-1.23);
+--------------+
| FLOOR(-1.23) |
+--------------+
|           -2 |
+--------------+
1 row in set (0.00 sec)

+--------------+
| ROUND(-1.23) |
+--------------+
|           -1 |
+--------------+
1 row in set (0.00 sec)

mysql> select power(5,2);
+------------+
| power(5,2) |
+------------+
|         25 |
+------------+
1 row in set (0.00 sec)

mysql> select power(5,3);
+------------+
| power(5,3) |
+------------+
|        125 |
+------------+
1 row in set (0.00 sec)

mysql> select power(2,2);
+------------+
| power(2,2) |
+------------+
|          4 |
+------------+
1 row in set (0.00 sec)

mysql> select power(2,3);
+------------+
| power(2,3) |
+------------+
|          8 |
+------------+
1 row in set (0.00 sec)

mysql> select power(2,-2);
+-------------+
| power(2,-2) |
+-------------+
|        0.25 |
+-------------+
1 row in set (0.00 sec)

mysql> select * from mass_table;
+--------+
| weight |
+--------+
|  26.43 |
|  54.65 |
|  34.46 |
|  60.22 |
|  62.73 |
|  35.63 |
|  47.43 |
|  63.47 |
+--------+
8 rows in set (0.01 sec)

mysql> SELECT weight, TRUNCATE(weight, 0) AS kg,  MID(weight, INSTR(weight, ".") + 1) AS gms FROM mass_table;
+--------+------+------+
| weight | kg   | gms  |
+--------+------+------+
|  26.43 |   26 | 43   |
|  54.65 |   54 | 65   |
|  34.46 |   34 | 46   |
|  60.22 |   60 | 22   |
|  62.73 |   62 | 73   |
|  35.63 |   35 | 63   |
|  47.43 |   47 | 43   |
|  63.47 |   63 | 47   |
+--------+------+------+
8 rows in set (0.00 sec)

mysql> SELECT weight, TRUNCATE(weight) AS kg,  MID(weight, INSTR(weight, ".") + 1) AS gms FROM mass_table;
ERROR 1064 (42000): You have an error in your SQL syntax; check the manual that corresponds to your MySQL server version for the right syntax to use near ') AS kg,  MID(weight, INSTR(weight, ".") + 1) AS gms FROM mass_table' at line 1
mysql>
mysql>
mysql> SELECT weight, TRUNCATE(weight,0) AS kg,  MID(weight, INSTR(weight, ".") + 1) AS gms FROM mass_table;
+--------+------+------+
| weight | kg   | gms  |
+--------+------+------+
|  26.43 |   26 | 43   |
|  54.65 |   54 | 65   |
|  34.46 |   34 | 46   |
|  60.22 |   60 | 22   |
|  62.73 |   62 | 73   |
|  35.63 |   35 | 63   |
|  47.43 |   47 | 43   |
|  63.47 |   63 | 47   |
+--------+------+------+
8 rows in set (0.00 sec)

mysql> select * from emp;
+-------+----------+--------+---------------------+------+------------+------+------+--------+---------+--------------+------------+------------+----------+
| EMPNO | ENAME    | GENDER | JOB                 | MGR  | HIREDATE   | SAL  | COMM | DEPTNO | BONUSID | USER NAME    | PWD        | PHONE      | isActive |
+-------+----------+--------+---------------------+------+------------+------+------+--------+---------+--------------+------------+------------+----------+
|  6001 | GITA     | F      | Compliance officers | 7920 | 1981-07-19 | 1750 | NULL |     30 |       1 | GITA         | sales@2017 | NULL       |        1 |
|  6129 | VRUSHALI | F      | Compliance officers | 7920 | 1981-07-19 | 1750 | NULL |     50 |       1 | VRUSHALI     | PUN@8877   | NULL       |        1 |
|  6473 | SHARMIN  | F      | Public Relation     | 7920 | 1981-07-19 | 1750 | NULL |     20 |       1 | SHARMIN      | a12recmpm  | NULL       |        1 |
|  6781 | BANDISH  | F      | Public Relation     | 7920 | 1981-07-19 | 1750 | NULL |     20 |       1 | BANDISH      | a12recmpm  | NULL       |        1 |
|  7369 | SMITH    | M      | CLERK               | 7902 | 1980-12-17 |  800 | NULL |     20 |       2 | TRITONE      | a12recmpm  | 7032300023 |        0 |
|  7415 | AARAV    | M      | CLERK               | 7902 | 1981-12-31 | 3350 | NULL |     10 |    NULL | AARAV        | NULL       | 7032300084 |        0 |
|  7421 | THOMAS   | M      | CLERK               | 7920 | 1981-07-19 | 1750 | NULL |     10 |       1 | THOMAS       | r50mpm     | 7032300011 |        0 |
|  7499 | ALLEN    | M      | SALESMAN            | 7698 | 1981-02-20 | 1600 |  300 |     30 |       4 | ALWAYS TESTE | sales@2017 | 7032300096 |        1 |
|  7521 | WARD     | M      | SALESMAN            | 7698 | 1981-02-22 | 1250 |  500 |     30 |       1 | WARD         | sales@2017 | 7132300034 |        1 |
|  7566 | JONES    | M      | MANAGER             | 7839 | 1981-04-02 | 2975 | NULL |     20 |       4 | HONEYCOMB    | a12recmpm  | 7132300039 |        1 |
|  7654 | MARTIN   | M      | SALESMAN            | 7698 | 1981-09-28 | 1250 | 1400 |     30 |       6 | LIFE RACER   | sales@2017 | 7132300050 |        1 |
|  7698 | BLAKE    | M      | MANAGER             | 7839 | 1981-05-01 | 2850 | NULL |     30 |       1 | BIG BEN      | sales@2017 | 7132300027 |        1 |
|  7782 | CLARK    | M      | MANAGER             | 7839 | 1981-06-09 | 2450 | NULL |     10 |       3 | CLARK        | r50mpm     | 7032300001 |        1 |
|  7788 | SCOTT    | M      | ANALYST             | 7566 | 1982-12-09 | 3000 | NULL |     20 |       3 | WHITE SAND   | a12recmpm  | NULL       |        1 |
|  7839 | KING     | M      | PRESIDENT           | NULL | 1981-11-17 | 5000 | NULL |     10 |       1 | KING         | r50mpm     | 7132300081 |        1 |
|  7840 | FRED     | M      | vice PRESIDENT      | 7839 | 1983-08-09 | 5000 | NULL |     20 |       1 | SAND STONE   | a12recmpm  | NULL       |        1 |
|  7844 | TURNER   | M      | SALESMAN            | 7698 | 1981-09-08 | 1500 |    0 |     30 |       5 | SAND DUST    | sales@2017 | NULL       |        1 |
|  7876 | ADAMS    | M      | CLERK               | 7788 | 1983-01-12 | 1100 | NULL |     20 |       1 | CRAZY ANYONE | a12recmpm  | 7132300086 |        1 |
|  7900 | JAMES    | M      | CLERK               | 7698 | 1981-12-03 |  950 | NULL |     30 |       2 | CRAZY LEADER | sales@2017 | 7132300042 |        1 |
|  7902 | FORD     | M      | ANALYST             | 7566 | 1981-12-03 | 3000 | NULL |     20 |       4 | CONBRIO      | a12recmpm  | NULL       |        0 |
|  7919 | HOFFMAN  | M      | MANAGER             | 7566 | 1982-03-24 | 4150 | NULL |     30 |       3 | INTERVAL     | sales@2017 | NULL       |        1 |
|  7920 | GRASS    | M      | SALESMAN            | 7919 | 1980-02-14 | 2575 | 2700 |     30 |       5 | GRASS        | sales@2017 | NULL       |        1 |
|  7934 | MILLER   | M      | CLERK               | 7782 | 1982-01-23 | 1300 | NULL |     10 |       2 | QUARTERNOTE  | r50mpm     | 7132300055 |        0 |
|  7945 | AARUSH   | M      | SALESMAN            | 7902 | 1980-02-14 | 1350 | 2700 |     30 |    NULL | AARUSH       | ABCDEF     | NULL       |        0 |
|  7949 | ALEX     | M      | MANAGER             | 7698 | 1982-01-24 | 1250 |  500 |     30 |       5 | QUARTERREST  | sales@2017 | 7156567183 |        1 |
|  8433 | NATASHA  | F      | CLERK               | 7920 | 1981-07-19 | 1750 | NULL |     30 |       1 | NATASHA      | sales@2017 | NULL       |        1 |
|  9400 | SANGITA  | F      | Compliance officers | 7920 | 1981-07-19 | 1750 | NULL |     50 |       1 | SANGITA      | NULL       | NULL       |        1 |
|  9473 | SUPRIYA  | F      | ANALYST             | 7920 | 1981-07-19 | 1750 | NULL |     50 |       1 | SUPRIYA      | XYZ@1234   | NULL       |        1 |
+-------+----------+--------+---------------------+------+------------+------+------+--------+---------+--------------+------------+------------+----------+
28 rows in set (0.00 sec)

mysql> desc emp;
+-----------+-------------+------+-----+---------+-------+
| Field     | Type        | Null | Key | Default | Extra |
+-----------+-------------+------+-----+---------+-------+
| EMPNO     | int         | NO   | PRI | NULL    |       |
| ENAME     | varchar(12) | YES  |     | NULL    |       |
| GENDER    | char(1)     | YES  |     | NULL    |       |
| JOB       | varchar(20) | YES  |     | NULL    |       |
| MGR       | int         | YES  | MUL | NULL    |       |
| HIREDATE  | date        | YES  |     | NULL    |       |
| SAL       | int         | YES  |     | NULL    |       |
| COMM      | int         | YES  |     | NULL    |       |
| DEPTNO    | int         | NO   | MUL | NULL    |       |
| BONUSID   | int         | YES  |     | NULL    |       |
| USER NAME | varchar(20) | YES  |     | NULL    |       |
| PWD       | varchar(20) | YES  |     | NULL    |       |
| PHONE     | varchar(45) | YES  |     | NULL    |       |
| isActive  | tinyint(1)  | YES  |     | NULL    |       |
+-----------+-------------+------+-----+---------+-------+
14 rows in set (0.00 sec)

mysql> select ename, job from emp;
+----------+---------------------+
| ename    | job                 |
+----------+---------------------+
| GITA     | Compliance officers |
| VRUSHALI | Compliance officers |
| SHARMIN  | Public Relation     |
| BANDISH  | Public Relation     |
| SMITH    | CLERK               |
| AARAV    | CLERK               |
| THOMAS   | CLERK               |
| ALLEN    | SALESMAN            |
| WARD     | SALESMAN            |
| JONES    | MANAGER             |
| MARTIN   | SALESMAN            |
| BLAKE    | MANAGER             |
| CLARK    | MANAGER             |
| SCOTT    | ANALYST             |
| KING     | PRESIDENT           |
| FRED     | vice PRESIDENT      |
| TURNER   | SALESMAN            |
| ADAMS    | CLERK               |
| JAMES    | CLERK               |
| FORD     | ANALYST             |
| HOFFMAN  | MANAGER             |
| GRASS    | SALESMAN            |
| MILLER   | CLERK               |
| AARUSH   | SALESMAN            |
| ALEX     | MANAGER             |
| NATASHA  | CLERK               |
| SANGITA  | Compliance officers |
| SUPRIYA  | ANALYST             |
+----------+---------------------+
28 rows in set (0.00 sec)

mysql> select distinct job from emp;
+---------------------+
| job                 |
+---------------------+
| Compliance officers |
| Public Relation     |
| CLERK               |
| SALESMAN            |
| MANAGER             |
| ANALYST             |
| PRESIDENT           |
| vice PRESIDENT      |
+---------------------+
8 rows in set (0.00 sec)

mysql> select ename, job, deptn0 from emp;
ERROR 1054 (42S22): Unknown column 'deptn0' in 'field list'
mysql> select ename, job, deptno from emp;
+----------+---------------------+--------+
| ename    | job                 | deptno |
+----------+---------------------+--------+
| GITA     | Compliance officers |     30 |
| VRUSHALI | Compliance officers |     50 |
| SHARMIN  | Public Relation     |     20 |
| BANDISH  | Public Relation     |     20 |
| SMITH    | CLERK               |     20 |
| AARAV    | CLERK               |     10 |
| THOMAS   | CLERK               |     10 |
| ALLEN    | SALESMAN            |     30 |
| WARD     | SALESMAN            |     30 |
| JONES    | MANAGER             |     20 |
| MARTIN   | SALESMAN            |     30 |
| BLAKE    | MANAGER             |     30 |
| CLARK    | MANAGER             |     10 |
| SCOTT    | ANALYST             |     20 |
| KING     | PRESIDENT           |     10 |
| FRED     | vice PRESIDENT      |     20 |
| TURNER   | SALESMAN            |     30 |
| ADAMS    | CLERK               |     20 |
| JAMES    | CLERK               |     30 |
| FORD     | ANALYST             |     20 |
| HOFFMAN  | MANAGER             |     30 |
| GRASS    | SALESMAN            |     30 |
| MILLER   | CLERK               |     10 |
| AARUSH   | SALESMAN            |     30 |
| ALEX     | MANAGER             |     30 |
| NATASHA  | CLERK               |     30 |
| SANGITA  | Compliance officers |     50 |
| SUPRIYA  | ANALYST             |     50 |
+----------+---------------------+--------+
28 rows in set (0.00 sec)

mysql> select distinct deptno from emp;
+--------+
| deptno |
+--------+
|     10 |
|     20 |
|     30 |
|     50 |
+--------+
4 rows in set (0.00 sec)

mysql>
mysql> select distinctrow deptno from emp;
+--------+
| deptno |
+--------+
|     10 |
|     20 |
|     30 |
|     50 |
+--------+
4 rows in set (0.00 sec)

mysql> select * from dept;
+--------+------------+----------+------------+------------+
| DEPTNO | DNAME      | LOC      | PWD        | STARTEDON  |
+--------+------------+----------+------------+------------+
|     10 | ACCOUNTING | NEW YORK | r50mpm     | 24/03/1989 |
|     20 | RESEARCH   | DALLAS   | a12recmpm  | 12/04/1989 |
|     30 | SALES      | CHICAGO  | sales@2017 | 13/04/1989 |
|     40 | OPERATIONS | BOSTON   | opr@123    | 12/07/1989 |
|     50 | HR         | PUNE     | PUN@8877   | 22/12/1989 |
+--------+------------+----------+------------+------------+
5 rows in set (0.00 sec)

mysql> select all * from dept;
+--------+------------+----------+------------+------------+
| DEPTNO | DNAME      | LOC      | PWD        | STARTEDON  |
+--------+------------+----------+------------+------------+
|     10 | ACCOUNTING | NEW YORK | r50mpm     | 24/03/1989 |
|     20 | RESEARCH   | DALLAS   | a12recmpm  | 12/04/1989 |
|     30 | SALES      | CHICAGO  | sales@2017 | 13/04/1989 |
|     40 | OPERATIONS | BOSTON   | opr@123    | 12/07/1989 |
|     50 | HR         | PUNE     | PUN@8877   | 22/12/1989 |
+--------+------------+----------+------------+------------+
5 rows in set (0.00 sec)

mysql> select all ename from dept;
ERROR 1054 (42S22): Unknown column 'ename' in 'field list'
mysql> select all dname from dept;
+------------+
| dname      |
+------------+
| ACCOUNTING |
| RESEARCH   |
| SALES      |
| OPERATIONS |
| HR         |
+------------+
5 rows in set (0.00 sec)

mysql> select * from dept;
+--------+------------+----------+------------+------------+
| DEPTNO | DNAME      | LOC      | PWD        | STARTEDON  |
+--------+------------+----------+------------+------------+
|     10 | ACCOUNTING | NEW YORK | r50mpm     | 24/03/1989 |
|     20 | RESEARCH   | DALLAS   | a12recmpm  | 12/04/1989 |
|     30 | SALES      | CHICAGO  | sales@2017 | 13/04/1989 |
|     40 | OPERATIONS | BOSTON   | opr@123    | 12/07/1989 |
|     50 | HR         | PUNE     | PUN@8877   | 22/12/1989 |
+--------+------------+----------+------------+------------+
5 rows in set (0.00 sec)

mysql> select *, * from dept;
ERROR 1064 (42000): You have an error in your SQL syntax; check the manual that corresponds to your MySQL server version for the right syntax to use near '* from dept' at line 1
mysql>
mysql>
mysql>
mysql> select *, dname from emp;
ERROR 1054 (42S22): Unknown column 'dname' in 'field list'
mysql> select * from emp;
+-------+----------+--------+---------------------+------+------------+------+------+--------+---------+--------------+------------+------------+----------+
| EMPNO | ENAME    | GENDER | JOB                 | MGR  | HIREDATE   | SAL  | COMM | DEPTNO | BONUSID | USER NAME    | PWD        | PHONE      | isActive |
+-------+----------+--------+---------------------+------+------------+------+------+--------+---------+--------------+------------+------------+----------+
|  6001 | GITA     | F      | Compliance officers | 7920 | 1981-07-19 | 1750 | NULL |     30 |       1 | GITA         | sales@2017 | NULL       |        1 |
|  6129 | VRUSHALI | F      | Compliance officers | 7920 | 1981-07-19 | 1750 | NULL |     50 |       1 | VRUSHALI     | PUN@8877   | NULL       |        1 |
|  6473 | SHARMIN  | F      | Public Relation     | 7920 | 1981-07-19 | 1750 | NULL |     20 |       1 | SHARMIN      | a12recmpm  | NULL       |        1 |
|  6781 | BANDISH  | F      | Public Relation     | 7920 | 1981-07-19 | 1750 | NULL |     20 |       1 | BANDISH      | a12recmpm  | NULL       |        1 |
|  7369 | SMITH    | M      | CLERK               | 7902 | 1980-12-17 |  800 | NULL |     20 |       2 | TRITONE      | a12recmpm  | 7032300023 |        0 |
|  7415 | AARAV    | M      | CLERK               | 7902 | 1981-12-31 | 3350 | NULL |     10 |    NULL | AARAV        | NULL       | 7032300084 |        0 |
|  7421 | THOMAS   | M      | CLERK               | 7920 | 1981-07-19 | 1750 | NULL |     10 |       1 | THOMAS       | r50mpm     | 7032300011 |        0 |
|  7499 | ALLEN    | M      | SALESMAN            | 7698 | 1981-02-20 | 1600 |  300 |     30 |       4 | ALWAYS TESTE | sales@2017 | 7032300096 |        1 |
|  7521 | WARD     | M      | SALESMAN            | 7698 | 1981-02-22 | 1250 |  500 |     30 |       1 | WARD         | sales@2017 | 7132300034 |        1 |
|  7566 | JONES    | M      | MANAGER             | 7839 | 1981-04-02 | 2975 | NULL |     20 |       4 | HONEYCOMB    | a12recmpm  | 7132300039 |        1 |
|  7654 | MARTIN   | M      | SALESMAN            | 7698 | 1981-09-28 | 1250 | 1400 |     30 |       6 | LIFE RACER   | sales@2017 | 7132300050 |        1 |
|  7698 | BLAKE    | M      | MANAGER             | 7839 | 1981-05-01 | 2850 | NULL |     30 |       1 | BIG BEN      | sales@2017 | 7132300027 |        1 |
|  7782 | CLARK    | M      | MANAGER             | 7839 | 1981-06-09 | 2450 | NULL |     10 |       3 | CLARK        | r50mpm     | 7032300001 |        1 |
|  7788 | SCOTT    | M      | ANALYST             | 7566 | 1982-12-09 | 3000 | NULL |     20 |       3 | WHITE SAND   | a12recmpm  | NULL       |        1 |
|  7839 | KING     | M      | PRESIDENT           | NULL | 1981-11-17 | 5000 | NULL |     10 |       1 | KING         | r50mpm     | 7132300081 |        1 |
|  7840 | FRED     | M      | vice PRESIDENT      | 7839 | 1983-08-09 | 5000 | NULL |     20 |       1 | SAND STONE   | a12recmpm  | NULL       |        1 |
|  7844 | TURNER   | M      | SALESMAN            | 7698 | 1981-09-08 | 1500 |    0 |     30 |       5 | SAND DUST    | sales@2017 | NULL       |        1 |
|  7876 | ADAMS    | M      | CLERK               | 7788 | 1983-01-12 | 1100 | NULL |     20 |       1 | CRAZY ANYONE | a12recmpm  | 7132300086 |        1 |
|  7900 | JAMES    | M      | CLERK               | 7698 | 1981-12-03 |  950 | NULL |     30 |       2 | CRAZY LEADER | sales@2017 | 7132300042 |        1 |
|  7902 | FORD     | M      | ANALYST             | 7566 | 1981-12-03 | 3000 | NULL |     20 |       4 | CONBRIO      | a12recmpm  | NULL       |        0 |
|  7919 | HOFFMAN  | M      | MANAGER             | 7566 | 1982-03-24 | 4150 | NULL |     30 |       3 | INTERVAL     | sales@2017 | NULL       |        1 |
|  7920 | GRASS    | M      | SALESMAN            | 7919 | 1980-02-14 | 2575 | 2700 |     30 |       5 | GRASS        | sales@2017 | NULL       |        1 |
|  7934 | MILLER   | M      | CLERK               | 7782 | 1982-01-23 | 1300 | NULL |     10 |       2 | QUARTERNOTE  | r50mpm     | 7132300055 |        0 |
|  7945 | AARUSH   | M      | SALESMAN            | 7902 | 1980-02-14 | 1350 | 2700 |     30 |    NULL | AARUSH       | ABCDEF     | NULL       |        0 |
|  7949 | ALEX     | M      | MANAGER             | 7698 | 1982-01-24 | 1250 |  500 |     30 |       5 | QUARTERREST  | sales@2017 | 7156567183 |        1 |
|  8433 | NATASHA  | F      | CLERK               | 7920 | 1981-07-19 | 1750 | NULL |     30 |       1 | NATASHA      | sales@2017 | NULL       |        1 |
|  9400 | SANGITA  | F      | Compliance officers | 7920 | 1981-07-19 | 1750 | NULL |     50 |       1 | SANGITA      | NULL       | NULL       |        1 |
|  9473 | SUPRIYA  | F      | ANALYST             | 7920 | 1981-07-19 | 1750 | NULL |     50 |       1 | SUPRIYA      | XYZ@1234   | NULL       |        1 |
+-------+----------+--------+---------------------+------+------------+------+------+--------+---------+--------------+------------+------------+----------+
28 rows in set (0.00 sec)

mysql> select * from emp;
+-------+----------+--------+---------------------+------+------------+------+------+--------+---------+--------------+------------+------------+----------+
| EMPNO | ENAME    | GENDER | JOB                 | MGR  | HIREDATE   | SAL  | COMM | DEPTNO | BONUSID | USER NAME    | PWD        | PHONE      | isActive |
+-------+----------+--------+---------------------+------+------------+------+------+--------+---------+--------------+------------+------------+----------+
|  6001 | GITA     | F      | Compliance officers | 7920 | 1981-07-19 | 1750 | NULL |     30 |       1 | GITA         | sales@2017 | NULL       |        1 |
|  6129 | VRUSHALI | F      | Compliance officers | 7920 | 1981-07-19 | 1750 | NULL |     50 |       1 | VRUSHALI     | PUN@8877   | NULL       |        1 |
|  6473 | SHARMIN  | F      | Public Relation     | 7920 | 1981-07-19 | 1750 | NULL |     20 |       1 | SHARMIN      | a12recmpm  | NULL       |        1 |
|  6781 | BANDISH  | F      | Public Relation     | 7920 | 1981-07-19 | 1750 | NULL |     20 |       1 | BANDISH      | a12recmpm  | NULL       |        1 |
|  7369 | SMITH    | M      | CLERK               | 7902 | 1980-12-17 |  800 | NULL |     20 |       2 | TRITONE      | a12recmpm  | 7032300023 |        0 |
|  7415 | AARAV    | M      | CLERK               | 7902 | 1981-12-31 | 3350 | NULL |     10 |    NULL | AARAV        | NULL       | 7032300084 |        0 |
|  7421 | THOMAS   | M      | CLERK               | 7920 | 1981-07-19 | 1750 | NULL |     10 |       1 | THOMAS       | r50mpm     | 7032300011 |        0 |
|  7499 | ALLEN    | M      | SALESMAN            | 7698 | 1981-02-20 | 1600 |  300 |     30 |       4 | ALWAYS TESTE | sales@2017 | 7032300096 |        1 |
|  7521 | WARD     | M      | SALESMAN            | 7698 | 1981-02-22 | 1250 |  500 |     30 |       1 | WARD         | sales@2017 | 7132300034 |        1 |
|  7566 | JONES    | M      | MANAGER             | 7839 | 1981-04-02 | 2975 | NULL |     20 |       4 | HONEYCOMB    | a12recmpm  | 7132300039 |        1 |
|  7654 | MARTIN   | M      | SALESMAN            | 7698 | 1981-09-28 | 1250 | 1400 |     30 |       6 | LIFE RACER   | sales@2017 | 7132300050 |        1 |
|  7698 | BLAKE    | M      | MANAGER             | 7839 | 1981-05-01 | 2850 | NULL |     30 |       1 | BIG BEN      | sales@2017 | 7132300027 |        1 |
|  7782 | CLARK    | M      | MANAGER             | 7839 | 1981-06-09 | 2450 | NULL |     10 |       3 | CLARK        | r50mpm     | 7032300001 |        1 |
|  7788 | SCOTT    | M      | ANALYST             | 7566 | 1982-12-09 | 3000 | NULL |     20 |       3 | WHITE SAND   | a12recmpm  | NULL       |        1 |
|  7839 | KING     | M      | PRESIDENT           | NULL | 1981-11-17 | 5000 | NULL |     10 |       1 | KING         | r50mpm     | 7132300081 |        1 |
|  7840 | FRED     | M      | vice PRESIDENT      | 7839 | 1983-08-09 | 5000 | NULL |     20 |       1 | SAND STONE   | a12recmpm  | NULL       |        1 |
|  7844 | TURNER   | M      | SALESMAN            | 7698 | 1981-09-08 | 1500 |    0 |     30 |       5 | SAND DUST    | sales@2017 | NULL       |        1 |
|  7876 | ADAMS    | M      | CLERK               | 7788 | 1983-01-12 | 1100 | NULL |     20 |       1 | CRAZY ANYONE | a12recmpm  | 7132300086 |        1 |
|  7900 | JAMES    | M      | CLERK               | 7698 | 1981-12-03 |  950 | NULL |     30 |       2 | CRAZY LEADER | sales@2017 | 7132300042 |        1 |
|  7902 | FORD     | M      | ANALYST             | 7566 | 1981-12-03 | 3000 | NULL |     20 |       4 | CONBRIO      | a12recmpm  | NULL       |        0 |
|  7919 | HOFFMAN  | M      | MANAGER             | 7566 | 1982-03-24 | 4150 | NULL |     30 |       3 | INTERVAL     | sales@2017 | NULL       |        1 |
|  7920 | GRASS    | M      | SALESMAN            | 7919 | 1980-02-14 | 2575 | 2700 |     30 |       5 | GRASS        | sales@2017 | NULL       |        1 |
|  7934 | MILLER   | M      | CLERK               | 7782 | 1982-01-23 | 1300 | NULL |     10 |       2 | QUARTERNOTE  | r50mpm     | 7132300055 |        0 |
|  7945 | AARUSH   | M      | SALESMAN            | 7902 | 1980-02-14 | 1350 | 2700 |     30 |    NULL | AARUSH       | ABCDEF     | NULL       |        0 |
|  7949 | ALEX     | M      | MANAGER             | 7698 | 1982-01-24 | 1250 |  500 |     30 |       5 | QUARTERREST  | sales@2017 | 7156567183 |        1 |
|  8433 | NATASHA  | F      | CLERK               | 7920 | 1981-07-19 | 1750 | NULL |     30 |       1 | NATASHA      | sales@2017 | NULL       |        1 |
|  9400 | SANGITA  | F      | Compliance officers | 7920 | 1981-07-19 | 1750 | NULL |     50 |       1 | SANGITA      | NULL       | NULL       |        1 |
|  9473 | SUPRIYA  | F      | ANALYST             | 7920 | 1981-07-19 | 1750 | NULL |     50 |       1 | SUPRIYA      | XYZ@1234   | NULL       |        1 |
+-------+----------+--------+---------------------+------+------------+------+------+--------+---------+--------------+------------+------------+----------+
28 rows in set (0.00 sec)

mysql> select * from dept;
+--------+------------+----------+------------+------------+
| DEPTNO | DNAME      | LOC      | PWD        | STARTEDON  |
+--------+------------+----------+------------+------------+
|     10 | ACCOUNTING | NEW YORK | r50mpm     | 24/03/1989 |
|     20 | RESEARCH   | DALLAS   | a12recmpm  | 12/04/1989 |
|     30 | SALES      | CHICAGO  | sales@2017 | 13/04/1989 |
|     40 | OPERATIONS | BOSTON   | opr@123    | 12/07/1989 |
|     50 | HR         | PUNE     | PUN@8877   | 22/12/1989 |
+--------+------------+----------+------------+------------+
5 rows in set (0.00 sec)

mysql> select *,dname from dept;
+--------+------------+----------+------------+------------+------------+
| DEPTNO | DNAME      | LOC      | PWD        | STARTEDON  | dname      |
+--------+------------+----------+------------+------------+------------+
|     10 | ACCOUNTING | NEW YORK | r50mpm     | 24/03/1989 | ACCOUNTING |
|     20 | RESEARCH   | DALLAS   | a12recmpm  | 12/04/1989 | RESEARCH   |
|     30 | SALES      | CHICAGO  | sales@2017 | 13/04/1989 | SALES      |
|     40 | OPERATIONS | BOSTON   | opr@123    | 12/07/1989 | OPERATIONS |
|     50 | HR         | PUNE     | PUN@8877   | 22/12/1989 | HR         |
+--------+------------+----------+------------+------------+------------+
5 rows in set (0.00 sec)

mysql> select *,* from dept;
ERROR 1064 (42000): You have an error in your SQL syntax; check the manual that corresponds to your MySQL server version for the right syntax to use near '* from dept' at line 1
mysql>
mysql>
mysql> select *,dname from dept;
+--------+------------+----------+------------+------------+------------+
| DEPTNO | DNAME      | LOC      | PWD        | STARTEDON  | dname      |
+--------+------------+----------+------------+------------+------------+
|     10 | ACCOUNTING | NEW YORK | r50mpm     | 24/03/1989 | ACCOUNTING |
|     20 | RESEARCH   | DALLAS   | a12recmpm  | 12/04/1989 | RESEARCH   |
|     30 | SALES      | CHICAGO  | sales@2017 | 13/04/1989 | SALES      |
|     40 | OPERATIONS | BOSTON   | opr@123    | 12/07/1989 | OPERATIONS |
|     50 | HR         | PUNE     | PUN@8877   | 22/12/1989 | HR         |
+--------+------------+----------+------------+------------+------------+
5 rows in set (0.00 sec)

mysql> select dname,* from dept;
ERROR 1064 (42000): You have an error in your SQL syntax; check the manual that corresponds to your MySQL server version for the right syntax to use near '* from dept' at line 1
mysql>
mysql> select *, dname,loc from dept;
+--------+------------+----------+------------+------------+------------+----------+
| DEPTNO | DNAME      | LOC      | PWD        | STARTEDON  | dname      | loc      |
+--------+------------+----------+------------+------------+------------+----------+
|     10 | ACCOUNTING | NEW YORK | r50mpm     | 24/03/1989 | ACCOUNTING | NEW YORK |
|     20 | RESEARCH   | DALLAS   | a12recmpm  | 12/04/1989 | RESEARCH   | DALLAS   |
|     30 | SALES      | CHICAGO  | sales@2017 | 13/04/1989 | SALES      | CHICAGO  |
|     40 | OPERATIONS | BOSTON   | opr@123    | 12/07/1989 | OPERATIONS | BOSTON   |
|     50 | HR         | PUNE     | PUN@8877   | 22/12/1989 | HR         | PUNE     |
+--------+------------+----------+------------+------------+------------+----------+
5 rows in set (0.00 sec)

mysql> select dept.*, dept.* from dept;
+--------+------------+----------+------------+------------+--------+------------+----------+------------+------------+
| DEPTNO | DNAME      | LOC      | PWD        | STARTEDON  | DEPTNO | DNAME      | LOC      | PWD        | STARTEDON  |
+--------+------------+----------+------------+------------+--------+------------+----------+------------+------------+
|     10 | ACCOUNTING | NEW YORK | r50mpm     | 24/03/1989 |     10 | ACCOUNTING | NEW YORK | r50mpm     | 24/03/1989 |
|     20 | RESEARCH   | DALLAS   | a12recmpm  | 12/04/1989 |     20 | RESEARCH   | DALLAS   | a12recmpm  | 12/04/1989 |
|     30 | SALES      | CHICAGO  | sales@2017 | 13/04/1989 |     30 | SALES      | CHICAGO  | sales@2017 | 13/04/1989 |
|     40 | OPERATIONS | BOSTON   | opr@123    | 12/07/1989 |     40 | OPERATIONS | BOSTON   | opr@123    | 12/07/1989 |
|     50 | HR         | PUNE     | PUN@8877   | 22/12/1989 |     50 | HR         | PUNE     | PUN@8877   | 22/12/1989 |
+--------+------------+----------+------------+------------+--------+------------+----------+------------+------------+
5 rows in set (0.00 sec)

mysql> select dept.*, dept.* from dept;
+--------+------------+----------+------------+------------+--------+------------+----------+------------+------------+
| DEPTNO | DNAME      | LOC      | PWD        | STARTEDON  | DEPTNO | DNAME      | LOC      | PWD        | STARTEDON  |
+--------+------------+----------+------------+------------+--------+------------+----------+------------+------------+
|     10 | ACCOUNTING | NEW YORK | r50mpm     | 24/03/1989 |     10 | ACCOUNTING | NEW YORK | r50mpm     | 24/03/1989 |
|     20 | RESEARCH   | DALLAS   | a12recmpm  | 12/04/1989 |     20 | RESEARCH   | DALLAS   | a12recmpm  | 12/04/1989 |
|     30 | SALES      | CHICAGO  | sales@2017 | 13/04/1989 |     30 | SALES      | CHICAGO  | sales@2017 | 13/04/1989 |
|     40 | OPERATIONS | BOSTON   | opr@123    | 12/07/1989 |     40 | OPERATIONS | BOSTON   | opr@123    | 12/07/1989 |
|     50 | HR         | PUNE     | PUN@8877   | 22/12/1989 |     50 | HR         | PUNE     | PUN@8877   | 22/12/1989 |
+--------+------------+----------+------------+------------+--------+------------+----------+------------+------------+
5 rows in set (0.00 sec)

mysql> select * from dept d;
+--------+------------+----------+------------+------------+
| DEPTNO | DNAME      | LOC      | PWD        | STARTEDON  |
+--------+------------+----------+------------+------------+
|     10 | ACCOUNTING | NEW YORK | r50mpm     | 24/03/1989 |
|     20 | RESEARCH   | DALLAS   | a12recmpm  | 12/04/1989 |
|     30 | SALES      | CHICAGO  | sales@2017 | 13/04/1989 |
|     40 | OPERATIONS | BOSTON   | opr@123    | 12/07/1989 |
|     50 | HR         | PUNE     | PUN@8877   | 22/12/1989 |
+--------+------------+----------+------------+------------+
5 rows in set (0.00 sec)

mysql> select * from dept d;
+--------+------------+----------+------------+------------+
| DEPTNO | DNAME      | LOC      | PWD        | STARTEDON  |
+--------+------------+----------+------------+------------+
|     10 | ACCOUNTING | NEW YORK | r50mpm     | 24/03/1989 |
|     20 | RESEARCH   | DALLAS   | a12recmpm  | 12/04/1989 |
|     30 | SALES      | CHICAGO  | sales@2017 | 13/04/1989 |
|     40 | OPERATIONS | BOSTON   | opr@123    | 12/07/1989 |
|     50 | HR         | PUNE     | PUN@8877   | 22/12/1989 |
+--------+------------+----------+------------+------------+
5 rows in set (0.00 sec)

mysql> select dept.* from dept d;
ERROR 1051 (42S02): Unknown table 'dept'
mysql>
mysql>
mysql> select d.* from dept d;
+--------+------------+----------+------------+------------+
| DEPTNO | DNAME      | LOC      | PWD        | STARTEDON  |
+--------+------------+----------+------------+------------+
|     10 | ACCOUNTING | NEW YORK | r50mpm     | 24/03/1989 |
|     20 | RESEARCH   | DALLAS   | a12recmpm  | 12/04/1989 |
|     30 | SALES      | CHICAGO  | sales@2017 | 13/04/1989 |
|     40 | OPERATIONS | BOSTON   | opr@123    | 12/07/1989 |
|     50 | HR         | PUNE     | PUN@8877   | 22/12/1989 |
+--------+------------+----------+------------+------------+
5 rows in set (0.00 sec)

mysql> SELECT UUID() AS R1, UUID_SHORT() AS R2;
+--------------------------------------+--------------------+
| R1                                   | R2                 |
+--------------------------------------+--------------------+
| c2f57590-e026-11ee-9457-c03fd5639f01 | 100743416534532096 |
+--------------------------------------+--------------------+
1 row in set (0.01 sec)

mysql> SELECT UUID() AS R1, * from dept;
ERROR 1064 (42000): You have an error in your SQL syntax; check the manual that corresponds to your MySQL server version for the right syntax to use near '* from dept' at line 1
mysql>
mysql>
mysql> SELECT UUID() AS R1, dept.* from dept;
+--------------------------------------+--------+------------+----------+------------+------------+
| R1                                   | DEPTNO | DNAME      | LOC      | PWD        | STARTEDON  |
+--------------------------------------+--------+------------+----------+------------+------------+
| 0bdb05d3-e028-11ee-9457-c03fd5639f01 |     10 | ACCOUNTING | NEW YORK | r50mpm     | 24/03/1989 |
| 0bdb060e-e028-11ee-9457-c03fd5639f01 |     20 | RESEARCH   | DALLAS   | a12recmpm  | 12/04/1989 |
| 0bdb0616-e028-11ee-9457-c03fd5639f01 |     30 | SALES      | CHICAGO  | sales@2017 | 13/04/1989 |
| 0bdb061c-e028-11ee-9457-c03fd5639f01 |     40 | OPERATIONS | BOSTON   | opr@123    | 12/07/1989 |
| 0bdb0622-e028-11ee-9457-c03fd5639f01 |     50 | HR         | PUNE     | PUN@8877   | 22/12/1989 |
+--------------------------------------+--------+------------+----------+------------+------------+
5 rows in set (0.00 sec)

mysql> SELECT *, UUID() AS R1 from dept;
+--------+------------+----------+------------+------------+--------------------------------------+
| DEPTNO | DNAME      | LOC      | PWD        | STARTEDON  | R1                                   |
+--------+------------+----------+------------+------------+--------------------------------------+
|     10 | ACCOUNTING | NEW YORK | r50mpm     | 24/03/1989 | 14e6bb27-e028-11ee-9457-c03fd5639f01 |
|     20 | RESEARCH   | DALLAS   | a12recmpm  | 12/04/1989 | 14e6bb3e-e028-11ee-9457-c03fd5639f01 |
|     30 | SALES      | CHICAGO  | sales@2017 | 13/04/1989 | 14e6bb45-e028-11ee-9457-c03fd5639f01 |
|     40 | OPERATIONS | BOSTON   | opr@123    | 12/07/1989 | 14e6bb4d-e028-11ee-9457-c03fd5639f01 |
|     50 | HR         | PUNE     | PUN@8877   | 22/12/1989 | 14e6bb53-e028-11ee-9457-c03fd5639f01 |
+--------+------------+----------+------------+------------+--------------------------------------+
5 rows in set (0.00 sec)

mysql> SELECT UUID() AS R1, dept.* from dept;
+--------------------------------------+--------+------------+----------+------------+------------+
| R1                                   | DEPTNO | DNAME      | LOC      | PWD        | STARTEDON  |
+--------------------------------------+--------+------------+----------+------------+------------+
| 23411240-e028-11ee-9457-c03fd5639f01 |     10 | ACCOUNTING | NEW YORK | r50mpm     | 24/03/1989 |
| 2341126e-e028-11ee-9457-c03fd5639f01 |     20 | RESEARCH   | DALLAS   | a12recmpm  | 12/04/1989 |
| 23411277-e028-11ee-9457-c03fd5639f01 |     30 | SALES      | CHICAGO  | sales@2017 | 13/04/1989 |
| 23411281-e028-11ee-9457-c03fd5639f01 |     40 | OPERATIONS | BOSTON   | opr@123    | 12/07/1989 |
| 2341128c-e028-11ee-9457-c03fd5639f01 |     50 | HR         | PUNE     | PUN@8877   | 22/12/1989 |
+--------------------------------------+--------+------------+----------+------------+------------+
5 rows in set (0.00 sec)

mysql> SELECT UUID() AS R1, dept.* from dept limit 2;
+--------------------------------------+--------+------------+----------+-----------+------------+
| R1                                   | DEPTNO | DNAME      | LOC      | PWD       | STARTEDON  |
+--------------------------------------+--------+------------+----------+-----------+------------+
| 2e85aa39-e028-11ee-9457-c03fd5639f01 |     10 | ACCOUNTING | NEW YORK | r50mpm    | 24/03/1989 |
| 2e85aa66-e028-11ee-9457-c03fd5639f01 |     20 | RESEARCH   | DALLAS   | a12recmpm | 12/04/1989 |
+--------------------------------------+--------+------------+----------+-----------+------------+
2 rows in set (0.00 sec)

mysql> SELECT UUID() AS R1, dept.* from dept limit 3;
+--------------------------------------+--------+------------+----------+------------+------------+
| R1                                   | DEPTNO | DNAME      | LOC      | PWD        | STARTEDON  |
+--------------------------------------+--------+------------+----------+------------+------------+
| 4d8cdefd-e028-11ee-9457-c03fd5639f01 |     10 | ACCOUNTING | NEW YORK | r50mpm     | 24/03/1989 |
| 4d8cdf2a-e028-11ee-9457-c03fd5639f01 |     20 | RESEARCH   | DALLAS   | a12recmpm  | 12/04/1989 |
| 4d8cdf31-e028-11ee-9457-c03fd5639f01 |     30 | SALES      | CHICAGO  | sales@2017 | 13/04/1989 |
+--------------------------------------+--------+------------+----------+------------+------------+
3 rows in set (0.00 sec)

mysql> SELECT UUID() AS R1, dept.* from dept limit 1,3;
+--------------------------------------+--------+------------+---------+------------+------------+
| R1                                   | DEPTNO | DNAME      | LOC     | PWD        | STARTEDON  |
+--------------------------------------+--------+------------+---------+------------+------------+
| 898beec9-e028-11ee-9457-c03fd5639f01 |     20 | RESEARCH   | DALLAS  | a12recmpm  | 12/04/1989 |
| 898beeeb-e028-11ee-9457-c03fd5639f01 |     30 | SALES      | CHICAGO | sales@2017 | 13/04/1989 |
| 898beef2-e028-11ee-9457-c03fd5639f01 |     40 | OPERATIONS | BOSTON  | opr@123    | 12/07/1989 |
+--------------------------------------+--------+------------+---------+------------+------------+
3 rows in set (0.00 sec)

mysql> SELECT UUID() AS R1, dept.* from dept limit (1,3);
ERROR 1064 (42000): You have an error in your SQL syntax; check the manual that corresponds to your MySQL server version for the right syntax to use near '(1,3)' at line 1
mysql> SELECT UUID() AS R1, dept.* from dept limit -3;
ERROR 1064 (42000): You have an error in your SQL syntax; check the manual that corresponds to your MySQL server version for the right syntax to use near '-3' at line 1
mysql> SELECT UUID() AS R1, dept.* from dept limit 3.78;
ERROR 1064 (42000): You have an error in your SQL syntax; check the manual that corresponds to your MySQL server version for the right syntax to use near '3.78' at line 1
mysql>
mysql>
mysql> SELECT UUID() AS R1, dept.* from dept limit 3;
+--------------------------------------+--------+------------+----------+------------+------------+
| R1                                   | DEPTNO | DNAME      | LOC      | PWD        | STARTEDON  |
+--------------------------------------+--------+------------+----------+------------+------------+
| bb829594-e028-11ee-9457-c03fd5639f01 |     10 | ACCOUNTING | NEW YORK | r50mpm     | 24/03/1989 |
| bb8295c9-e028-11ee-9457-c03fd5639f01 |     20 | RESEARCH   | DALLAS   | a12recmpm  | 12/04/1989 |
| bb8295d3-e028-11ee-9457-c03fd5639f01 |     30 | SALES      | CHICAGO  | sales@2017 | 13/04/1989 |
+--------------------------------------+--------+------------+----------+------------+------------+
3 rows in set (0.00 sec)

mysql> SELECT UUID() AS R1, dept.* from dept;
+--------------------------------------+--------+------------+----------+------------+------------+
| R1                                   | DEPTNO | DNAME      | LOC      | PWD        | STARTEDON  |
+--------------------------------------+--------+------------+----------+------------+------------+
| 0fb02026-e02d-11ee-9457-c03fd5639f01 |     10 | ACCOUNTING | NEW YORK | r50mpm     | 24/03/1989 |
| 0fb02064-e02d-11ee-9457-c03fd5639f01 |     20 | RESEARCH   | DALLAS   | a12recmpm  | 12/04/1989 |
| 0fb0206d-e02d-11ee-9457-c03fd5639f01 |     30 | SALES      | CHICAGO  | sales@2017 | 13/04/1989 |
| 0fb02072-e02d-11ee-9457-c03fd5639f01 |     40 | OPERATIONS | BOSTON   | opr@123    | 12/07/1989 |
| 0fb02078-e02d-11ee-9457-c03fd5639f01 |     50 | HR         | PUNE     | PUN@8877   | 22/12/1989 |
+--------------------------------------+--------+------------+----------+------------+------------+
5 rows in set (0.00 sec)

mysql> SELECT  dept.* from dept;
+--------+------------+----------+------------+------------+
| DEPTNO | DNAME      | LOC      | PWD        | STARTEDON  |
+--------+------------+----------+------------+------------+
|     10 | ACCOUNTING | NEW YORK | r50mpm     | 24/03/1989 |
|     20 | RESEARCH   | DALLAS   | a12recmpm  | 12/04/1989 |
|     30 | SALES      | CHICAGO  | sales@2017 | 13/04/1989 |
|     40 | OPERATIONS | BOSTON   | opr@123    | 12/07/1989 |
|     50 | HR         | PUNE     | PUN@8877   | 22/12/1989 |
+--------+------------+----------+------------+------------+
5 rows in set (0.00 sec)

mysql> SELECT  dept.* from dept order by loc;
+--------+------------+----------+------------+------------+
| DEPTNO | DNAME      | LOC      | PWD        | STARTEDON  |
+--------+------------+----------+------------+------------+
|     40 | OPERATIONS | BOSTON   | opr@123    | 12/07/1989 |
|     30 | SALES      | CHICAGO  | sales@2017 | 13/04/1989 |
|     20 | RESEARCH   | DALLAS   | a12recmpm  | 12/04/1989 |
|     10 | ACCOUNTING | NEW YORK | r50mpm     | 24/03/1989 |
|     50 | HR         | PUNE     | PUN@8877   | 22/12/1989 |
+--------+------------+----------+------------+------------+
5 rows in set (0.00 sec)

mysql> SELECT  ename, job, hiredate, sal from emp order by ename;
+----------+---------------------+------------+------+
| ename    | job                 | hiredate   | sal  |
+----------+---------------------+------------+------+
| AARAV    | CLERK               | 1981-12-31 | 3350 |
| AARUSH   | SALESMAN            | 1980-02-14 | 1350 |
| ADAMS    | CLERK               | 1983-01-12 | 1100 |
| ALEX     | MANAGER             | 1982-01-24 | 1250 |
| ALLEN    | SALESMAN            | 1981-02-20 | 1600 |
| BANDISH  | Public Relation     | 1981-07-19 | 1750 |
| BLAKE    | MANAGER             | 1981-05-01 | 2850 |
| CLARK    | MANAGER             | 1981-06-09 | 2450 |
| FORD     | ANALYST             | 1981-12-03 | 3000 |
| FRED     | vice PRESIDENT      | 1983-08-09 | 5000 |
| GITA     | Compliance officers | 1981-07-19 | 1750 |
| GRASS    | SALESMAN            | 1980-02-14 | 2575 |
| HOFFMAN  | MANAGER             | 1982-03-24 | 4150 |
| JAMES    | CLERK               | 1981-12-03 |  950 |
| JONES    | MANAGER             | 1981-04-02 | 2975 |
| KING     | PRESIDENT           | 1981-11-17 | 5000 |
| MARTIN   | SALESMAN            | 1981-09-28 | 1250 |
| MILLER   | CLERK               | 1982-01-23 | 1300 |
| NATASHA  | CLERK               | 1981-07-19 | 1750 |
| SANGITA  | Compliance officers | 1981-07-19 | 1750 |
| SCOTT    | ANALYST             | 1982-12-09 | 3000 |
| SHARMIN  | Public Relation     | 1981-07-19 | 1750 |
| SMITH    | CLERK               | 1980-12-17 |  800 |
| SUPRIYA  | ANALYST             | 1981-07-19 | 1750 |
| THOMAS   | CLERK               | 1981-07-19 | 1750 |
| TURNER   | SALESMAN            | 1981-09-08 | 1500 |
| VRUSHALI | Compliance officers | 1981-07-19 | 1750 |
| WARD     | SALESMAN            | 1981-02-22 | 1250 |
+----------+---------------------+------------+------+
28 rows in set (0.00 sec)

mysql> SELECT  ename, job, hiredate, sal from emp order by ename desc;
+----------+---------------------+------------+------+
| ename    | job                 | hiredate   | sal  |
+----------+---------------------+------------+------+
| WARD     | SALESMAN            | 1981-02-22 | 1250 |
| VRUSHALI | Compliance officers | 1981-07-19 | 1750 |
| TURNER   | SALESMAN            | 1981-09-08 | 1500 |
| THOMAS   | CLERK               | 1981-07-19 | 1750 |
| SUPRIYA  | ANALYST             | 1981-07-19 | 1750 |
| SMITH    | CLERK               | 1980-12-17 |  800 |
| SHARMIN  | Public Relation     | 1981-07-19 | 1750 |
| SCOTT    | ANALYST             | 1982-12-09 | 3000 |
| SANGITA  | Compliance officers | 1981-07-19 | 1750 |
| NATASHA  | CLERK               | 1981-07-19 | 1750 |
| MILLER   | CLERK               | 1982-01-23 | 1300 |
| MARTIN   | SALESMAN            | 1981-09-28 | 1250 |
| KING     | PRESIDENT           | 1981-11-17 | 5000 |
| JONES    | MANAGER             | 1981-04-02 | 2975 |
| JAMES    | CLERK               | 1981-12-03 |  950 |
| HOFFMAN  | MANAGER             | 1982-03-24 | 4150 |
| GRASS    | SALESMAN            | 1980-02-14 | 2575 |
| GITA     | Compliance officers | 1981-07-19 | 1750 |
| FRED     | vice PRESIDENT      | 1983-08-09 | 5000 |
| FORD     | ANALYST             | 1981-12-03 | 3000 |
| CLARK    | MANAGER             | 1981-06-09 | 2450 |
| BLAKE    | MANAGER             | 1981-05-01 | 2850 |
| BANDISH  | Public Relation     | 1981-07-19 | 1750 |
| ALLEN    | SALESMAN            | 1981-02-20 | 1600 |
| ALEX     | MANAGER             | 1982-01-24 | 1250 |
| ADAMS    | CLERK               | 1983-01-12 | 1100 |
| AARUSH   | SALESMAN            | 1980-02-14 | 1350 |
| AARAV    | CLERK               | 1981-12-31 | 3350 |
+----------+---------------------+------------+------+
28 rows in set (0.00 sec)

mysql> SELECT  ename, job, hiredate, sal from emp order by sal;
+----------+---------------------+------------+------+
| ename    | job                 | hiredate   | sal  |
+----------+---------------------+------------+------+
| SMITH    | CLERK               | 1980-12-17 |  800 |
| JAMES    | CLERK               | 1981-12-03 |  950 |
| ADAMS    | CLERK               | 1983-01-12 | 1100 |
| WARD     | SALESMAN            | 1981-02-22 | 1250 |
| MARTIN   | SALESMAN            | 1981-09-28 | 1250 |
| ALEX     | MANAGER             | 1982-01-24 | 1250 |
| MILLER   | CLERK               | 1982-01-23 | 1300 |
| AARUSH   | SALESMAN            | 1980-02-14 | 1350 |
| TURNER   | SALESMAN            | 1981-09-08 | 1500 |
| ALLEN    | SALESMAN            | 1981-02-20 | 1600 |
| GITA     | Compliance officers | 1981-07-19 | 1750 |
| VRUSHALI | Compliance officers | 1981-07-19 | 1750 |
| SHARMIN  | Public Relation     | 1981-07-19 | 1750 |
| BANDISH  | Public Relation     | 1981-07-19 | 1750 |
| THOMAS   | CLERK               | 1981-07-19 | 1750 |
| NATASHA  | CLERK               | 1981-07-19 | 1750 |
| SANGITA  | Compliance officers | 1981-07-19 | 1750 |
| SUPRIYA  | ANALYST             | 1981-07-19 | 1750 |
| CLARK    | MANAGER             | 1981-06-09 | 2450 |
| GRASS    | SALESMAN            | 1980-02-14 | 2575 |
| BLAKE    | MANAGER             | 1981-05-01 | 2850 |
| JONES    | MANAGER             | 1981-04-02 | 2975 |
| SCOTT    | ANALYST             | 1982-12-09 | 3000 |
| FORD     | ANALYST             | 1981-12-03 | 3000 |
| AARAV    | CLERK               | 1981-12-31 | 3350 |
| HOFFMAN  | MANAGER             | 1982-03-24 | 4150 |
| KING     | PRESIDENT           | 1981-11-17 | 5000 |
| FRED     | vice PRESIDENT      | 1983-08-09 | 5000 |
+----------+---------------------+------------+------+
28 rows in set (0.00 sec)

mysql> SELECT  ename, job, hiredate, sal from emp order by sal desc;
+----------+---------------------+------------+------+
| ename    | job                 | hiredate   | sal  |
+----------+---------------------+------------+------+
| KING     | PRESIDENT           | 1981-11-17 | 5000 |
| FRED     | vice PRESIDENT      | 1983-08-09 | 5000 |
| HOFFMAN  | MANAGER             | 1982-03-24 | 4150 |
| AARAV    | CLERK               | 1981-12-31 | 3350 |
| SCOTT    | ANALYST             | 1982-12-09 | 3000 |
| FORD     | ANALYST             | 1981-12-03 | 3000 |
| JONES    | MANAGER             | 1981-04-02 | 2975 |
| BLAKE    | MANAGER             | 1981-05-01 | 2850 |
| GRASS    | SALESMAN            | 1980-02-14 | 2575 |
| CLARK    | MANAGER             | 1981-06-09 | 2450 |
| GITA     | Compliance officers | 1981-07-19 | 1750 |
| VRUSHALI | Compliance officers | 1981-07-19 | 1750 |
| SHARMIN  | Public Relation     | 1981-07-19 | 1750 |
| BANDISH  | Public Relation     | 1981-07-19 | 1750 |
| THOMAS   | CLERK               | 1981-07-19 | 1750 |
| NATASHA  | CLERK               | 1981-07-19 | 1750 |
| SANGITA  | Compliance officers | 1981-07-19 | 1750 |
| SUPRIYA  | ANALYST             | 1981-07-19 | 1750 |
| ALLEN    | SALESMAN            | 1981-02-20 | 1600 |
| TURNER   | SALESMAN            | 1981-09-08 | 1500 |
| AARUSH   | SALESMAN            | 1980-02-14 | 1350 |
| MILLER   | CLERK               | 1982-01-23 | 1300 |
| WARD     | SALESMAN            | 1981-02-22 | 1250 |
| MARTIN   | SALESMAN            | 1981-09-28 | 1250 |
| ALEX     | MANAGER             | 1982-01-24 | 1250 |
| ADAMS    | CLERK               | 1983-01-12 | 1100 |
| JAMES    | CLERK               | 1981-12-03 |  950 |
| SMITH    | CLERK               | 1980-12-17 |  800 |
+----------+---------------------+------------+------+
28 rows in set (0.00 sec)

mysql> SELECT  ename, job, hiredate, sal from emp order by hiredate;
+----------+---------------------+------------+------+
| ename    | job                 | hiredate   | sal  |
+----------+---------------------+------------+------+
| GRASS    | SALESMAN            | 1980-02-14 | 2575 |
| AARUSH   | SALESMAN            | 1980-02-14 | 1350 |
| SMITH    | CLERK               | 1980-12-17 |  800 |
| ALLEN    | SALESMAN            | 1981-02-20 | 1600 |
| WARD     | SALESMAN            | 1981-02-22 | 1250 |
| JONES    | MANAGER             | 1981-04-02 | 2975 |
| BLAKE    | MANAGER             | 1981-05-01 | 2850 |
| CLARK    | MANAGER             | 1981-06-09 | 2450 |
| GITA     | Compliance officers | 1981-07-19 | 1750 |
| VRUSHALI | Compliance officers | 1981-07-19 | 1750 |
| SHARMIN  | Public Relation     | 1981-07-19 | 1750 |
| BANDISH  | Public Relation     | 1981-07-19 | 1750 |
| THOMAS   | CLERK               | 1981-07-19 | 1750 |
| NATASHA  | CLERK               | 1981-07-19 | 1750 |
| SANGITA  | Compliance officers | 1981-07-19 | 1750 |
| SUPRIYA  | ANALYST             | 1981-07-19 | 1750 |
| TURNER   | SALESMAN            | 1981-09-08 | 1500 |
| MARTIN   | SALESMAN            | 1981-09-28 | 1250 |
| KING     | PRESIDENT           | 1981-11-17 | 5000 |
| JAMES    | CLERK               | 1981-12-03 |  950 |
| FORD     | ANALYST             | 1981-12-03 | 3000 |
| AARAV    | CLERK               | 1981-12-31 | 3350 |
| MILLER   | CLERK               | 1982-01-23 | 1300 |
| ALEX     | MANAGER             | 1982-01-24 | 1250 |
| HOFFMAN  | MANAGER             | 1982-03-24 | 4150 |
| SCOTT    | ANALYST             | 1982-12-09 | 3000 |
| ADAMS    | CLERK               | 1983-01-12 | 1100 |
| FRED     | vice PRESIDENT      | 1983-08-09 | 5000 |
+----------+---------------------+------------+------+
28 rows in set (0.00 sec)

mysql> SELECT  ename, job, hiredate, sal from emp order by hiredate desc;
+----------+---------------------+------------+------+
| ename    | job                 | hiredate   | sal  |
+----------+---------------------+------------+------+
| FRED     | vice PRESIDENT      | 1983-08-09 | 5000 |
| ADAMS    | CLERK               | 1983-01-12 | 1100 |
| SCOTT    | ANALYST             | 1982-12-09 | 3000 |
| HOFFMAN  | MANAGER             | 1982-03-24 | 4150 |
| ALEX     | MANAGER             | 1982-01-24 | 1250 |
| MILLER   | CLERK               | 1982-01-23 | 1300 |
| AARAV    | CLERK               | 1981-12-31 | 3350 |
| JAMES    | CLERK               | 1981-12-03 |  950 |
| FORD     | ANALYST             | 1981-12-03 | 3000 |
| KING     | PRESIDENT           | 1981-11-17 | 5000 |
| MARTIN   | SALESMAN            | 1981-09-28 | 1250 |
| TURNER   | SALESMAN            | 1981-09-08 | 1500 |
| GITA     | Compliance officers | 1981-07-19 | 1750 |
| VRUSHALI | Compliance officers | 1981-07-19 | 1750 |
| SHARMIN  | Public Relation     | 1981-07-19 | 1750 |
| BANDISH  | Public Relation     | 1981-07-19 | 1750 |
| THOMAS   | CLERK               | 1981-07-19 | 1750 |
| NATASHA  | CLERK               | 1981-07-19 | 1750 |
| SANGITA  | Compliance officers | 1981-07-19 | 1750 |
| SUPRIYA  | ANALYST             | 1981-07-19 | 1750 |
| CLARK    | MANAGER             | 1981-06-09 | 2450 |
| BLAKE    | MANAGER             | 1981-05-01 | 2850 |
| JONES    | MANAGER             | 1981-04-02 | 2975 |
| WARD     | SALESMAN            | 1981-02-22 | 1250 |
| ALLEN    | SALESMAN            | 1981-02-20 | 1600 |
| SMITH    | CLERK               | 1980-12-17 |  800 |
| GRASS    | SALESMAN            | 1980-02-14 | 2575 |
| AARUSH   | SALESMAN            | 1980-02-14 | 1350 |
+----------+---------------------+------------+------+
28 rows in set (0.00 sec)

mysql> SELECT  ename, job, hiredate, sal from emp order by job;
+----------+---------------------+------------+------+
| ename    | job                 | hiredate   | sal  |
+----------+---------------------+------------+------+
| SCOTT    | ANALYST             | 1982-12-09 | 3000 |
| FORD     | ANALYST             | 1981-12-03 | 3000 |
| SUPRIYA  | ANALYST             | 1981-07-19 | 1750 |
| SMITH    | CLERK               | 1980-12-17 |  800 |
| AARAV    | CLERK               | 1981-12-31 | 3350 |
| THOMAS   | CLERK               | 1981-07-19 | 1750 |
| ADAMS    | CLERK               | 1983-01-12 | 1100 |
| JAMES    | CLERK               | 1981-12-03 |  950 |
| MILLER   | CLERK               | 1982-01-23 | 1300 |
| NATASHA  | CLERK               | 1981-07-19 | 1750 |
| GITA     | Compliance officers | 1981-07-19 | 1750 |
| VRUSHALI | Compliance officers | 1981-07-19 | 1750 |
| SANGITA  | Compliance officers | 1981-07-19 | 1750 |
| JONES    | MANAGER             | 1981-04-02 | 2975 |
| BLAKE    | MANAGER             | 1981-05-01 | 2850 |
| CLARK    | MANAGER             | 1981-06-09 | 2450 |
| HOFFMAN  | MANAGER             | 1982-03-24 | 4150 |
| ALEX     | MANAGER             | 1982-01-24 | 1250 |
| KING     | PRESIDENT           | 1981-11-17 | 5000 |
| SHARMIN  | Public Relation     | 1981-07-19 | 1750 |
| BANDISH  | Public Relation     | 1981-07-19 | 1750 |
| ALLEN    | SALESMAN            | 1981-02-20 | 1600 |
| WARD     | SALESMAN            | 1981-02-22 | 1250 |
| MARTIN   | SALESMAN            | 1981-09-28 | 1250 |
| TURNER   | SALESMAN            | 1981-09-08 | 1500 |
| GRASS    | SALESMAN            | 1980-02-14 | 2575 |
| AARUSH   | SALESMAN            | 1980-02-14 | 1350 |
| FRED     | vice PRESIDENT      | 1983-08-09 | 5000 |
+----------+---------------------+------------+------+
28 rows in set (0.00 sec)

mysql> SELECT  ename, job, hiredate, sal from emp order by job swac;
ERROR 1064 (42000): You have an error in your SQL syntax; check the manual that corresponds to your MySQL server version for the right syntax to use near 'swac' at line 1
mysql> SELECT  ename, job, hiredate, sal from emp order by job desc;
+----------+---------------------+------------+------+
| ename    | job                 | hiredate   | sal  |
+----------+---------------------+------------+------+
| FRED     | vice PRESIDENT      | 1983-08-09 | 5000 |
| ALLEN    | SALESMAN            | 1981-02-20 | 1600 |
| WARD     | SALESMAN            | 1981-02-22 | 1250 |
| MARTIN   | SALESMAN            | 1981-09-28 | 1250 |
| TURNER   | SALESMAN            | 1981-09-08 | 1500 |
| GRASS    | SALESMAN            | 1980-02-14 | 2575 |
| AARUSH   | SALESMAN            | 1980-02-14 | 1350 |
| SHARMIN  | Public Relation     | 1981-07-19 | 1750 |
| BANDISH  | Public Relation     | 1981-07-19 | 1750 |
| KING     | PRESIDENT           | 1981-11-17 | 5000 |
| JONES    | MANAGER             | 1981-04-02 | 2975 |
| BLAKE    | MANAGER             | 1981-05-01 | 2850 |
| CLARK    | MANAGER             | 1981-06-09 | 2450 |
| HOFFMAN  | MANAGER             | 1982-03-24 | 4150 |
| ALEX     | MANAGER             | 1982-01-24 | 1250 |
| GITA     | Compliance officers | 1981-07-19 | 1750 |
| VRUSHALI | Compliance officers | 1981-07-19 | 1750 |
| SANGITA  | Compliance officers | 1981-07-19 | 1750 |
| SMITH    | CLERK               | 1980-12-17 |  800 |
| AARAV    | CLERK               | 1981-12-31 | 3350 |
| THOMAS   | CLERK               | 1981-07-19 | 1750 |
| ADAMS    | CLERK               | 1983-01-12 | 1100 |
| JAMES    | CLERK               | 1981-12-03 |  950 |
| MILLER   | CLERK               | 1982-01-23 | 1300 |
| NATASHA  | CLERK               | 1981-07-19 | 1750 |
| SCOTT    | ANALYST             | 1982-12-09 | 3000 |
| FORD     | ANALYST             | 1981-12-03 | 3000 |
| SUPRIYA  | ANALYST             | 1981-07-19 | 1750 |
+----------+---------------------+------------+------+
28 rows in set (0.00 sec)

mysql> SELECT  ename, comm from emp;
+----------+------+
| ename    | comm |
+----------+------+
| GITA     | NULL |
| VRUSHALI | NULL |
| SHARMIN  | NULL |
| BANDISH  | NULL |
| SMITH    | NULL |
| AARAV    | NULL |
| THOMAS   | NULL |
| ALLEN    |  300 |
| WARD     |  500 |
| JONES    | NULL |
| MARTIN   | 1400 |
| BLAKE    | NULL |
| CLARK    | NULL |
| SCOTT    | NULL |
| KING     | NULL |
| FRED     | NULL |
| TURNER   |    0 |
| ADAMS    | NULL |
| JAMES    | NULL |
| FORD     | NULL |
| HOFFMAN  | NULL |
| GRASS    | 2700 |
| MILLER   | NULL |
| AARUSH   | 2700 |
| ALEX     |  500 |
| NATASHA  | NULL |
| SANGITA  | NULL |
| SUPRIYA  | NULL |
+----------+------+
28 rows in set (0.00 sec)

mysql> SELECT  ename, comm from emp comm;
+----------+------+
| ename    | comm |
+----------+------+
| GITA     | NULL |
| VRUSHALI | NULL |
| SHARMIN  | NULL |
| BANDISH  | NULL |
| SMITH    | NULL |
| AARAV    | NULL |
| THOMAS   | NULL |
| ALLEN    |  300 |
| WARD     |  500 |
| JONES    | NULL |
| MARTIN   | 1400 |
| BLAKE    | NULL |
| CLARK    | NULL |
| SCOTT    | NULL |
| KING     | NULL |
| FRED     | NULL |
| TURNER   |    0 |
| ADAMS    | NULL |
| JAMES    | NULL |
| FORD     | NULL |
| HOFFMAN  | NULL |
| GRASS    | 2700 |
| MILLER   | NULL |
| AARUSH   | 2700 |
| ALEX     |  500 |
| NATASHA  | NULL |
| SANGITA  | NULL |
| SUPRIYA  | NULL |
+----------+------+
28 rows in set (0.00 sec)

mysql> SELECT  ename, comm from emp order by comm;
+----------+------+
| ename    | comm |
+----------+------+
| GITA     | NULL |
| VRUSHALI | NULL |
| SHARMIN  | NULL |
| BANDISH  | NULL |
| SMITH    | NULL |
| AARAV    | NULL |
| THOMAS   | NULL |
| JONES    | NULL |
| BLAKE    | NULL |
| CLARK    | NULL |
| SCOTT    | NULL |
| KING     | NULL |
| FRED     | NULL |
| ADAMS    | NULL |
| JAMES    | NULL |
| FORD     | NULL |
| HOFFMAN  | NULL |
| MILLER   | NULL |
| NATASHA  | NULL |
| SANGITA  | NULL |
| SUPRIYA  | NULL |
| TURNER   |    0 |
| ALLEN    |  300 |
| WARD     |  500 |
| ALEX     |  500 |
| MARTIN   | 1400 |
| GRASS    | 2700 |
| AARUSH   | 2700 |
+----------+------+
28 rows in set (0.00 sec)

mysql> SELECT  ename, comm from emp order by comm desc;
+----------+------+
| ename    | comm |
+----------+------+
| GRASS    | 2700 |
| AARUSH   | 2700 |
| MARTIN   | 1400 |
| WARD     |  500 |
| ALEX     |  500 |
| ALLEN    |  300 |
| TURNER   |    0 |
| GITA     | NULL |
| VRUSHALI | NULL |
| SHARMIN  | NULL |
| BANDISH  | NULL |
| SMITH    | NULL |
| AARAV    | NULL |
| THOMAS   | NULL |
| JONES    | NULL |
| BLAKE    | NULL |
| CLARK    | NULL |
| SCOTT    | NULL |
| KING     | NULL |
| FRED     | NULL |
| ADAMS    | NULL |
| JAMES    | NULL |
| FORD     | NULL |
| HOFFMAN  | NULL |
| MILLER   | NULL |
| NATASHA  | NULL |
| SANGITA  | NULL |
| SUPRIYA  | NULL |
+----------+------+
28 rows in set (0.00 sec)

mysql> SELECT  ename, comm from emp order by comm;
+----------+------+
| ename    | comm |
+----------+------+
| GITA     | NULL |
| VRUSHALI | NULL |
| SHARMIN  | NULL |
| BANDISH  | NULL |
| SMITH    | NULL |
| AARAV    | NULL |
| THOMAS   | NULL |
| JONES    | NULL |
| BLAKE    | NULL |
| CLARK    | NULL |
| SCOTT    | NULL |
| KING     | NULL |
| FRED     | NULL |
| ADAMS    | NULL |
| JAMES    | NULL |
| FORD     | NULL |
| HOFFMAN  | NULL |
| MILLER   | NULL |
| NATASHA  | NULL |
| SANGITA  | NULL |
| SUPRIYA  | NULL |
| TURNER   |    0 |
| ALLEN    |  300 |
| WARD     |  500 |
| ALEX     |  500 |
| MARTIN   | 1400 |
| GRASS    | 2700 |
| AARUSH   | 2700 |
+----------+------+
28 rows in set (0.00 sec)

mysql> select comm, isnull(comm) from emp;
+------+--------------+
| comm | isnull(comm) |
+------+--------------+
| NULL |            1 |
| NULL |            1 |
| NULL |            1 |
| NULL |            1 |
| NULL |            1 |
| NULL |            1 |
| NULL |            1 |
|  300 |            0 |
|  500 |            0 |
| NULL |            1 |
| 1400 |            0 |
| NULL |            1 |
| NULL |            1 |
| NULL |            1 |
| NULL |            1 |
| NULL |            1 |
|    0 |            0 |
| NULL |            1 |
| NULL |            1 |
| NULL |            1 |
| NULL |            1 |
| 2700 |            0 |
| NULL |            1 |
| 2700 |            0 |
|  500 |            0 |
| NULL |            1 |
| NULL |            1 |
| NULL |            1 |
+------+--------------+
28 rows in set (0.00 sec)

mysql> SELECT  ename, comm from emp order by comm;
+----------+------+
| ename    | comm |
+----------+------+
| GITA     | NULL |
| VRUSHALI | NULL |
| SHARMIN  | NULL |
| BANDISH  | NULL |
| SMITH    | NULL |
| AARAV    | NULL |
| THOMAS   | NULL |
| JONES    | NULL |
| BLAKE    | NULL |
| CLARK    | NULL |
| SCOTT    | NULL |
| KING     | NULL |
| FRED     | NULL |
| ADAMS    | NULL |
| JAMES    | NULL |
| FORD     | NULL |
| HOFFMAN  | NULL |
| MILLER   | NULL |
| NATASHA  | NULL |
| SANGITA  | NULL |
| SUPRIYA  | NULL |
| TURNER   |    0 |
| ALLEN    |  300 |
| WARD     |  500 |
| ALEX     |  500 |
| MARTIN   | 1400 |
| GRASS    | 2700 |
| AARUSH   | 2700 |
+----------+------+
28 rows in set (0.00 sec)

mysql> select ename, job from emp order by job, ename
    -> ;
+----------+---------------------+
| ename    | job                 |
+----------+---------------------+
| FORD     | ANALYST             |
| SCOTT    | ANALYST             |
| SUPRIYA  | ANALYST             |
| AARAV    | CLERK               |
| ADAMS    | CLERK               |
| JAMES    | CLERK               |
| MILLER   | CLERK               |
| NATASHA  | CLERK               |
| SMITH    | CLERK               |
| THOMAS   | CLERK               |
| GITA     | Compliance officers |
| SANGITA  | Compliance officers |
| VRUSHALI | Compliance officers |
| ALEX     | MANAGER             |
| BLAKE    | MANAGER             |
| CLARK    | MANAGER             |
| HOFFMAN  | MANAGER             |
| JONES    | MANAGER             |
| KING     | PRESIDENT           |
| BANDISH  | Public Relation     |
| SHARMIN  | Public Relation     |
| AARUSH   | SALESMAN            |
| ALLEN    | SALESMAN            |
| GRASS    | SALESMAN            |
| MARTIN   | SALESMAN            |
| TURNER   | SALESMAN            |
| WARD     | SALESMAN            |
| FRED     | vice PRESIDENT      |
+----------+---------------------+
28 rows in set (0.00 sec)

mysql> select ename, job from emp order by job, ename desc;
+----------+---------------------+
| ename    | job                 |
+----------+---------------------+
| SUPRIYA  | ANALYST             |
| SCOTT    | ANALYST             |
| FORD     | ANALYST             |
| THOMAS   | CLERK               |
| SMITH    | CLERK               |
| NATASHA  | CLERK               |
| MILLER   | CLERK               |
| JAMES    | CLERK               |
| ADAMS    | CLERK               |
| AARAV    | CLERK               |
| VRUSHALI | Compliance officers |
| SANGITA  | Compliance officers |
| GITA     | Compliance officers |
| JONES    | MANAGER             |
| HOFFMAN  | MANAGER             |
| CLARK    | MANAGER             |
| BLAKE    | MANAGER             |
| ALEX     | MANAGER             |
| KING     | PRESIDENT           |
| SHARMIN  | Public Relation     |
| BANDISH  | Public Relation     |
| WARD     | SALESMAN            |
| TURNER   | SALESMAN            |
| MARTIN   | SALESMAN            |
| GRASS    | SALESMAN            |
| ALLEN    | SALESMAN            |
| AARUSH   | SALESMAN            |
| FRED     | vice PRESIDENT      |
+----------+---------------------+
28 rows in set (0.00 sec)

mysql> select ename, job from emp order by job desc, ename asc;
+----------+---------------------+
| ename    | job                 |
+----------+---------------------+
| FRED     | vice PRESIDENT      |
| AARUSH   | SALESMAN            |
| ALLEN    | SALESMAN            |
| GRASS    | SALESMAN            |
| MARTIN   | SALESMAN            |
| TURNER   | SALESMAN            |
| WARD     | SALESMAN            |
| BANDISH  | Public Relation     |
| SHARMIN  | Public Relation     |
| KING     | PRESIDENT           |
| ALEX     | MANAGER             |
| BLAKE    | MANAGER             |
| CLARK    | MANAGER             |
| HOFFMAN  | MANAGER             |
| JONES    | MANAGER             |
| GITA     | Compliance officers |
| SANGITA  | Compliance officers |
| VRUSHALI | Compliance officers |
| AARAV    | CLERK               |
| ADAMS    | CLERK               |
| JAMES    | CLERK               |
| MILLER   | CLERK               |
| NATASHA  | CLERK               |
| SMITH    | CLERK               |
| THOMAS   | CLERK               |
| FORD     | ANALYST             |
| SCOTT    | ANALYST             |
| SUPRIYA  | ANALYST             |
+----------+---------------------+
28 rows in set (0.00 sec)

mysql> select ename, job from emp order by job desc, ename desc;
+----------+---------------------+
| ename    | job                 |
+----------+---------------------+
| FRED     | vice PRESIDENT      |
| WARD     | SALESMAN            |
| TURNER   | SALESMAN            |
| MARTIN   | SALESMAN            |
| GRASS    | SALESMAN            |
| ALLEN    | SALESMAN            |
| AARUSH   | SALESMAN            |
| SHARMIN  | Public Relation     |
| BANDISH  | Public Relation     |
| KING     | PRESIDENT           |
| JONES    | MANAGER             |
| HOFFMAN  | MANAGER             |
| CLARK    | MANAGER             |
| BLAKE    | MANAGER             |
| ALEX     | MANAGER             |
| VRUSHALI | Compliance officers |
| SANGITA  | Compliance officers |
| GITA     | Compliance officers |
| THOMAS   | CLERK               |
| SMITH    | CLERK               |
| NATASHA  | CLERK               |
| MILLER   | CLERK               |
| JAMES    | CLERK               |
| ADAMS    | CLERK               |
| AARAV    | CLERK               |
| SUPRIYA  | ANALYST             |
| SCOTT    | ANALYST             |
| FORD     | ANALYST             |
+----------+---------------------+
28 rows in set (0.00 sec)

mysql> select ename, job from emp order by 1;
+----------+---------------------+
| ename    | job                 |
+----------+---------------------+
| AARAV    | CLERK               |
| AARUSH   | SALESMAN            |
| ADAMS    | CLERK               |
| ALEX     | MANAGER             |
| ALLEN    | SALESMAN            |
| BANDISH  | Public Relation     |
| BLAKE    | MANAGER             |
| CLARK    | MANAGER             |
| FORD     | ANALYST             |
| FRED     | vice PRESIDENT      |
| GITA     | Compliance officers |
| GRASS    | SALESMAN            |
| HOFFMAN  | MANAGER             |
| JAMES    | CLERK               |
| JONES    | MANAGER             |
| KING     | PRESIDENT           |
| MARTIN   | SALESMAN            |
| MILLER   | CLERK               |
| NATASHA  | CLERK               |
| SANGITA  | Compliance officers |
| SCOTT    | ANALYST             |
| SHARMIN  | Public Relation     |
| SMITH    | CLERK               |
| SUPRIYA  | ANALYST             |
| THOMAS   | CLERK               |
| TURNER   | SALESMAN            |
| VRUSHALI | Compliance officers |
| WARD     | SALESMAN            |
+----------+---------------------+
28 rows in set (0.00 sec)

mysql> select ename, job from emp order by 2;
+----------+---------------------+
| ename    | job                 |
+----------+---------------------+
| SCOTT    | ANALYST             |
| FORD     | ANALYST             |
| SUPRIYA  | ANALYST             |
| SMITH    | CLERK               |
| AARAV    | CLERK               |
| THOMAS   | CLERK               |
| ADAMS    | CLERK               |
| JAMES    | CLERK               |
| MILLER   | CLERK               |
| NATASHA  | CLERK               |
| GITA     | Compliance officers |
| VRUSHALI | Compliance officers |
| SANGITA  | Compliance officers |
| JONES    | MANAGER             |
| BLAKE    | MANAGER             |
| CLARK    | MANAGER             |
| HOFFMAN  | MANAGER             |
| ALEX     | MANAGER             |
| KING     | PRESIDENT           |
| SHARMIN  | Public Relation     |
| BANDISH  | Public Relation     |
| ALLEN    | SALESMAN            |
| WARD     | SALESMAN            |
| MARTIN   | SALESMAN            |
| TURNER   | SALESMAN            |
| GRASS    | SALESMAN            |
| AARUSH   | SALESMAN            |
| FRED     | vice PRESIDENT      |
+----------+---------------------+
28 rows in set (0.00 sec)

mysql> select * from dept;
+--------+------------+----------+------------+------------+
| DEPTNO | DNAME      | LOC      | PWD        | STARTEDON  |
+--------+------------+----------+------------+------------+
|     10 | ACCOUNTING | NEW YORK | r50mpm     | 24/03/1989 |
|     20 | RESEARCH   | DALLAS   | a12recmpm  | 12/04/1989 |
|     30 | SALES      | CHICAGO  | sales@2017 | 13/04/1989 |
|     40 | OPERATIONS | BOSTON   | opr@123    | 12/07/1989 |
|     50 | HR         | PUNE     | PUN@8877   | 22/12/1989 |
+--------+------------+----------+------------+------------+
5 rows in set (0.00 sec)

mysql> select * from dept order by 3;
+--------+------------+----------+------------+------------+
| DEPTNO | DNAME      | LOC      | PWD        | STARTEDON  |
+--------+------------+----------+------------+------------+
|     40 | OPERATIONS | BOSTON   | opr@123    | 12/07/1989 |
|     30 | SALES      | CHICAGO  | sales@2017 | 13/04/1989 |
|     20 | RESEARCH   | DALLAS   | a12recmpm  | 12/04/1989 |
|     10 | ACCOUNTING | NEW YORK | r50mpm     | 24/03/1989 |
|     50 | HR         | PUNE     | PUN@8877   | 22/12/1989 |
+--------+------------+----------+------------+------------+
5 rows in set (0.00 sec)

mysql> select * from dept order by 2;
+--------+------------+----------+------------+------------+
| DEPTNO | DNAME      | LOC      | PWD        | STARTEDON  |
+--------+------------+----------+------------+------------+
|     10 | ACCOUNTING | NEW YORK | r50mpm     | 24/03/1989 |
|     50 | HR         | PUNE     | PUN@8877   | 22/12/1989 |
|     40 | OPERATIONS | BOSTON   | opr@123    | 12/07/1989 |
|     20 | RESEARCH   | DALLAS   | a12recmpm  | 12/04/1989 |
|     30 | SALES      | CHICAGO  | sales@2017 | 13/04/1989 |
+--------+------------+----------+------------+------------+
5 rows in set (0.00 sec)

mysql> select * from dept;
+--------+------------+----------+------------+------------+
| DEPTNO | DNAME      | LOC      | PWD        | STARTEDON  |
+--------+------------+----------+------------+------------+
|     10 | ACCOUNTING | NEW YORK | r50mpm     | 24/03/1989 |
|     20 | RESEARCH   | DALLAS   | a12recmpm  | 12/04/1989 |
|     30 | SALES      | CHICAGO  | sales@2017 | 13/04/1989 |
|     40 | OPERATIONS | BOSTON   | opr@123    | 12/07/1989 |
|     50 | HR         | PUNE     | PUN@8877   | 22/12/1989 |
+--------+------------+----------+------------+------------+
5 rows in set (0.00 sec)

mysql> select * from dept order by 20;
ERROR 1054 (42S22): Unknown column '20' in 'order clause'
mysql> select ename from emp;
+----------+
| ename    |
+----------+
| GITA     |
| VRUSHALI |
| SHARMIN  |
| BANDISH  |
| SMITH    |
| AARAV    |
| THOMAS   |
| ALLEN    |
| WARD     |
| JONES    |
| MARTIN   |
| BLAKE    |
| CLARK    |
| SCOTT    |
| KING     |
| FRED     |
| TURNER   |
| ADAMS    |
| JAMES    |
| FORD     |
| HOFFMAN  |
| GRASS    |
| MILLER   |
| AARUSH   |
| ALEX     |
| NATASHA  |
| SANGITA  |
| SUPRIYA  |
+----------+
28 rows in set (0.00 sec)

mysql> select ename from emp order by job;
+----------+
| ename    |
+----------+
| SCOTT    |
| FORD     |
| SUPRIYA  |
| SMITH    |
| AARAV    |
| THOMAS   |
| ADAMS    |
| JAMES    |
| MILLER   |
| NATASHA  |
| GITA     |
| VRUSHALI |
| SANGITA  |
| JONES    |
| BLAKE    |
| CLARK    |
| HOFFMAN  |
| ALEX     |
| KING     |
| SHARMIN  |
| BANDISH  |
| ALLEN    |
| WARD     |
| MARTIN   |
| TURNER   |
| GRASS    |
| AARUSH   |
| FRED     |
+----------+
28 rows in set (0.00 sec)

mysql> select ename from emp order by 3;
ERROR 1054 (42S22): Unknown column '3' in 'order clause'
mysql> select ename from emp order by sal;
+----------+
| ename    |
+----------+
| SMITH    |
| JAMES    |
| ADAMS    |
| WARD     |
| MARTIN   |
| ALEX     |
| MILLER   |
| AARUSH   |
| TURNER   |
| ALLEN    |
| GITA     |
| VRUSHALI |
| SHARMIN  |
| BANDISH  |
| THOMAS   |
| NATASHA  |
| SANGITA  |
| SUPRIYA  |
| CLARK    |
| GRASS    |
| BLAKE    |
| JONES    |
| SCOTT    |
| FORD     |
| AARAV    |
| HOFFMAN  |
| KING     |
| FRED     |
+----------+
28 rows in set (0.00 sec)

mysql> select ename,sal from emp order by sal;
+----------+------+
| ename    | sal  |
+----------+------+
| SMITH    |  800 |
| JAMES    |  950 |
| ADAMS    | 1100 |
| WARD     | 1250 |
| MARTIN   | 1250 |
| ALEX     | 1250 |
| MILLER   | 1300 |
| AARUSH   | 1350 |
| TURNER   | 1500 |
| ALLEN    | 1600 |
| GITA     | 1750 |
| VRUSHALI | 1750 |
| SHARMIN  | 1750 |
| BANDISH  | 1750 |
| THOMAS   | 1750 |
| NATASHA  | 1750 |
| SANGITA  | 1750 |
| SUPRIYA  | 1750 |
| CLARK    | 2450 |
| GRASS    | 2575 |
| BLAKE    | 2850 |
| JONES    | 2975 |
| SCOTT    | 3000 |
| FORD     | 3000 |
| AARAV    | 3350 |
| HOFFMAN  | 4150 |
| KING     | 5000 |
| FRED     | 5000 |
+----------+------+
28 rows in set (0.00 sec)

mysql> select ename,sal, sal + 1000 R1 from emp order by R1;
+----------+------+------+
| ename    | sal  | R1   |
+----------+------+------+
| SMITH    |  800 | 1800 |
| JAMES    |  950 | 1950 |
| ADAMS    | 1100 | 2100 |
| WARD     | 1250 | 2250 |
| MARTIN   | 1250 | 2250 |
| ALEX     | 1250 | 2250 |
| MILLER   | 1300 | 2300 |
| AARUSH   | 1350 | 2350 |
| TURNER   | 1500 | 2500 |
| ALLEN    | 1600 | 2600 |
| GITA     | 1750 | 2750 |
| VRUSHALI | 1750 | 2750 |
| SHARMIN  | 1750 | 2750 |
| BANDISH  | 1750 | 2750 |
| THOMAS   | 1750 | 2750 |
| NATASHA  | 1750 | 2750 |
| SANGITA  | 1750 | 2750 |
| SUPRIYA  | 1750 | 2750 |
| CLARK    | 2450 | 3450 |
| GRASS    | 2575 | 3575 |
| BLAKE    | 2850 | 3850 |
| JONES    | 2975 | 3975 |
| SCOTT    | 3000 | 4000 |
| FORD     | 3000 | 4000 |
| AARAV    | 3350 | 4350 |
| HOFFMAN  | 4150 | 5150 |
| KING     | 5000 | 6000 |
| FRED     | 5000 | 6000 |
+----------+------+------+
28 rows in set (0.00 sec)

mysql> select ename,sal, sal + 1000 R1 from emp order by sal + 1000;
+----------+------+------+
| ename    | sal  | R1   |
+----------+------+------+
| SMITH    |  800 | 1800 |
| JAMES    |  950 | 1950 |
| ADAMS    | 1100 | 2100 |
| WARD     | 1250 | 2250 |
| MARTIN   | 1250 | 2250 |
| ALEX     | 1250 | 2250 |
| MILLER   | 1300 | 2300 |
| AARUSH   | 1350 | 2350 |
| TURNER   | 1500 | 2500 |
| ALLEN    | 1600 | 2600 |
| GITA     | 1750 | 2750 |
| VRUSHALI | 1750 | 2750 |
| SHARMIN  | 1750 | 2750 |
| BANDISH  | 1750 | 2750 |
| THOMAS   | 1750 | 2750 |
| NATASHA  | 1750 | 2750 |
| SANGITA  | 1750 | 2750 |
| SUPRIYA  | 1750 | 2750 |
| CLARK    | 2450 | 3450 |
| GRASS    | 2575 | 3575 |
| BLAKE    | 2850 | 3850 |
| JONES    | 2975 | 3975 |
| SCOTT    | 3000 | 4000 |
| FORD     | 3000 | 4000 |
| AARAV    | 3350 | 4350 |
| HOFFMAN  | 4150 | 5150 |
| KING     | 5000 | 6000 |
| FRED     | 5000 | 6000 |
+----------+------+------+
28 rows in set (0.00 sec)

mysql> select ename,comm from emp order by comm;
+----------+------+
| ename    | comm |
+----------+------+
| GITA     | NULL |
| VRUSHALI | NULL |
| SHARMIN  | NULL |
| BANDISH  | NULL |
| SMITH    | NULL |
| AARAV    | NULL |
| THOMAS   | NULL |
| JONES    | NULL |
| BLAKE    | NULL |
| CLARK    | NULL |
| SCOTT    | NULL |
| KING     | NULL |
| FRED     | NULL |
| ADAMS    | NULL |
| JAMES    | NULL |
| FORD     | NULL |
| HOFFMAN  | NULL |
| MILLER   | NULL |
| NATASHA  | NULL |
| SANGITA  | NULL |
| SUPRIYA  | NULL |
| TURNER   |    0 |
| ALLEN    |  300 |
| WARD     |  500 |
| ALEX     |  500 |
| MARTIN   | 1400 |
| GRASS    | 2700 |
| AARUSH   | 2700 |
+----------+------+
28 rows in set (0.00 sec)

mysql> select ename,comm from emp order by isnull(comm), comm;
+----------+------+
| ename    | comm |
+----------+------+
| TURNER   |    0 |
| ALLEN    |  300 |
| WARD     |  500 |
| ALEX     |  500 |
| MARTIN   | 1400 |
| GRASS    | 2700 |
| AARUSH   | 2700 |
| GITA     | NULL |
| VRUSHALI | NULL |
| SHARMIN  | NULL |
| BANDISH  | NULL |
| SMITH    | NULL |
| AARAV    | NULL |
| THOMAS   | NULL |
| JONES    | NULL |
| BLAKE    | NULL |
| CLARK    | NULL |
| SCOTT    | NULL |
| KING     | NULL |
| FRED     | NULL |
| ADAMS    | NULL |
| JAMES    | NULL |
| FORD     | NULL |
| HOFFMAN  | NULL |
| MILLER   | NULL |
| NATASHA  | NULL |
| SANGITA  | NULL |
| SUPRIYA  | NULL |
+----------+------+
28 rows in set (0.00 sec)

mysql> select ename,comm,isnull(comm) from emp order by isnull(comm), comm;
+----------+------+--------------+
| ename    | comm | isnull(comm) |
+----------+------+--------------+
| TURNER   |    0 |            0 |
| ALLEN    |  300 |            0 |
| WARD     |  500 |            0 |
| ALEX     |  500 |            0 |
| MARTIN   | 1400 |            0 |
| GRASS    | 2700 |            0 |
| AARUSH   | 2700 |            0 |
| GITA     | NULL |            1 |
| VRUSHALI | NULL |            1 |
| SHARMIN  | NULL |            1 |
| BANDISH  | NULL |            1 |
| SMITH    | NULL |            1 |
| AARAV    | NULL |            1 |
| THOMAS   | NULL |            1 |
| JONES    | NULL |            1 |
| BLAKE    | NULL |            1 |
| CLARK    | NULL |            1 |
| SCOTT    | NULL |            1 |
| KING     | NULL |            1 |
| FRED     | NULL |            1 |
| ADAMS    | NULL |            1 |
| JAMES    | NULL |            1 |
| FORD     | NULL |            1 |
| HOFFMAN  | NULL |            1 |
| MILLER   | NULL |            1 |
| NATASHA  | NULL |            1 |
| SANGITA  | NULL |            1 |
| SUPRIYA  | NULL |            1 |
+----------+------+--------------+
28 rows in set (0.00 sec)

mysql> select ename, job, hiredate, sal, comm from emp;
+----------+---------------------+------------+------+------+
| ename    | job                 | hiredate   | sal  | comm |
+----------+---------------------+------------+------+------+
| GITA     | Compliance officers | 1981-07-19 | 1750 | NULL |
| VRUSHALI | Compliance officers | 1981-07-19 | 1750 | NULL |
| SHARMIN  | Public Relation     | 1981-07-19 | 1750 | NULL |
| BANDISH  | Public Relation     | 1981-07-19 | 1750 | NULL |
| SMITH    | CLERK               | 1980-12-17 |  800 | NULL |
| AARAV    | CLERK               | 1981-12-31 | 3350 | NULL |
| THOMAS   | CLERK               | 1981-07-19 | 1750 | NULL |
| ALLEN    | SALESMAN            | 1981-02-20 | 1600 |  300 |
| WARD     | SALESMAN            | 1981-02-22 | 1250 |  500 |
| JONES    | MANAGER             | 1981-04-02 | 2975 | NULL |
| MARTIN   | SALESMAN            | 1981-09-28 | 1250 | 1400 |
| BLAKE    | MANAGER             | 1981-05-01 | 2850 | NULL |
| CLARK    | MANAGER             | 1981-06-09 | 2450 | NULL |
| SCOTT    | ANALYST             | 1982-12-09 | 3000 | NULL |
| KING     | PRESIDENT           | 1981-11-17 | 5000 | NULL |
| FRED     | vice PRESIDENT      | 1983-08-09 | 5000 | NULL |
| TURNER   | SALESMAN            | 1981-09-08 | 1500 |    0 |
| ADAMS    | CLERK               | 1983-01-12 | 1100 | NULL |
| JAMES    | CLERK               | 1981-12-03 |  950 | NULL |
| FORD     | ANALYST             | 1981-12-03 | 3000 | NULL |
| HOFFMAN  | MANAGER             | 1982-03-24 | 4150 | NULL |
| GRASS    | SALESMAN            | 1980-02-14 | 2575 | 2700 |
| MILLER   | CLERK               | 1982-01-23 | 1300 | NULL |
| AARUSH   | SALESMAN            | 1980-02-14 | 1350 | 2700 |
| ALEX     | MANAGER             | 1982-01-24 | 1250 |  500 |
| NATASHA  | CLERK               | 1981-07-19 | 1750 | NULL |
| SANGITA  | Compliance officers | 1981-07-19 | 1750 | NULL |
| SUPRIYA  | ANALYST             | 1981-07-19 | 1750 | NULL |
+----------+---------------------+------------+------+------+
28 rows in set (0.00 sec)

mysql> select ename, job, hiredate, sal, comm from emp order by rand();
+----------+---------------------+------------+------+------+
| ename    | job                 | hiredate   | sal  | comm |
+----------+---------------------+------------+------+------+
| VRUSHALI | Compliance officers | 1981-07-19 | 1750 | NULL |
| CLARK    | MANAGER             | 1981-06-09 | 2450 | NULL |
| SCOTT    | ANALYST             | 1982-12-09 | 3000 | NULL |
| TURNER   | SALESMAN            | 1981-09-08 | 1500 |    0 |
| ALLEN    | SALESMAN            | 1981-02-20 | 1600 |  300 |
| SMITH    | CLERK               | 1980-12-17 |  800 | NULL |
| JAMES    | CLERK               | 1981-12-03 |  950 | NULL |
| GITA     | Compliance officers | 1981-07-19 | 1750 | NULL |
| BANDISH  | Public Relation     | 1981-07-19 | 1750 | NULL |
| ADAMS    | CLERK               | 1983-01-12 | 1100 | NULL |
| NATASHA  | CLERK               | 1981-07-19 | 1750 | NULL |
| SUPRIYA  | ANALYST             | 1981-07-19 | 1750 | NULL |
| MARTIN   | SALESMAN            | 1981-09-28 | 1250 | 1400 |
| KING     | PRESIDENT           | 1981-11-17 | 5000 | NULL |
| HOFFMAN  | MANAGER             | 1982-03-24 | 4150 | NULL |
| BLAKE    | MANAGER             | 1981-05-01 | 2850 | NULL |
| FRED     | vice PRESIDENT      | 1983-08-09 | 5000 | NULL |
| SHARMIN  | Public Relation     | 1981-07-19 | 1750 | NULL |
| SANGITA  | Compliance officers | 1981-07-19 | 1750 | NULL |
| MILLER   | CLERK               | 1982-01-23 | 1300 | NULL |
| JONES    | MANAGER             | 1981-04-02 | 2975 | NULL |
| WARD     | SALESMAN            | 1981-02-22 | 1250 |  500 |
| AARUSH   | SALESMAN            | 1980-02-14 | 1350 | 2700 |
| AARAV    | CLERK               | 1981-12-31 | 3350 | NULL |
| THOMAS   | CLERK               | 1981-07-19 | 1750 | NULL |
| ALEX     | MANAGER             | 1982-01-24 | 1250 |  500 |
| GRASS    | SALESMAN            | 1980-02-14 | 2575 | 2700 |
| FORD     | ANALYST             | 1981-12-03 | 3000 | NULL |
+----------+---------------------+------------+------+------+
28 rows in set (0.00 sec)

mysql> select ename, job, hiredate, sal, comm from emp order by rand();
+----------+---------------------+------------+------+------+
| ename    | job                 | hiredate   | sal  | comm |
+----------+---------------------+------------+------+------+
| SANGITA  | Compliance officers | 1981-07-19 | 1750 | NULL |
| AARAV    | CLERK               | 1981-12-31 | 3350 | NULL |
| NATASHA  | CLERK               | 1981-07-19 | 1750 | NULL |
| SUPRIYA  | ANALYST             | 1981-07-19 | 1750 | NULL |
| FRED     | vice PRESIDENT      | 1983-08-09 | 5000 | NULL |
| THOMAS   | CLERK               | 1981-07-19 | 1750 | NULL |
| JONES    | MANAGER             | 1981-04-02 | 2975 | NULL |
| MILLER   | CLERK               | 1982-01-23 | 1300 | NULL |
| HOFFMAN  | MANAGER             | 1982-03-24 | 4150 | NULL |
| TURNER   | SALESMAN            | 1981-09-08 | 1500 |    0 |
| WARD     | SALESMAN            | 1981-02-22 | 1250 |  500 |
| JAMES    | CLERK               | 1981-12-03 |  950 | NULL |
| SCOTT    | ANALYST             | 1982-12-09 | 3000 | NULL |
| ALLEN    | SALESMAN            | 1981-02-20 | 1600 |  300 |
| CLARK    | MANAGER             | 1981-06-09 | 2450 | NULL |
| KING     | PRESIDENT           | 1981-11-17 | 5000 | NULL |
| ALEX     | MANAGER             | 1982-01-24 | 1250 |  500 |
| BLAKE    | MANAGER             | 1981-05-01 | 2850 | NULL |
| SHARMIN  | Public Relation     | 1981-07-19 | 1750 | NULL |
| VRUSHALI | Compliance officers | 1981-07-19 | 1750 | NULL |
| SMITH    | CLERK               | 1980-12-17 |  800 | NULL |
| GITA     | Compliance officers | 1981-07-19 | 1750 | NULL |
| ADAMS    | CLERK               | 1983-01-12 | 1100 | NULL |
| BANDISH  | Public Relation     | 1981-07-19 | 1750 | NULL |
| GRASS    | SALESMAN            | 1980-02-14 | 2575 | 2700 |
| MARTIN   | SALESMAN            | 1981-09-28 | 1250 | 1400 |
| AARUSH   | SALESMAN            | 1980-02-14 | 1350 | 2700 |
| FORD     | ANALYST             | 1981-12-03 | 3000 | NULL |
+----------+---------------------+------------+------+------+
28 rows in set (0.00 sec)

mysql> select rand() R1, ename, job, hiredate, sal, comm from emp
    -> ;
+-----------------------+----------+---------------------+------------+------+------+
| R1                    | ename    | job                 | hiredate   | sal  | comm |
+-----------------------+----------+---------------------+------------+------+------+
|   0.13614879654361756 | GITA     | Compliance officers | 1981-07-19 | 1750 | NULL |
|    0.5349811860685992 | VRUSHALI | Compliance officers | 1981-07-19 | 1750 | NULL |
|    0.2664595714457888 | SHARMIN  | Public Relation     | 1981-07-19 | 1750 | NULL |
|     0.727354329756791 | BANDISH  | Public Relation     | 1981-07-19 | 1750 | NULL |
|     0.837392965180234 | SMITH    | CLERK               | 1980-12-17 |  800 | NULL |
|  0.004901867364441852 | AARAV    | CLERK               | 1981-12-31 | 3350 | NULL |
|    0.5123304720151521 | THOMAS   | CLERK               | 1981-07-19 | 1750 | NULL |
|    0.5469467887160804 | ALLEN    | SALESMAN            | 1981-02-20 | 1600 |  300 |
|    0.1977425582685904 | WARD     | SALESMAN            | 1981-02-22 | 1250 |  500 |
|   0.34787245592835586 | JONES    | MANAGER             | 1981-04-02 | 2975 | NULL |
|   0.14613463556965314 | MARTIN   | SALESMAN            | 1981-09-28 | 1250 | 1400 |
|     0.687055840796843 | BLAKE    | MANAGER             | 1981-05-01 | 2850 | NULL |
|    0.9968753280089007 | CLARK    | MANAGER             | 1981-06-09 | 2450 | NULL |
|    0.9232091483876195 | SCOTT    | ANALYST             | 1982-12-09 | 3000 | NULL |
|      0.62541978864504 | KING     | PRESIDENT           | 1981-11-17 | 5000 | NULL |
|    0.3574715287959869 | FRED     | vice PRESIDENT      | 1983-08-09 | 5000 | NULL |
|    0.9110983087784595 | TURNER   | SALESMAN            | 1981-09-08 | 1500 |    0 |
|    0.4830769882379817 | ADAMS    | CLERK               | 1983-01-12 | 1100 | NULL |
|    0.6820900455881749 | JAMES    | CLERK               | 1981-12-03 |  950 | NULL |
|    0.9612192939605744 | FORD     | ANALYST             | 1981-12-03 | 3000 | NULL |
|    0.7598263637719922 | HOFFMAN  | MANAGER             | 1982-03-24 | 4150 | NULL |
|    0.9154739677118826 | GRASS    | SALESMAN            | 1980-02-14 | 2575 | 2700 |
|   0.29789077797708174 | MILLER   | CLERK               | 1982-01-23 | 1300 | NULL |
|    0.7430320174834057 | AARUSH   | SALESMAN            | 1980-02-14 | 1350 | 2700 |
|    0.8214877842194287 | ALEX     | MANAGER             | 1982-01-24 | 1250 |  500 |
|    0.8783428993805711 | NATASHA  | CLERK               | 1981-07-19 | 1750 | NULL |
|    0.9272511749782145 | SANGITA  | Compliance officers | 1981-07-19 | 1750 | NULL |
| 0.0012272074830040405 | SUPRIYA  | ANALYST             | 1981-07-19 | 1750 | NULL |
+-----------------------+----------+---------------------+------------+------+------+
28 rows in set (0.00 sec)

mysql> select rand() R1, ename, job, hiredate, sal, comm from emp R1;
+----------------------+----------+---------------------+------------+------+------+
| R1                   | ename    | job                 | hiredate   | sal  | comm |
+----------------------+----------+---------------------+------------+------+------+
|  0.22438254321402176 | GITA     | Compliance officers | 1981-07-19 | 1750 | NULL |
|  0.11823112435474165 | VRUSHALI | Compliance officers | 1981-07-19 | 1750 | NULL |
|   0.9180080228652879 | SHARMIN  | Public Relation     | 1981-07-19 | 1750 | NULL |
|  0.23534677199585993 | BANDISH  | Public Relation     | 1981-07-19 | 1750 | NULL |
|  0.42270982211708075 | SMITH    | CLERK               | 1980-12-17 |  800 | NULL |
|   0.4075088253314689 | AARAV    | CLERK               | 1981-12-31 | 3350 | NULL |
|   0.7694146910397472 | THOMAS   | CLERK               | 1981-07-19 | 1750 | NULL |
|   0.6245470099379746 | ALLEN    | SALESMAN            | 1981-02-20 | 1600 |  300 |
|   0.8144910073042764 | WARD     | SALESMAN            | 1981-02-22 | 1250 |  500 |
|  0.19881403744110282 | JONES    | MANAGER             | 1981-04-02 | 2975 | NULL |
|   0.5505971960263301 | MARTIN   | SALESMAN            | 1981-09-28 | 1250 | 1400 |
|  0.15654389854198686 | BLAKE    | MANAGER             | 1981-05-01 | 2850 | NULL |
|  0.13092793536458905 | CLARK    | MANAGER             | 1981-06-09 | 2450 | NULL |
|  0.18500801193062963 | SCOTT    | ANALYST             | 1982-12-09 | 3000 | NULL |
|    0.532256284293026 | KING     | PRESIDENT           | 1981-11-17 | 5000 | NULL |
|  0.10625741640688612 | FRED     | vice PRESIDENT      | 1983-08-09 | 5000 | NULL |
|   0.9345182598889975 | TURNER   | SALESMAN            | 1981-09-08 | 1500 |    0 |
|   0.3538190809579744 | ADAMS    | CLERK               | 1983-01-12 | 1100 | NULL |
|   0.9655406558565243 | JAMES    | CLERK               | 1981-12-03 |  950 | NULL |
|   0.7662460671423432 | FORD     | ANALYST             | 1981-12-03 | 3000 | NULL |
|   0.9346083988757882 | HOFFMAN  | MANAGER             | 1982-03-24 | 4150 | NULL |
|   0.3743038236855565 | GRASS    | SALESMAN            | 1980-02-14 | 2575 | 2700 |
|  0.06769395253406274 | MILLER   | CLERK               | 1982-01-23 | 1300 | NULL |
|  0.21555832234728925 | AARUSH   | SALESMAN            | 1980-02-14 | 1350 | 2700 |
|    0.874709784867903 | ALEX     | MANAGER             | 1982-01-24 | 1250 |  500 |
|   0.7268739880312923 | NATASHA  | CLERK               | 1981-07-19 | 1750 | NULL |
| 0.010240616286397554 | SANGITA  | Compliance officers | 1981-07-19 | 1750 | NULL |
|   0.8705811480717558 | SUPRIYA  | ANALYST             | 1981-07-19 | 1750 | NULL |
+----------------------+----------+---------------------+------------+------+------+
28 rows in set (0.00 sec)

mysql> select rand() R1, ename, job, hiredate, sal, comm from emp R1;
+----------------------+----------+---------------------+------------+------+------+
| R1                   | ename    | job                 | hiredate   | sal  | comm |
+----------------------+----------+---------------------+------------+------+------+
|   0.3221839222332313 | GITA     | Compliance officers | 1981-07-19 | 1750 | NULL |
|    0.999176197684534 | VRUSHALI | Compliance officers | 1981-07-19 | 1750 | NULL |
|   0.0293292524566215 | SHARMIN  | Public Relation     | 1981-07-19 | 1750 | NULL |
|  0.14911769996315027 | BANDISH  | Public Relation     | 1981-07-19 | 1750 | NULL |
|   0.6576007731795318 | SMITH    | CLERK               | 1980-12-17 |  800 | NULL |
|   0.8406507967418533 | AARAV    | CLERK               | 1981-12-31 | 3350 | NULL |
|  0.23045169490431594 | THOMAS   | CLERK               | 1981-07-19 | 1750 | NULL |
|   0.6303061150296648 | ALLEN    | SALESMAN            | 1981-02-20 | 1600 |  300 |
|   0.4601755211690213 | WARD     | SALESMAN            | 1981-02-22 | 1250 |  500 |
|  0.40995929148975696 | JONES    | MANAGER             | 1981-04-02 | 2975 | NULL |
|   0.6692699246753658 | MARTIN   | SALESMAN            | 1981-09-28 | 1250 | 1400 |
|  0.11647177964120338 | BLAKE    | MANAGER             | 1981-05-01 | 2850 | NULL |
|   0.5745491549135644 | CLARK    | MANAGER             | 1981-06-09 | 2450 | NULL |
|   0.5233304663778566 | SCOTT    | ANALYST             | 1982-12-09 | 3000 | NULL |
|   0.8930048978822351 | KING     | PRESIDENT           | 1981-11-17 | 5000 | NULL |
|   0.8950331210112508 | FRED     | vice PRESIDENT      | 1983-08-09 | 5000 | NULL |
|   0.7961509421431934 | TURNER   | SALESMAN            | 1981-09-08 | 1500 |    0 |
|  0.29565537841585965 | ADAMS    | CLERK               | 1983-01-12 | 1100 | NULL |
|   0.0898240963833631 | JAMES    | CLERK               | 1981-12-03 |  950 | NULL |
|   0.5621543774028815 | FORD     | ANALYST             | 1981-12-03 | 3000 | NULL |
|   0.5412996285979632 | HOFFMAN  | MANAGER             | 1982-03-24 | 4150 | NULL |
| 0.020035041514816734 | GRASS    | SALESMAN            | 1980-02-14 | 2575 | 2700 |
|   0.4762763525138389 | MILLER   | CLERK               | 1982-01-23 | 1300 | NULL |
|  0.32127666875838923 | AARUSH   | SALESMAN            | 1980-02-14 | 1350 | 2700 |
|  0.17755431698407448 | ALEX     | MANAGER             | 1982-01-24 | 1250 |  500 |
|   0.9239416093788497 | NATASHA  | CLERK               | 1981-07-19 | 1750 | NULL |
|  0.08704512667567016 | SANGITA  | Compliance officers | 1981-07-19 | 1750 | NULL |
|   0.6634008359754466 | SUPRIYA  | ANALYST             | 1981-07-19 | 1750 | NULL |
+----------------------+----------+---------------------+------------+------+------+
28 rows in set (0.00 sec)

mysql> select rand() R1, ename, job, hiredate, sal, comm from emp R1;
+----------------------+----------+---------------------+------------+------+------+
| R1                   | ename    | job                 | hiredate   | sal  | comm |
+----------------------+----------+---------------------+------------+------+------+
|  0.05586883058386746 | GITA     | Compliance officers | 1981-07-19 | 1750 | NULL |
|   0.2891416757266425 | VRUSHALI | Compliance officers | 1981-07-19 | 1750 | NULL |
|  0.27810191761525527 | SHARMIN  | Public Relation     | 1981-07-19 | 1750 | NULL |
|   0.5230845916299938 | BANDISH  | Public Relation     | 1981-07-19 | 1750 | NULL |
|   0.7811172360378478 | SMITH    | CLERK               | 1980-12-17 |  800 | NULL |
|  0.33633243603290286 | AARAV    | CLERK               | 1981-12-31 | 3350 | NULL |
|  0.33831050278461583 | THOMAS   | CLERK               | 1981-07-19 | 1750 | NULL |
|   0.6825552365580156 | ALLEN    | SALESMAN            | 1981-02-20 | 1600 |  300 |
|  0.39784470516987586 | WARD     | SALESMAN            | 1981-02-22 | 1250 |  500 |
|   0.9415578469089771 | JONES    | MANAGER             | 1981-04-02 | 2975 | NULL |
|   0.5142551497689031 | MARTIN   | SALESMAN            | 1981-09-28 | 1250 | 1400 |
|    0.746602238851229 | BLAKE    | MANAGER             | 1981-05-01 | 2850 | NULL |
|  0.19024577568308057 | CLARK    | MANAGER             | 1981-06-09 | 2450 | NULL |
|    0.711422192595361 | SCOTT    | ANALYST             | 1982-12-09 | 3000 | NULL |
|   0.9863736666612082 | KING     | PRESIDENT           | 1981-11-17 | 5000 | NULL |
|    0.797601786253603 | FRED     | vice PRESIDENT      | 1983-08-09 | 5000 | NULL |
| 0.028887962018035316 | TURNER   | SALESMAN            | 1981-09-08 | 1500 |    0 |
|   0.7516344820630126 | ADAMS    | CLERK               | 1983-01-12 | 1100 | NULL |
|   0.6715085549946023 | JAMES    | CLERK               | 1981-12-03 |  950 | NULL |
|  0.10263935951761842 | FORD     | ANALYST             | 1981-12-03 | 3000 | NULL |
|  0.49867116333793027 | HOFFMAN  | MANAGER             | 1982-03-24 | 4150 | NULL |
|  0.18543776887044103 | GRASS    | SALESMAN            | 1980-02-14 | 2575 | 2700 |
|   0.4311753850720594 | MILLER   | CLERK               | 1982-01-23 | 1300 | NULL |
|   0.5995636494826186 | AARUSH   | SALESMAN            | 1980-02-14 | 1350 | 2700 |
|   0.7042921229305604 | ALEX     | MANAGER             | 1982-01-24 | 1250 |  500 |
|   0.7227696969385908 | NATASHA  | CLERK               | 1981-07-19 | 1750 | NULL |
|   0.5009721466349178 | SANGITA  | Compliance officers | 1981-07-19 | 1750 | NULL |
|   0.3365516730924618 | SUPRIYA  | ANALYST             | 1981-07-19 | 1750 | NULL |
+----------------------+----------+---------------------+------------+------+------+
28 rows in set (0.00 sec)

mysql> select rand() R1, ename, job, hiredate, sal, comm from emp order by R1;
+----------------------+----------+---------------------+------------+------+------+
| R1                   | ename    | job                 | hiredate   | sal  | comm |
+----------------------+----------+---------------------+------------+------+------+
| 0.032987948537792966 | ALLEN    | SALESMAN            | 1981-02-20 | 1600 |  300 |
| 0.050564212771658054 | AARUSH   | SALESMAN            | 1980-02-14 | 1350 | 2700 |
| 0.051525454084878276 | SANGITA  | Compliance officers | 1981-07-19 | 1750 | NULL |
|   0.0568496306024954 | MILLER   | CLERK               | 1982-01-23 | 1300 | NULL |
|  0.07789465699148798 | GRASS    | SALESMAN            | 1980-02-14 | 2575 | 2700 |
|  0.08227220278444905 | ALEX     | MANAGER             | 1982-01-24 | 1250 |  500 |
|  0.17984195629120056 | GITA     | Compliance officers | 1981-07-19 | 1750 | NULL |
|   0.2596684063409161 | NATASHA  | CLERK               | 1981-07-19 | 1750 | NULL |
|   0.3138252536894989 | WARD     | SALESMAN            | 1981-02-22 | 1250 |  500 |
|   0.4093365375039508 | MARTIN   | SALESMAN            | 1981-09-28 | 1250 | 1400 |
|   0.4223483525424715 | KING     | PRESIDENT           | 1981-11-17 | 5000 | NULL |
|  0.44420789502952984 | HOFFMAN  | MANAGER             | 1982-03-24 | 4150 | NULL |
|  0.44791412115834106 | TURNER   | SALESMAN            | 1981-09-08 | 1500 |    0 |
|   0.4701624535677605 | JONES    | MANAGER             | 1981-04-02 | 2975 | NULL |
|   0.4786220821352881 | SUPRIYA  | ANALYST             | 1981-07-19 | 1750 | NULL |
|   0.5429918296104221 | FRED     | vice PRESIDENT      | 1983-08-09 | 5000 | NULL |
|   0.5729565383614568 | AARAV    | CLERK               | 1981-12-31 | 3350 | NULL |
|    0.610595147694084 | ADAMS    | CLERK               | 1983-01-12 | 1100 | NULL |
|   0.6361953575501175 | BLAKE    | MANAGER             | 1981-05-01 | 2850 | NULL |
|   0.6381370719877417 | SMITH    | CLERK               | 1980-12-17 |  800 | NULL |
|   0.7092334057290418 | JAMES    | CLERK               | 1981-12-03 |  950 | NULL |
|    0.714381616296602 | FORD     | ANALYST             | 1981-12-03 | 3000 | NULL |
|   0.8562499879451934 | SCOTT    | ANALYST             | 1982-12-09 | 3000 | NULL |
|   0.8725762841036322 | BANDISH  | Public Relation     | 1981-07-19 | 1750 | NULL |
|   0.8895547929122622 | VRUSHALI | Compliance officers | 1981-07-19 | 1750 | NULL |
|   0.9082481264213548 | SHARMIN  | Public Relation     | 1981-07-19 | 1750 | NULL |
|   0.9503715065777036 | THOMAS   | CLERK               | 1981-07-19 | 1750 | NULL |
|   0.9529672059723802 | CLARK    | MANAGER             | 1981-06-09 | 2450 | NULL |
+----------------------+----------+---------------------+------------+------+------+
28 rows in set (0.00 sec)

mysql> select rand() R1, ename, job, hiredate, sal, comm from emp order by R1;
+----------------------+----------+---------------------+------------+------+------+
| R1                   | ename    | job                 | hiredate   | sal  | comm |
+----------------------+----------+---------------------+------------+------+------+
| 0.027041537712366823 | MILLER   | CLERK               | 1982-01-23 | 1300 | NULL |
|  0.03774996384768743 | JAMES    | CLERK               | 1981-12-03 |  950 | NULL |
|  0.06841869379246486 | SHARMIN  | Public Relation     | 1981-07-19 | 1750 | NULL |
|    0.071680959380866 | BANDISH  | Public Relation     | 1981-07-19 | 1750 | NULL |
|   0.1212137324001768 | NATASHA  | CLERK               | 1981-07-19 | 1750 | NULL |
|  0.12952010252468296 | ALEX     | MANAGER             | 1982-01-24 | 1250 |  500 |
|  0.15314874626058037 | SMITH    | CLERK               | 1980-12-17 |  800 | NULL |
|  0.20223857760637867 | CLARK    | MANAGER             | 1981-06-09 | 2450 | NULL |
|  0.20876757726889808 | WARD     | SALESMAN            | 1981-02-22 | 1250 |  500 |
|  0.21750838516048004 | SANGITA  | Compliance officers | 1981-07-19 | 1750 | NULL |
|  0.23853407915545077 | GITA     | Compliance officers | 1981-07-19 | 1750 | NULL |
|  0.26872737451337964 | FRED     | vice PRESIDENT      | 1983-08-09 | 5000 | NULL |
|  0.29405821142164823 | THOMAS   | CLERK               | 1981-07-19 | 1750 | NULL |
|  0.32006034191703453 | MARTIN   | SALESMAN            | 1981-09-28 | 1250 | 1400 |
|  0.45766638168847784 | TURNER   | SALESMAN            | 1981-09-08 | 1500 |    0 |
|   0.4821498156358952 | ADAMS    | CLERK               | 1983-01-12 | 1100 | NULL |
|   0.5137411751912359 | SCOTT    | ANALYST             | 1982-12-09 | 3000 | NULL |
|   0.5507008838939489 | AARAV    | CLERK               | 1981-12-31 | 3350 | NULL |
|   0.5892726085980168 | JONES    | MANAGER             | 1981-04-02 | 2975 | NULL |
|   0.5982521545125657 | HOFFMAN  | MANAGER             | 1982-03-24 | 4150 | NULL |
|   0.7239007593355149 | SUPRIYA  | ANALYST             | 1981-07-19 | 1750 | NULL |
|   0.7423004030643966 | FORD     | ANALYST             | 1981-12-03 | 3000 | NULL |
|   0.7568041801050345 | VRUSHALI | Compliance officers | 1981-07-19 | 1750 | NULL |
|   0.7643595941032838 | GRASS    | SALESMAN            | 1980-02-14 | 2575 | 2700 |
|   0.8181884361600396 | ALLEN    | SALESMAN            | 1981-02-20 | 1600 |  300 |
|   0.8324839145247674 | BLAKE    | MANAGER             | 1981-05-01 | 2850 | NULL |
|   0.8421289369856277 | AARUSH   | SALESMAN            | 1980-02-14 | 1350 | 2700 |
|   0.9619901738706884 | KING     | PRESIDENT           | 1981-11-17 | 5000 | NULL |
+----------------------+----------+---------------------+------------+------+------+
28 rows in set (0.00 sec)

mysql> select rand() R1, ename, job, hiredate, sal, comm from emp order by R1;
+----------------------+----------+---------------------+------------+------+------+
| R1                   | ename    | job                 | hiredate   | sal  | comm |
+----------------------+----------+---------------------+------------+------+------+
| 0.014184674261309834 | SUPRIYA  | ANALYST             | 1981-07-19 | 1750 | NULL |
|  0.08552457772709855 | BANDISH  | Public Relation     | 1981-07-19 | 1750 | NULL |
|  0.14087732149369767 | CLARK    | MANAGER             | 1981-06-09 | 2450 | NULL |
|   0.1632250297472114 | FRED     | vice PRESIDENT      | 1983-08-09 | 5000 | NULL |
|  0.18256418889627252 | SMITH    | CLERK               | 1980-12-17 |  800 | NULL |
|   0.1918297793640101 | ALEX     | MANAGER             | 1982-01-24 | 1250 |  500 |
|  0.23983566671594575 | SCOTT    | ANALYST             | 1982-12-09 | 3000 | NULL |
|  0.25431629759661506 | JAMES    | CLERK               | 1981-12-03 |  950 | NULL |
|  0.29425238659070097 | WARD     | SALESMAN            | 1981-02-22 | 1250 |  500 |
|  0.33023971070557806 | MILLER   | CLERK               | 1982-01-23 | 1300 | NULL |
|     0.37433193658882 | JONES    | MANAGER             | 1981-04-02 | 2975 | NULL |
|   0.4150195768242884 | SHARMIN  | Public Relation     | 1981-07-19 | 1750 | NULL |
|   0.4433169946477907 | FORD     | ANALYST             | 1981-12-03 | 3000 | NULL |
|    0.449619599105436 | NATASHA  | CLERK               | 1981-07-19 | 1750 | NULL |
|   0.4536361111827531 | HOFFMAN  | MANAGER             | 1982-03-24 | 4150 | NULL |
|   0.4864859799728598 | TURNER   | SALESMAN            | 1981-09-08 | 1500 |    0 |
|   0.6562472420337119 | AARAV    | CLERK               | 1981-12-31 | 3350 | NULL |
|   0.6631911123759962 | VRUSHALI | Compliance officers | 1981-07-19 | 1750 | NULL |
|   0.6726086881687946 | SANGITA  | Compliance officers | 1981-07-19 | 1750 | NULL |
|   0.6989766756994432 | ALLEN    | SALESMAN            | 1981-02-20 | 1600 |  300 |
|   0.7335436742133867 | THOMAS   | CLERK               | 1981-07-19 | 1750 | NULL |
|   0.7765463998322807 | KING     | PRESIDENT           | 1981-11-17 | 5000 | NULL |
|   0.8215169904953958 | BLAKE    | MANAGER             | 1981-05-01 | 2850 | NULL |
|   0.8365097761494199 | AARUSH   | SALESMAN            | 1980-02-14 | 1350 | 2700 |
|   0.9382296027040384 | GRASS    | SALESMAN            | 1980-02-14 | 2575 | 2700 |
|   0.9427548413563099 | ADAMS    | CLERK               | 1983-01-12 | 1100 | NULL |
|   0.9669786719297792 | GITA     | Compliance officers | 1981-07-19 | 1750 | NULL |
|   0.9889025539056422 | MARTIN   | SALESMAN            | 1981-09-28 | 1250 | 1400 |
+----------------------+----------+---------------------+------------+------+------+
28 rows in set (0.00 sec)

mysql> select ename, job, hiredate, sal, comm from emp order by rand() limit 1;
+--------+----------+------------+------+------+
| ename  | job      | hiredate   | sal  | comm |
+--------+----------+------------+------+------+
| MARTIN | SALESMAN | 1981-09-28 | 1250 | 1400 |
+--------+----------+------------+------+------+
1 row in set (0.00 sec)

mysql> select ename, job, hiredate, sal, comm from emp order by rand() limit 1;
+-------+----------+------------+------+------+
| ename | job      | hiredate   | sal  | comm |
+-------+----------+------------+------+------+
| GRASS | SALESMAN | 1980-02-14 | 2575 | 2700 |
+-------+----------+------------+------+------+
1 row in set (0.00 sec)

mysql> select ename, job, hiredate, sal, comm from emp limit 1 order by rand();
ERROR 1064 (42000): You have an error in your SQL syntax; check the manual that corresponds to your MySQL server version for the right syntax to use near 'order by rand()' at line 1
mysql>
mysql>
mysql> select ename, job, hiredate, sal, comm from emp order by rand() limit 1;
+-------+-------+------------+------+------+
| ename | job   | hiredate   | sal  | comm |
+-------+-------+------------+------+------+
| AARAV | CLERK | 1981-12-31 | 3350 | NULL |
+-------+-------+------------+------+------+
1 row in set (0.00 sec)

mysql> select ename, job, hiredate, sal, comm from emp order by rand() limit 3;
+-------+----------------+------------+------+------+
| ename | job            | hiredate   | sal  | comm |
+-------+----------------+------------+------+------+
| GRASS | SALESMAN       | 1980-02-14 | 2575 | 2700 |
| FRED  | vice PRESIDENT | 1983-08-09 | 5000 | NULL |
| FORD  | ANALYST        | 1981-12-03 | 3000 | NULL |
+-------+----------------+------------+------+------+
3 rows in set (0.00 sec)

mysql> select ename, job, hiredate, sal, comm from emp order by rand() limit 3;
+---------+---------------------+------------+------+------+
| ename   | job                 | hiredate   | sal  | comm |
+---------+---------------------+------------+------+------+
| FORD    | ANALYST             | 1981-12-03 | 3000 | NULL |
| SANGITA | Compliance officers | 1981-07-19 | 1750 | NULL |
| CLARK   | MANAGER             | 1981-06-09 | 2450 | NULL |
+---------+---------------------+------------+------+------+
3 rows in set (0.00 sec)

mysql> select ename, job, hiredate, sal, comm from emp order by rand() limit 3;
+----------+---------------------+------------+------+------+
| ename    | job                 | hiredate   | sal  | comm |
+----------+---------------------+------------+------+------+
| JAMES    | CLERK               | 1981-12-03 |  950 | NULL |
| VRUSHALI | Compliance officers | 1981-07-19 | 1750 | NULL |
| GRASS    | SALESMAN            | 1980-02-14 | 2575 | 2700 |
+----------+---------------------+------------+------+------+
3 rows in set (0.00 sec)

mysql> select ename, job, hiredate, sal, comm from emp;
+----------+---------------------+------------+------+------+
| ename    | job                 | hiredate   | sal  | comm |
+----------+---------------------+------------+------+------+
| GITA     | Compliance officers | 1981-07-19 | 1750 | NULL |
| VRUSHALI | Compliance officers | 1981-07-19 | 1750 | NULL |
| SHARMIN  | Public Relation     | 1981-07-19 | 1750 | NULL |
| BANDISH  | Public Relation     | 1981-07-19 | 1750 | NULL |
| SMITH    | CLERK               | 1980-12-17 |  800 | NULL |
| AARAV    | CLERK               | 1981-12-31 | 3350 | NULL |
| THOMAS   | CLERK               | 1981-07-19 | 1750 | NULL |
| ALLEN    | SALESMAN            | 1981-02-20 | 1600 |  300 |
| WARD     | SALESMAN            | 1981-02-22 | 1250 |  500 |
| JONES    | MANAGER             | 1981-04-02 | 2975 | NULL |
| MARTIN   | SALESMAN            | 1981-09-28 | 1250 | 1400 |
| BLAKE    | MANAGER             | 1981-05-01 | 2850 | NULL |
| CLARK    | MANAGER             | 1981-06-09 | 2450 | NULL |
| SCOTT    | ANALYST             | 1982-12-09 | 3000 | NULL |
| KING     | PRESIDENT           | 1981-11-17 | 5000 | NULL |
| FRED     | vice PRESIDENT      | 1983-08-09 | 5000 | NULL |
| TURNER   | SALESMAN            | 1981-09-08 | 1500 |    0 |
| ADAMS    | CLERK               | 1983-01-12 | 1100 | NULL |
| JAMES    | CLERK               | 1981-12-03 |  950 | NULL |
| FORD     | ANALYST             | 1981-12-03 | 3000 | NULL |
| HOFFMAN  | MANAGER             | 1982-03-24 | 4150 | NULL |
| GRASS    | SALESMAN            | 1980-02-14 | 2575 | 2700 |
| MILLER   | CLERK               | 1982-01-23 | 1300 | NULL |
| AARUSH   | SALESMAN            | 1980-02-14 | 1350 | 2700 |
| ALEX     | MANAGER             | 1982-01-24 | 1250 |  500 |
| NATASHA  | CLERK               | 1981-07-19 | 1750 | NULL |
| SANGITA  | Compliance officers | 1981-07-19 | 1750 | NULL |
| SUPRIYA  | ANALYST             | 1981-07-19 | 1750 | NULL |
+----------+---------------------+------------+------+------+
28 rows in set (0.00 sec)

mysql> select ename, job, hiredate, sal, comm from emp ORDER BY 1+1;
+----------+---------------------+------------+------+------+
| ename    | job                 | hiredate   | sal  | comm |
+----------+---------------------+------------+------+------+
| GITA     | Compliance officers | 1981-07-19 | 1750 | NULL |
| VRUSHALI | Compliance officers | 1981-07-19 | 1750 | NULL |
| SHARMIN  | Public Relation     | 1981-07-19 | 1750 | NULL |
| BANDISH  | Public Relation     | 1981-07-19 | 1750 | NULL |
| SMITH    | CLERK               | 1980-12-17 |  800 | NULL |
| AARAV    | CLERK               | 1981-12-31 | 3350 | NULL |
| THOMAS   | CLERK               | 1981-07-19 | 1750 | NULL |
| ALLEN    | SALESMAN            | 1981-02-20 | 1600 |  300 |
| WARD     | SALESMAN            | 1981-02-22 | 1250 |  500 |
| JONES    | MANAGER             | 1981-04-02 | 2975 | NULL |
| MARTIN   | SALESMAN            | 1981-09-28 | 1250 | 1400 |
| BLAKE    | MANAGER             | 1981-05-01 | 2850 | NULL |
| CLARK    | MANAGER             | 1981-06-09 | 2450 | NULL |
| SCOTT    | ANALYST             | 1982-12-09 | 3000 | NULL |
| KING     | PRESIDENT           | 1981-11-17 | 5000 | NULL |
| FRED     | vice PRESIDENT      | 1983-08-09 | 5000 | NULL |
| TURNER   | SALESMAN            | 1981-09-08 | 1500 |    0 |
| ADAMS    | CLERK               | 1983-01-12 | 1100 | NULL |
| JAMES    | CLERK               | 1981-12-03 |  950 | NULL |
| FORD     | ANALYST             | 1981-12-03 | 3000 | NULL |
| HOFFMAN  | MANAGER             | 1982-03-24 | 4150 | NULL |
| GRASS    | SALESMAN            | 1980-02-14 | 2575 | 2700 |
| MILLER   | CLERK               | 1982-01-23 | 1300 | NULL |
| AARUSH   | SALESMAN            | 1980-02-14 | 1350 | 2700 |
| ALEX     | MANAGER             | 1982-01-24 | 1250 |  500 |
| NATASHA  | CLERK               | 1981-07-19 | 1750 | NULL |
| SANGITA  | Compliance officers | 1981-07-19 | 1750 | NULL |
| SUPRIYA  | ANALYST             | 1981-07-19 | 1750 | NULL |
+----------+---------------------+------------+------+------+
28 rows in set (0.00 sec)

mysql> select ename, job, hiredate, sal, comm from emp ORDER BY 1+1;
+----------+---------------------+------------+------+------+
| ename    | job                 | hiredate   | sal  | comm |
+----------+---------------------+------------+------+------+
| GITA     | Compliance officers | 1981-07-19 | 1750 | NULL |
| VRUSHALI | Compliance officers | 1981-07-19 | 1750 | NULL |
| SHARMIN  | Public Relation     | 1981-07-19 | 1750 | NULL |
| BANDISH  | Public Relation     | 1981-07-19 | 1750 | NULL |
| SMITH    | CLERK               | 1980-12-17 |  800 | NULL |
| AARAV    | CLERK               | 1981-12-31 | 3350 | NULL |
| THOMAS   | CLERK               | 1981-07-19 | 1750 | NULL |
| ALLEN    | SALESMAN            | 1981-02-20 | 1600 |  300 |
| WARD     | SALESMAN            | 1981-02-22 | 1250 |  500 |
| JONES    | MANAGER             | 1981-04-02 | 2975 | NULL |
| MARTIN   | SALESMAN            | 1981-09-28 | 1250 | 1400 |
| BLAKE    | MANAGER             | 1981-05-01 | 2850 | NULL |
| CLARK    | MANAGER             | 1981-06-09 | 2450 | NULL |
| SCOTT    | ANALYST             | 1982-12-09 | 3000 | NULL |
| KING     | PRESIDENT           | 1981-11-17 | 5000 | NULL |
| FRED     | vice PRESIDENT      | 1983-08-09 | 5000 | NULL |
| TURNER   | SALESMAN            | 1981-09-08 | 1500 |    0 |
| ADAMS    | CLERK               | 1983-01-12 | 1100 | NULL |
| JAMES    | CLERK               | 1981-12-03 |  950 | NULL |
| FORD     | ANALYST             | 1981-12-03 | 3000 | NULL |
| HOFFMAN  | MANAGER             | 1982-03-24 | 4150 | NULL |
| GRASS    | SALESMAN            | 1980-02-14 | 2575 | 2700 |
| MILLER   | CLERK               | 1982-01-23 | 1300 | NULL |
| AARUSH   | SALESMAN            | 1980-02-14 | 1350 | 2700 |
| ALEX     | MANAGER             | 1982-01-24 | 1250 |  500 |
| NATASHA  | CLERK               | 1981-07-19 | 1750 | NULL |
| SANGITA  | Compliance officers | 1981-07-19 | 1750 | NULL |
| SUPRIYA  | ANALYST             | 1981-07-19 | 1750 | NULL |
+----------+---------------------+------------+------+------+
28 rows in set (0.00 sec)

mysql> select ename, job, hiredate, sal, comm from emp ORDER BY 1+1;
+----------+---------------------+------------+------+------+
| ename    | job                 | hiredate   | sal  | comm |
+----------+---------------------+------------+------+------+
| GITA     | Compliance officers | 1981-07-19 | 1750 | NULL |
| VRUSHALI | Compliance officers | 1981-07-19 | 1750 | NULL |
| SHARMIN  | Public Relation     | 1981-07-19 | 1750 | NULL |
| BANDISH  | Public Relation     | 1981-07-19 | 1750 | NULL |
| SMITH    | CLERK               | 1980-12-17 |  800 | NULL |
| AARAV    | CLERK               | 1981-12-31 | 3350 | NULL |
| THOMAS   | CLERK               | 1981-07-19 | 1750 | NULL |
| ALLEN    | SALESMAN            | 1981-02-20 | 1600 |  300 |
| WARD     | SALESMAN            | 1981-02-22 | 1250 |  500 |
| JONES    | MANAGER             | 1981-04-02 | 2975 | NULL |
| MARTIN   | SALESMAN            | 1981-09-28 | 1250 | 1400 |
| BLAKE    | MANAGER             | 1981-05-01 | 2850 | NULL |
| CLARK    | MANAGER             | 1981-06-09 | 2450 | NULL |
| SCOTT    | ANALYST             | 1982-12-09 | 3000 | NULL |
| KING     | PRESIDENT           | 1981-11-17 | 5000 | NULL |
| FRED     | vice PRESIDENT      | 1983-08-09 | 5000 | NULL |
| TURNER   | SALESMAN            | 1981-09-08 | 1500 |    0 |
| ADAMS    | CLERK               | 1983-01-12 | 1100 | NULL |
| JAMES    | CLERK               | 1981-12-03 |  950 | NULL |
| FORD     | ANALYST             | 1981-12-03 | 3000 | NULL |
| HOFFMAN  | MANAGER             | 1982-03-24 | 4150 | NULL |
| GRASS    | SALESMAN            | 1980-02-14 | 2575 | 2700 |
| MILLER   | CLERK               | 1982-01-23 | 1300 | NULL |
| AARUSH   | SALESMAN            | 1980-02-14 | 1350 | 2700 |
| ALEX     | MANAGER             | 1982-01-24 | 1250 |  500 |
| NATASHA  | CLERK               | 1981-07-19 | 1750 | NULL |
| SANGITA  | Compliance officers | 1981-07-19 | 1750 | NULL |
| SUPRIYA  | ANALYST             | 1981-07-19 | 1750 | NULL |
+----------+---------------------+------------+------+------+
28 rows in set (0.00 sec)

mysql> select ename, job, hiredate, sal, comm from emp ORDER BY 1+1;
+----------+---------------------+------------+------+------+
| ename    | job                 | hiredate   | sal  | comm |
+----------+---------------------+------------+------+------+
| GITA     | Compliance officers | 1981-07-19 | 1750 | NULL |
| VRUSHALI | Compliance officers | 1981-07-19 | 1750 | NULL |
| SHARMIN  | Public Relation     | 1981-07-19 | 1750 | NULL |
| BANDISH  | Public Relation     | 1981-07-19 | 1750 | NULL |
| SMITH    | CLERK               | 1980-12-17 |  800 | NULL |
| AARAV    | CLERK               | 1981-12-31 | 3350 | NULL |
| THOMAS   | CLERK               | 1981-07-19 | 1750 | NULL |
| ALLEN    | SALESMAN            | 1981-02-20 | 1600 |  300 |
| WARD     | SALESMAN            | 1981-02-22 | 1250 |  500 |
| JONES    | MANAGER             | 1981-04-02 | 2975 | NULL |
| MARTIN   | SALESMAN            | 1981-09-28 | 1250 | 1400 |
| BLAKE    | MANAGER             | 1981-05-01 | 2850 | NULL |
| CLARK    | MANAGER             | 1981-06-09 | 2450 | NULL |
| SCOTT    | ANALYST             | 1982-12-09 | 3000 | NULL |
| KING     | PRESIDENT           | 1981-11-17 | 5000 | NULL |
| FRED     | vice PRESIDENT      | 1983-08-09 | 5000 | NULL |
| TURNER   | SALESMAN            | 1981-09-08 | 1500 |    0 |
| ADAMS    | CLERK               | 1983-01-12 | 1100 | NULL |
| JAMES    | CLERK               | 1981-12-03 |  950 | NULL |
| FORD     | ANALYST             | 1981-12-03 | 3000 | NULL |
| HOFFMAN  | MANAGER             | 1982-03-24 | 4150 | NULL |
| GRASS    | SALESMAN            | 1980-02-14 | 2575 | 2700 |
| MILLER   | CLERK               | 1982-01-23 | 1300 | NULL |
| AARUSH   | SALESMAN            | 1980-02-14 | 1350 | 2700 |
| ALEX     | MANAGER             | 1982-01-24 | 1250 |  500 |
| NATASHA  | CLERK               | 1981-07-19 | 1750 | NULL |
| SANGITA  | Compliance officers | 1981-07-19 | 1750 | NULL |
| SUPRIYA  | ANALYST             | 1981-07-19 | 1750 | NULL |
+----------+---------------------+------------+------+------+
28 rows in set (0.00 sec)

mysql> select ename, job, hiredate, sal, comm from emp ORDER BY 1+1;
+----------+---------------------+------------+------+------+
| ename    | job                 | hiredate   | sal  | comm |
+----------+---------------------+------------+------+------+
| GITA     | Compliance officers | 1981-07-19 | 1750 | NULL |
| VRUSHALI | Compliance officers | 1981-07-19 | 1750 | NULL |
| SHARMIN  | Public Relation     | 1981-07-19 | 1750 | NULL |
| BANDISH  | Public Relation     | 1981-07-19 | 1750 | NULL |
| SMITH    | CLERK               | 1980-12-17 |  800 | NULL |
| AARAV    | CLERK               | 1981-12-31 | 3350 | NULL |
| THOMAS   | CLERK               | 1981-07-19 | 1750 | NULL |
| ALLEN    | SALESMAN            | 1981-02-20 | 1600 |  300 |
| WARD     | SALESMAN            | 1981-02-22 | 1250 |  500 |
| JONES    | MANAGER             | 1981-04-02 | 2975 | NULL |
| MARTIN   | SALESMAN            | 1981-09-28 | 1250 | 1400 |
| BLAKE    | MANAGER             | 1981-05-01 | 2850 | NULL |
| CLARK    | MANAGER             | 1981-06-09 | 2450 | NULL |
| SCOTT    | ANALYST             | 1982-12-09 | 3000 | NULL |
| KING     | PRESIDENT           | 1981-11-17 | 5000 | NULL |
| FRED     | vice PRESIDENT      | 1983-08-09 | 5000 | NULL |
| TURNER   | SALESMAN            | 1981-09-08 | 1500 |    0 |
| ADAMS    | CLERK               | 1983-01-12 | 1100 | NULL |
| JAMES    | CLERK               | 1981-12-03 |  950 | NULL |
| FORD     | ANALYST             | 1981-12-03 | 3000 | NULL |
| HOFFMAN  | MANAGER             | 1982-03-24 | 4150 | NULL |
| GRASS    | SALESMAN            | 1980-02-14 | 2575 | 2700 |
| MILLER   | CLERK               | 1982-01-23 | 1300 | NULL |
| AARUSH   | SALESMAN            | 1980-02-14 | 1350 | 2700 |
| ALEX     | MANAGER             | 1982-01-24 | 1250 |  500 |
| NATASHA  | CLERK               | 1981-07-19 | 1750 | NULL |
| SANGITA  | Compliance officers | 1981-07-19 | 1750 | NULL |
| SUPRIYA  | ANALYST             | 1981-07-19 | 1750 | NULL |
+----------+---------------------+------------+------+------+
28 rows in set (0.00 sec)

mysql> select ename, job, hiredate, sal, comm, 1+1 from emp ORDER BY 1+1;
+----------+---------------------+------------+------+------+-----+
| ename    | job                 | hiredate   | sal  | comm | 1+1 |
+----------+---------------------+------------+------+------+-----+
| GITA     | Compliance officers | 1981-07-19 | 1750 | NULL |   2 |
| VRUSHALI | Compliance officers | 1981-07-19 | 1750 | NULL |   2 |
| SHARMIN  | Public Relation     | 1981-07-19 | 1750 | NULL |   2 |
| BANDISH  | Public Relation     | 1981-07-19 | 1750 | NULL |   2 |
| SMITH    | CLERK               | 1980-12-17 |  800 | NULL |   2 |
| AARAV    | CLERK               | 1981-12-31 | 3350 | NULL |   2 |
| THOMAS   | CLERK               | 1981-07-19 | 1750 | NULL |   2 |
| ALLEN    | SALESMAN            | 1981-02-20 | 1600 |  300 |   2 |
| WARD     | SALESMAN            | 1981-02-22 | 1250 |  500 |   2 |
| JONES    | MANAGER             | 1981-04-02 | 2975 | NULL |   2 |
| MARTIN   | SALESMAN            | 1981-09-28 | 1250 | 1400 |   2 |
| BLAKE    | MANAGER             | 1981-05-01 | 2850 | NULL |   2 |
| CLARK    | MANAGER             | 1981-06-09 | 2450 | NULL |   2 |
| SCOTT    | ANALYST             | 1982-12-09 | 3000 | NULL |   2 |
| KING     | PRESIDENT           | 1981-11-17 | 5000 | NULL |   2 |
| FRED     | vice PRESIDENT      | 1983-08-09 | 5000 | NULL |   2 |
| TURNER   | SALESMAN            | 1981-09-08 | 1500 |    0 |   2 |
| ADAMS    | CLERK               | 1983-01-12 | 1100 | NULL |   2 |
| JAMES    | CLERK               | 1981-12-03 |  950 | NULL |   2 |
| FORD     | ANALYST             | 1981-12-03 | 3000 | NULL |   2 |
| HOFFMAN  | MANAGER             | 1982-03-24 | 4150 | NULL |   2 |
| GRASS    | SALESMAN            | 1980-02-14 | 2575 | 2700 |   2 |
| MILLER   | CLERK               | 1982-01-23 | 1300 | NULL |   2 |
| AARUSH   | SALESMAN            | 1980-02-14 | 1350 | 2700 |   2 |
| ALEX     | MANAGER             | 1982-01-24 | 1250 |  500 |   2 |
| NATASHA  | CLERK               | 1981-07-19 | 1750 | NULL |   2 |
| SANGITA  | Compliance officers | 1981-07-19 | 1750 | NULL |   2 |
| SUPRIYA  | ANALYST             | 1981-07-19 | 1750 | NULL |   2 |
+----------+---------------------+------------+------+------+-----+
28 rows in set (0.00 sec)

mysql> SELECT true, false, TRUE, FALSE, True, False;
+------+-------+------+-------+------+-------+
| true | false | TRUE | FALSE | True | False |
+------+-------+------+-------+------+-------+
|    1 |     0 |    1 |     0 |    1 |     0 |
+------+-------+------+-------+------+-------+
1 row in set (0.00 sec)

mysql> select ename, job, hiredate, sal, comm, 1+1 from emp;
+----------+---------------------+------------+------+------+-----+
| ename    | job                 | hiredate   | sal  | comm | 1+1 |
+----------+---------------------+------------+------+------+-----+
| GITA     | Compliance officers | 1981-07-19 | 1750 | NULL |   2 |
| VRUSHALI | Compliance officers | 1981-07-19 | 1750 | NULL |   2 |
| SHARMIN  | Public Relation     | 1981-07-19 | 1750 | NULL |   2 |
| BANDISH  | Public Relation     | 1981-07-19 | 1750 | NULL |   2 |
| SMITH    | CLERK               | 1980-12-17 |  800 | NULL |   2 |
| AARAV    | CLERK               | 1981-12-31 | 3350 | NULL |   2 |
| THOMAS   | CLERK               | 1981-07-19 | 1750 | NULL |   2 |
| ALLEN    | SALESMAN            | 1981-02-20 | 1600 |  300 |   2 |
| WARD     | SALESMAN            | 1981-02-22 | 1250 |  500 |   2 |
| JONES    | MANAGER             | 1981-04-02 | 2975 | NULL |   2 |
| MARTIN   | SALESMAN            | 1981-09-28 | 1250 | 1400 |   2 |
| BLAKE    | MANAGER             | 1981-05-01 | 2850 | NULL |   2 |
| CLARK    | MANAGER             | 1981-06-09 | 2450 | NULL |   2 |
| SCOTT    | ANALYST             | 1982-12-09 | 3000 | NULL |   2 |
| KING     | PRESIDENT           | 1981-11-17 | 5000 | NULL |   2 |
| FRED     | vice PRESIDENT      | 1983-08-09 | 5000 | NULL |   2 |
| TURNER   | SALESMAN            | 1981-09-08 | 1500 |    0 |   2 |
| ADAMS    | CLERK               | 1983-01-12 | 1100 | NULL |   2 |
| JAMES    | CLERK               | 1981-12-03 |  950 | NULL |   2 |
| FORD     | ANALYST             | 1981-12-03 | 3000 | NULL |   2 |
| HOFFMAN  | MANAGER             | 1982-03-24 | 4150 | NULL |   2 |
| GRASS    | SALESMAN            | 1980-02-14 | 2575 | 2700 |   2 |
| MILLER   | CLERK               | 1982-01-23 | 1300 | NULL |   2 |
| AARUSH   | SALESMAN            | 1980-02-14 | 1350 | 2700 |   2 |
| ALEX     | MANAGER             | 1982-01-24 | 1250 |  500 |   2 |
| NATASHA  | CLERK               | 1981-07-19 | 1750 | NULL |   2 |
| SANGITA  | Compliance officers | 1981-07-19 | 1750 | NULL |   2 |
| SUPRIYA  | ANALYST             | 1981-07-19 | 1750 | NULL |   2 |
+----------+---------------------+------------+------+------+-----+
28 rows in set (0.00 sec)

mysql> select ename, job, hiredate, sal, comm, isActive from emp;
+----------+---------------------+------------+------+------+----------+
| ename    | job                 | hiredate   | sal  | comm | isActive |
+----------+---------------------+------------+------+------+----------+
| GITA     | Compliance officers | 1981-07-19 | 1750 | NULL |        1 |
| VRUSHALI | Compliance officers | 1981-07-19 | 1750 | NULL |        1 |
| SHARMIN  | Public Relation     | 1981-07-19 | 1750 | NULL |        1 |
| BANDISH  | Public Relation     | 1981-07-19 | 1750 | NULL |        1 |
| SMITH    | CLERK               | 1980-12-17 |  800 | NULL |        0 |
| AARAV    | CLERK               | 1981-12-31 | 3350 | NULL |        0 |
| THOMAS   | CLERK               | 1981-07-19 | 1750 | NULL |        0 |
| ALLEN    | SALESMAN            | 1981-02-20 | 1600 |  300 |        1 |
| WARD     | SALESMAN            | 1981-02-22 | 1250 |  500 |        1 |
| JONES    | MANAGER             | 1981-04-02 | 2975 | NULL |        1 |
| MARTIN   | SALESMAN            | 1981-09-28 | 1250 | 1400 |        1 |
| BLAKE    | MANAGER             | 1981-05-01 | 2850 | NULL |        1 |
| CLARK    | MANAGER             | 1981-06-09 | 2450 | NULL |        1 |
| SCOTT    | ANALYST             | 1982-12-09 | 3000 | NULL |        1 |
| KING     | PRESIDENT           | 1981-11-17 | 5000 | NULL |        1 |
| FRED     | vice PRESIDENT      | 1983-08-09 | 5000 | NULL |        1 |
| TURNER   | SALESMAN            | 1981-09-08 | 1500 |    0 |        1 |
| ADAMS    | CLERK               | 1983-01-12 | 1100 | NULL |        1 |
| JAMES    | CLERK               | 1981-12-03 |  950 | NULL |        1 |
| FORD     | ANALYST             | 1981-12-03 | 3000 | NULL |        0 |
| HOFFMAN  | MANAGER             | 1982-03-24 | 4150 | NULL |        1 |
| GRASS    | SALESMAN            | 1980-02-14 | 2575 | 2700 |        1 |
| MILLER   | CLERK               | 1982-01-23 | 1300 | NULL |        0 |
| AARUSH   | SALESMAN            | 1980-02-14 | 1350 | 2700 |        0 |
| ALEX     | MANAGER             | 1982-01-24 | 1250 |  500 |        1 |
| NATASHA  | CLERK               | 1981-07-19 | 1750 | NULL |        1 |
| SANGITA  | Compliance officers | 1981-07-19 | 1750 | NULL |        1 |
| SUPRIYA  | ANALYST             | 1981-07-19 | 1750 | NULL |        1 |
+----------+---------------------+------------+------+------+----------+
28 rows in set (0.00 sec)

mysql> select ename, job, hiredate, sal, comm, isActive from emp where job='manager';
+---------+---------+------------+------+------+----------+
| ename   | job     | hiredate   | sal  | comm | isActive |
+---------+---------+------------+------+------+----------+
| JONES   | MANAGER | 1981-04-02 | 2975 | NULL |        1 |
| BLAKE   | MANAGER | 1981-05-01 | 2850 | NULL |        1 |
| CLARK   | MANAGER | 1981-06-09 | 2450 | NULL |        1 |
| HOFFMAN | MANAGER | 1982-03-24 | 4150 | NULL |        1 |
| ALEX    | MANAGER | 1982-01-24 | 1250 |  500 |        1 |
+---------+---------+------------+------+------+----------+
5 rows in set (0.00 sec)

mysql> select ename, job, hiredate, sal, comm, isActive from emp where job<>'manager';
+----------+---------------------+------------+------+------+----------+
| ename    | job                 | hiredate   | sal  | comm | isActive |
+----------+---------------------+------------+------+------+----------+
| GITA     | Compliance officers | 1981-07-19 | 1750 | NULL |        1 |
| VRUSHALI | Compliance officers | 1981-07-19 | 1750 | NULL |        1 |
| SHARMIN  | Public Relation     | 1981-07-19 | 1750 | NULL |        1 |
| BANDISH  | Public Relation     | 1981-07-19 | 1750 | NULL |        1 |
| SMITH    | CLERK               | 1980-12-17 |  800 | NULL |        0 |
| AARAV    | CLERK               | 1981-12-31 | 3350 | NULL |        0 |
| THOMAS   | CLERK               | 1981-07-19 | 1750 | NULL |        0 |
| ALLEN    | SALESMAN            | 1981-02-20 | 1600 |  300 |        1 |
| WARD     | SALESMAN            | 1981-02-22 | 1250 |  500 |        1 |
| MARTIN   | SALESMAN            | 1981-09-28 | 1250 | 1400 |        1 |
| SCOTT    | ANALYST             | 1982-12-09 | 3000 | NULL |        1 |
| KING     | PRESIDENT           | 1981-11-17 | 5000 | NULL |        1 |
| FRED     | vice PRESIDENT      | 1983-08-09 | 5000 | NULL |        1 |
| TURNER   | SALESMAN            | 1981-09-08 | 1500 |    0 |        1 |
| ADAMS    | CLERK               | 1983-01-12 | 1100 | NULL |        1 |
| JAMES    | CLERK               | 1981-12-03 |  950 | NULL |        1 |
| FORD     | ANALYST             | 1981-12-03 | 3000 | NULL |        0 |
| GRASS    | SALESMAN            | 1980-02-14 | 2575 | 2700 |        1 |
| MILLER   | CLERK               | 1982-01-23 | 1300 | NULL |        0 |
| AARUSH   | SALESMAN            | 1980-02-14 | 1350 | 2700 |        0 |
| NATASHA  | CLERK               | 1981-07-19 | 1750 | NULL |        1 |
| SANGITA  | Compliance officers | 1981-07-19 | 1750 | NULL |        1 |
| SUPRIYA  | ANALYST             | 1981-07-19 | 1750 | NULL |        1 |
+----------+---------------------+------------+------+------+----------+
23 rows in set (0.00 sec)

mysql> select ename, job, hiredate, sal, comm, isActive from emp where job='manager';
+---------+---------+------------+------+------+----------+
| ename   | job     | hiredate   | sal  | comm | isActive |
+---------+---------+------------+------+------+----------+
| JONES   | MANAGER | 1981-04-02 | 2975 | NULL |        1 |
| BLAKE   | MANAGER | 1981-05-01 | 2850 | NULL |        1 |
| CLARK   | MANAGER | 1981-06-09 | 2450 | NULL |        1 |
| HOFFMAN | MANAGER | 1982-03-24 | 4150 | NULL |        1 |
| ALEX    | MANAGER | 1982-01-24 | 1250 |  500 |        1 |
+---------+---------+------------+------+------+----------+
5 rows in set (0.00 sec)

mysql> select ename, job, hiredate, sal, comm, isActive from emp where job<>'manager';
+----------+---------------------+------------+------+------+----------+
| ename    | job                 | hiredate   | sal  | comm | isActive |
+----------+---------------------+------------+------+------+----------+
| GITA     | Compliance officers | 1981-07-19 | 1750 | NULL |        1 |
| VRUSHALI | Compliance officers | 1981-07-19 | 1750 | NULL |        1 |
| SHARMIN  | Public Relation     | 1981-07-19 | 1750 | NULL |        1 |
| BANDISH  | Public Relation     | 1981-07-19 | 1750 | NULL |        1 |
| SMITH    | CLERK               | 1980-12-17 |  800 | NULL |        0 |
| AARAV    | CLERK               | 1981-12-31 | 3350 | NULL |        0 |
| THOMAS   | CLERK               | 1981-07-19 | 1750 | NULL |        0 |
| ALLEN    | SALESMAN            | 1981-02-20 | 1600 |  300 |        1 |
| WARD     | SALESMAN            | 1981-02-22 | 1250 |  500 |        1 |
| MARTIN   | SALESMAN            | 1981-09-28 | 1250 | 1400 |        1 |
| SCOTT    | ANALYST             | 1982-12-09 | 3000 | NULL |        1 |
| KING     | PRESIDENT           | 1981-11-17 | 5000 | NULL |        1 |
| FRED     | vice PRESIDENT      | 1983-08-09 | 5000 | NULL |        1 |
| TURNER   | SALESMAN            | 1981-09-08 | 1500 |    0 |        1 |
| ADAMS    | CLERK               | 1983-01-12 | 1100 | NULL |        1 |
| JAMES    | CLERK               | 1981-12-03 |  950 | NULL |        1 |
| FORD     | ANALYST             | 1981-12-03 | 3000 | NULL |        0 |
| GRASS    | SALESMAN            | 1980-02-14 | 2575 | 2700 |        1 |
| MILLER   | CLERK               | 1982-01-23 | 1300 | NULL |        0 |
| AARUSH   | SALESMAN            | 1980-02-14 | 1350 | 2700 |        0 |
| NATASHA  | CLERK               | 1981-07-19 | 1750 | NULL |        1 |
| SANGITA  | Compliance officers | 1981-07-19 | 1750 | NULL |        1 |
| SUPRIYA  | ANALYST             | 1981-07-19 | 1750 | NULL |        1 |
+----------+---------------------+------------+------+------+----------+
23 rows in set (0.00 sec)

mysql> select ename, job, hiredate, sal, comm, isActive from emp where sal>4000;
+---------+----------------+------------+------+------+----------+
| ename   | job            | hiredate   | sal  | comm | isActive |
+---------+----------------+------------+------+------+----------+
| KING    | PRESIDENT      | 1981-11-17 | 5000 | NULL |        1 |
| FRED    | vice PRESIDENT | 1983-08-09 | 5000 | NULL |        1 |
| HOFFMAN | MANAGER        | 1982-03-24 | 4150 | NULL |        1 |
+---------+----------------+------------+------+------+----------+
3 rows in set (0.00 sec)

mysql> select ename, job, hiredate, sal, comm, isActive from emp where sal>2000;
+---------+----------------+------------+------+------+----------+
| ename   | job            | hiredate   | sal  | comm | isActive |
+---------+----------------+------------+------+------+----------+
| AARAV   | CLERK          | 1981-12-31 | 3350 | NULL |        0 |
| JONES   | MANAGER        | 1981-04-02 | 2975 | NULL |        1 |
| BLAKE   | MANAGER        | 1981-05-01 | 2850 | NULL |        1 |
| CLARK   | MANAGER        | 1981-06-09 | 2450 | NULL |        1 |
| SCOTT   | ANALYST        | 1982-12-09 | 3000 | NULL |        1 |
| KING    | PRESIDENT      | 1981-11-17 | 5000 | NULL |        1 |
| FRED    | vice PRESIDENT | 1983-08-09 | 5000 | NULL |        1 |
| FORD    | ANALYST        | 1981-12-03 | 3000 | NULL |        0 |
| HOFFMAN | MANAGER        | 1982-03-24 | 4150 | NULL |        1 |
| GRASS   | SALESMAN       | 1980-02-14 | 2575 | 2700 |        1 |
+---------+----------------+------------+------+------+----------+
10 rows in set (0.00 sec)

mysql> select ename, job, hiredate, sal, comm, isActive from emp where sal>2000 and sal<3000;
+-------+----------+------------+------+------+----------+
| ename | job      | hiredate   | sal  | comm | isActive |
+-------+----------+------------+------+------+----------+
| JONES | MANAGER  | 1981-04-02 | 2975 | NULL |        1 |
| BLAKE | MANAGER  | 1981-05-01 | 2850 | NULL |        1 |
| CLARK | MANAGER  | 1981-06-09 | 2450 | NULL |        1 |
| GRASS | SALESMAN | 1980-02-14 | 2575 | 2700 |        1 |
+-------+----------+------------+------+------+----------+
4 rows in set (0.00 sec)

mysql> select ename, job, hiredate, sal, comm, isActive from emp where job='manager' and job='salesman';
Empty set (0.00 sec)

mysql> select ename, job, hiredate, sal, comm, isActive from emp where job='manager' or job='salesman';
+---------+----------+------------+------+------+----------+
| ename   | job      | hiredate   | sal  | comm | isActive |
+---------+----------+------------+------+------+----------+
| ALLEN   | SALESMAN | 1981-02-20 | 1600 |  300 |        1 |
| WARD    | SALESMAN | 1981-02-22 | 1250 |  500 |        1 |
| JONES   | MANAGER  | 1981-04-02 | 2975 | NULL |        1 |
| MARTIN  | SALESMAN | 1981-09-28 | 1250 | 1400 |        1 |
| BLAKE   | MANAGER  | 1981-05-01 | 2850 | NULL |        1 |
| CLARK   | MANAGER  | 1981-06-09 | 2450 | NULL |        1 |
| TURNER  | SALESMAN | 1981-09-08 | 1500 |    0 |        1 |
| HOFFMAN | MANAGER  | 1982-03-24 | 4150 | NULL |        1 |
| GRASS   | SALESMAN | 1980-02-14 | 2575 | 2700 |        1 |
| AARUSH  | SALESMAN | 1980-02-14 | 1350 | 2700 |        0 |
| ALEX    | MANAGER  | 1982-01-24 | 1250 |  500 |        1 |
+---------+----------+------------+------+------+----------+
11 rows in set (0.00 sec)

mysql> select ename, job, hiredate, sal, comm, isActive from emp where job='manager' or job='salesman' order by job;
+---------+----------+------------+------+------+----------+
| ename   | job      | hiredate   | sal  | comm | isActive |
+---------+----------+------------+------+------+----------+
| JONES   | MANAGER  | 1981-04-02 | 2975 | NULL |        1 |
| BLAKE   | MANAGER  | 1981-05-01 | 2850 | NULL |        1 |
| CLARK   | MANAGER  | 1981-06-09 | 2450 | NULL |        1 |
| HOFFMAN | MANAGER  | 1982-03-24 | 4150 | NULL |        1 |
| ALEX    | MANAGER  | 1982-01-24 | 1250 |  500 |        1 |
| ALLEN   | SALESMAN | 1981-02-20 | 1600 |  300 |        1 |
| WARD    | SALESMAN | 1981-02-22 | 1250 |  500 |        1 |
| MARTIN  | SALESMAN | 1981-09-28 | 1250 | 1400 |        1 |
| TURNER  | SALESMAN | 1981-09-08 | 1500 |    0 |        1 |
| GRASS   | SALESMAN | 1980-02-14 | 2575 | 2700 |        1 |
| AARUSH  | SALESMAN | 1980-02-14 | 1350 | 2700 |        0 |
+---------+----------+------------+------+------+----------+
11 rows in set (0.00 sec)

mysql> select ename, job, hiredate, sal, comm, isActive from emp where job='manager' or job='salesman' order by job limit 4;
+---------+---------+------------+------+------+----------+
| ename   | job     | hiredate   | sal  | comm | isActive |
+---------+---------+------------+------+------+----------+
| ALEX    | MANAGER | 1982-01-24 | 1250 |  500 |        1 |
| HOFFMAN | MANAGER | 1982-03-24 | 4150 | NULL |        1 |
| JONES   | MANAGER | 1981-04-02 | 2975 | NULL |        1 |
| CLARK   | MANAGER | 1981-06-09 | 2450 | NULL |        1 |
+---------+---------+------------+------+------+----------+
4 rows in set (0.00 sec)

mysql> select ename, job, hiredate, sal, comm, isActive from emp where job='manager' or job='salesman';
+---------+----------+------------+------+------+----------+
| ename   | job      | hiredate   | sal  | comm | isActive |
+---------+----------+------------+------+------+----------+
| ALLEN   | SALESMAN | 1981-02-20 | 1600 |  300 |        1 |
| WARD    | SALESMAN | 1981-02-22 | 1250 |  500 |        1 |
| JONES   | MANAGER  | 1981-04-02 | 2975 | NULL |        1 |
| MARTIN  | SALESMAN | 1981-09-28 | 1250 | 1400 |        1 |
| BLAKE   | MANAGER  | 1981-05-01 | 2850 | NULL |        1 |
| CLARK   | MANAGER  | 1981-06-09 | 2450 | NULL |        1 |
| TURNER  | SALESMAN | 1981-09-08 | 1500 |    0 |        1 |
| HOFFMAN | MANAGER  | 1982-03-24 | 4150 | NULL |        1 |
| GRASS   | SALESMAN | 1980-02-14 | 2575 | 2700 |        1 |
| AARUSH  | SALESMAN | 1980-02-14 | 1350 | 2700 |        0 |
| ALEX    | MANAGER  | 1982-01-24 | 1250 |  500 |        1 |
+---------+----------+------------+------+------+----------+
11 rows in set (0.00 sec)

mysql> select ename, job, hiredate, sal, comm, isActive from emp where job='manager' or job='salesman' and sal>2500;
+---------+----------+------------+------+------+----------+
| ename   | job      | hiredate   | sal  | comm | isActive |
+---------+----------+------------+------+------+----------+
| JONES   | MANAGER  | 1981-04-02 | 2975 | NULL |        1 |
| BLAKE   | MANAGER  | 1981-05-01 | 2850 | NULL |        1 |
| CLARK   | MANAGER  | 1981-06-09 | 2450 | NULL |        1 |
| HOFFMAN | MANAGER  | 1982-03-24 | 4150 | NULL |        1 |
| GRASS   | SALESMAN | 1980-02-14 | 2575 | 2700 |        1 |
| ALEX    | MANAGER  | 1982-01-24 | 1250 |  500 |        1 |
+---------+----------+------------+------+------+----------+
6 rows in set (0.00 sec)

mysql> select ename, job, hiredate, sal, comm, isActive from emp where (job='manager' or job='salesman' ) and sal>2500;
+---------+----------+------------+------+------+----------+
| ename   | job      | hiredate   | sal  | comm | isActive |
+---------+----------+------------+------+------+----------+
| JONES   | MANAGER  | 1981-04-02 | 2975 | NULL |        1 |
| BLAKE   | MANAGER  | 1981-05-01 | 2850 | NULL |        1 |
| HOFFMAN | MANAGER  | 1982-03-24 | 4150 | NULL |        1 |
| GRASS   | SALESMAN | 1980-02-14 | 2575 | 2700 |        1 |
+---------+----------+------------+------+------+----------+
4 rows in set (0.00 sec)

mysql> select ename, job, hiredate, sal, comm, isActive from emp;
+----------+---------------------+------------+------+------+----------+
| ename    | job                 | hiredate   | sal  | comm | isActive |
+----------+---------------------+------------+------+------+----------+
| GITA     | Compliance officers | 1981-07-19 | 1750 | NULL |        1 |
| VRUSHALI | Compliance officers | 1981-07-19 | 1750 | NULL |        1 |
| SHARMIN  | Public Relation     | 1981-07-19 | 1750 | NULL |        1 |
| BANDISH  | Public Relation     | 1981-07-19 | 1750 | NULL |        1 |
| SMITH    | CLERK               | 1980-12-17 |  800 | NULL |        0 |
| AARAV    | CLERK               | 1981-12-31 | 3350 | NULL |        0 |
| THOMAS   | CLERK               | 1981-07-19 | 1750 | NULL |        0 |
| ALLEN    | SALESMAN            | 1981-02-20 | 1600 |  300 |        1 |
| WARD     | SALESMAN            | 1981-02-22 | 1250 |  500 |        1 |
| JONES    | MANAGER             | 1981-04-02 | 2975 | NULL |        1 |
| MARTIN   | SALESMAN            | 1981-09-28 | 1250 | 1400 |        1 |
| BLAKE    | MANAGER             | 1981-05-01 | 2850 | NULL |        1 |
| CLARK    | MANAGER             | 1981-06-09 | 2450 | NULL |        1 |
| SCOTT    | ANALYST             | 1982-12-09 | 3000 | NULL |        1 |
| KING     | PRESIDENT           | 1981-11-17 | 5000 | NULL |        1 |
| FRED     | vice PRESIDENT      | 1983-08-09 | 5000 | NULL |        1 |
| TURNER   | SALESMAN            | 1981-09-08 | 1500 |    0 |        1 |
| ADAMS    | CLERK               | 1983-01-12 | 1100 | NULL |        1 |
| JAMES    | CLERK               | 1981-12-03 |  950 | NULL |        1 |
| FORD     | ANALYST             | 1981-12-03 | 3000 | NULL |        0 |
| HOFFMAN  | MANAGER             | 1982-03-24 | 4150 | NULL |        1 |
| GRASS    | SALESMAN            | 1980-02-14 | 2575 | 2700 |        1 |
| MILLER   | CLERK               | 1982-01-23 | 1300 | NULL |        0 |
| AARUSH   | SALESMAN            | 1980-02-14 | 1350 | 2700 |        0 |
| ALEX     | MANAGER             | 1982-01-24 | 1250 |  500 |        1 |
| NATASHA  | CLERK               | 1981-07-19 | 1750 | NULL |        1 |
| SANGITA  | Compliance officers | 1981-07-19 | 1750 | NULL |        1 |
| SUPRIYA  | ANALYST             | 1981-07-19 | 1750 | NULL |        1 |
+----------+---------------------+------------+------+------+----------+
28 rows in set (0.00 sec)

mysql> select ename, job, hiredate, sal, comm, isActive from emp where comm =null;
Empty set (0.00 sec)

mysql> select ename, job, hiredate, sal, comm, isActive from emp where comm is null null;
ERROR 1064 (42000): You have an error in your SQL syntax; check the manual that corresponds to your MySQL server version for the right syntax to use near 'null' at line 1
mysql> select ename, job, hiredate, sal, comm, isActive from emp where comm is null;
+----------+---------------------+------------+------+------+----------+
| ename    | job                 | hiredate   | sal  | comm | isActive |
+----------+---------------------+------------+------+------+----------+
| GITA     | Compliance officers | 1981-07-19 | 1750 | NULL |        1 |
| VRUSHALI | Compliance officers | 1981-07-19 | 1750 | NULL |        1 |
| SHARMIN  | Public Relation     | 1981-07-19 | 1750 | NULL |        1 |
| BANDISH  | Public Relation     | 1981-07-19 | 1750 | NULL |        1 |
| SMITH    | CLERK               | 1980-12-17 |  800 | NULL |        0 |
| AARAV    | CLERK               | 1981-12-31 | 3350 | NULL |        0 |
| THOMAS   | CLERK               | 1981-07-19 | 1750 | NULL |        0 |
| JONES    | MANAGER             | 1981-04-02 | 2975 | NULL |        1 |
| BLAKE    | MANAGER             | 1981-05-01 | 2850 | NULL |        1 |
| CLARK    | MANAGER             | 1981-06-09 | 2450 | NULL |        1 |
| SCOTT    | ANALYST             | 1982-12-09 | 3000 | NULL |        1 |
| KING     | PRESIDENT           | 1981-11-17 | 5000 | NULL |        1 |
| FRED     | vice PRESIDENT      | 1983-08-09 | 5000 | NULL |        1 |
| ADAMS    | CLERK               | 1983-01-12 | 1100 | NULL |        1 |
| JAMES    | CLERK               | 1981-12-03 |  950 | NULL |        1 |
| FORD     | ANALYST             | 1981-12-03 | 3000 | NULL |        0 |
| HOFFMAN  | MANAGER             | 1982-03-24 | 4150 | NULL |        1 |
| MILLER   | CLERK               | 1982-01-23 | 1300 | NULL |        0 |
| NATASHA  | CLERK               | 1981-07-19 | 1750 | NULL |        1 |
| SANGITA  | Compliance officers | 1981-07-19 | 1750 | NULL |        1 |
| SUPRIYA  | ANALYST             | 1981-07-19 | 1750 | NULL |        1 |
+----------+---------------------+------------+------+------+----------+
21 rows in set (0.00 sec)

mysql> select ename, job, hiredate, sal, comm, isActive from emp where comm is not null;
+--------+----------+------------+------+------+----------+
| ename  | job      | hiredate   | sal  | comm | isActive |
+--------+----------+------------+------+------+----------+
| ALLEN  | SALESMAN | 1981-02-20 | 1600 |  300 |        1 |
| WARD   | SALESMAN | 1981-02-22 | 1250 |  500 |        1 |
| MARTIN | SALESMAN | 1981-09-28 | 1250 | 1400 |        1 |
| TURNER | SALESMAN | 1981-09-08 | 1500 |    0 |        1 |
| GRASS  | SALESMAN | 1980-02-14 | 2575 | 2700 |        1 |
| AARUSH | SALESMAN | 1980-02-14 | 1350 | 2700 |        0 |
| ALEX   | MANAGER  | 1982-01-24 | 1250 |  500 |        1 |
+--------+----------+------------+------+------+----------+
7 rows in set (0.00 sec)

mysql> select ename, job, hiredate, sal, comm, isActive from emp where isActive=1
    -> ;
+----------+---------------------+------------+------+------+----------+
| ename    | job                 | hiredate   | sal  | comm | isActive |
+----------+---------------------+------------+------+------+----------+
| GITA     | Compliance officers | 1981-07-19 | 1750 | NULL |        1 |
| VRUSHALI | Compliance officers | 1981-07-19 | 1750 | NULL |        1 |
| SHARMIN  | Public Relation     | 1981-07-19 | 1750 | NULL |        1 |
| BANDISH  | Public Relation     | 1981-07-19 | 1750 | NULL |        1 |
| ALLEN    | SALESMAN            | 1981-02-20 | 1600 |  300 |        1 |
| WARD     | SALESMAN            | 1981-02-22 | 1250 |  500 |        1 |
| JONES    | MANAGER             | 1981-04-02 | 2975 | NULL |        1 |
| MARTIN   | SALESMAN            | 1981-09-28 | 1250 | 1400 |        1 |
| BLAKE    | MANAGER             | 1981-05-01 | 2850 | NULL |        1 |
| CLARK    | MANAGER             | 1981-06-09 | 2450 | NULL |        1 |
| SCOTT    | ANALYST             | 1982-12-09 | 3000 | NULL |        1 |
| KING     | PRESIDENT           | 1981-11-17 | 5000 | NULL |        1 |
| FRED     | vice PRESIDENT      | 1983-08-09 | 5000 | NULL |        1 |
| TURNER   | SALESMAN            | 1981-09-08 | 1500 |    0 |        1 |
| ADAMS    | CLERK               | 1983-01-12 | 1100 | NULL |        1 |
| JAMES    | CLERK               | 1981-12-03 |  950 | NULL |        1 |
| HOFFMAN  | MANAGER             | 1982-03-24 | 4150 | NULL |        1 |
| GRASS    | SALESMAN            | 1980-02-14 | 2575 | 2700 |        1 |
| ALEX     | MANAGER             | 1982-01-24 | 1250 |  500 |        1 |
| NATASHA  | CLERK               | 1981-07-19 | 1750 | NULL |        1 |
| SANGITA  | Compliance officers | 1981-07-19 | 1750 | NULL |        1 |
| SUPRIYA  | ANALYST             | 1981-07-19 | 1750 | NULL |        1 |
+----------+---------------------+------------+------+------+----------+
22 rows in set (0.00 sec)

mysql> select ename, job, hiredate, sal, comm, isActive from emp where isActive=0;
+--------+----------+------------+------+------+----------+
| ename  | job      | hiredate   | sal  | comm | isActive |
+--------+----------+------------+------+------+----------+
| SMITH  | CLERK    | 1980-12-17 |  800 | NULL |        0 |
| AARAV  | CLERK    | 1981-12-31 | 3350 | NULL |        0 |
| THOMAS | CLERK    | 1981-07-19 | 1750 | NULL |        0 |
| FORD   | ANALYST  | 1981-12-03 | 3000 | NULL |        0 |
| MILLER | CLERK    | 1982-01-23 | 1300 | NULL |        0 |
| AARUSH | SALESMAN | 1980-02-14 | 1350 | 2700 |        0 |
+--------+----------+------------+------+------+----------+
6 rows in set (0.00 sec)

mysql> select ename, job, hiredate, sal, comm, isActive from emp where isActive;
+----------+---------------------+------------+------+------+----------+
| ename    | job                 | hiredate   | sal  | comm | isActive |
+----------+---------------------+------------+------+------+----------+
| GITA     | Compliance officers | 1981-07-19 | 1750 | NULL |        1 |
| VRUSHALI | Compliance officers | 1981-07-19 | 1750 | NULL |        1 |
| SHARMIN  | Public Relation     | 1981-07-19 | 1750 | NULL |        1 |
| BANDISH  | Public Relation     | 1981-07-19 | 1750 | NULL |        1 |
| ALLEN    | SALESMAN            | 1981-02-20 | 1600 |  300 |        1 |
| WARD     | SALESMAN            | 1981-02-22 | 1250 |  500 |        1 |
| JONES    | MANAGER             | 1981-04-02 | 2975 | NULL |        1 |
| MARTIN   | SALESMAN            | 1981-09-28 | 1250 | 1400 |        1 |
| BLAKE    | MANAGER             | 1981-05-01 | 2850 | NULL |        1 |
| CLARK    | MANAGER             | 1981-06-09 | 2450 | NULL |        1 |
| SCOTT    | ANALYST             | 1982-12-09 | 3000 | NULL |        1 |
| KING     | PRESIDENT           | 1981-11-17 | 5000 | NULL |        1 |
| FRED     | vice PRESIDENT      | 1983-08-09 | 5000 | NULL |        1 |
| TURNER   | SALESMAN            | 1981-09-08 | 1500 |    0 |        1 |
| ADAMS    | CLERK               | 1983-01-12 | 1100 | NULL |        1 |
| JAMES    | CLERK               | 1981-12-03 |  950 | NULL |        1 |
| HOFFMAN  | MANAGER             | 1982-03-24 | 4150 | NULL |        1 |
| GRASS    | SALESMAN            | 1980-02-14 | 2575 | 2700 |        1 |
| ALEX     | MANAGER             | 1982-01-24 | 1250 |  500 |        1 |
| NATASHA  | CLERK               | 1981-07-19 | 1750 | NULL |        1 |
| SANGITA  | Compliance officers | 1981-07-19 | 1750 | NULL |        1 |
| SUPRIYA  | ANALYST             | 1981-07-19 | 1750 | NULL |        1 |
+----------+---------------------+------------+------+------+----------+
22 rows in set (0.00 sec)

mysql> select * from tasks;
+----+--------+-----------+
| id | title  | completed |
+----+--------+-----------+
|  1 | Task-1 |         1 |
|  2 | Task0  |         0 |
|  3 | Task1  |         0 |
|  4 | Task2  |         1 |
|  5 | Task3  |         0 |
|  6 | Task4  |         1 |
|  7 | Task5  |      NULL |
|  8 | Task6  |      NULL |
|  9 | Task7  |         0 |
| 10 | Task8  |         1 |
| 11 | Task9  |        12 |
| 12 | Task10 |        58 |
| 13 | Task11 |         1 |
| 14 | Task12 |         0 |
| 15 | Task13 |         1 |
| 16 | Task14 |      NULL |
+----+--------+-----------+
16 rows in set (0.01 sec)

mysql> desc tasks;
+-----------+--------------+------+-----+---------+----------------+
| Field     | Type         | Null | Key | Default | Extra          |
+-----------+--------------+------+-----+---------+----------------+
| id        | int          | NO   | PRI | NULL    | auto_increment |
| title     | varchar(255) | NO   |     | NULL    |                |
| completed | tinyint(1)   | YES  |     | NULL    |                |
+-----------+--------------+------+-----+---------+----------------+
3 rows in set (0.00 sec)

mysql> select * from tasks;
+----+--------+-----------+
| id | title  | completed |
+----+--------+-----------+
|  1 | Task-1 |         1 |
|  2 | Task0  |         0 |
|  3 | Task1  |         0 |
|  4 | Task2  |         1 |
|  5 | Task3  |         0 |
|  6 | Task4  |         1 |
|  7 | Task5  |      NULL |
|  8 | Task6  |      NULL |
|  9 | Task7  |         0 |
| 10 | Task8  |         1 |
| 11 | Task9  |        12 |
| 12 | Task10 |        58 |
| 13 | Task11 |         1 |
| 14 | Task12 |         0 |
| 15 | Task13 |         1 |
| 16 | Task14 |      NULL |
+----+--------+-----------+
16 rows in set (0.00 sec)

mysql> select * from tasks where completed=1;
+----+--------+-----------+
| id | title  | completed |
+----+--------+-----------+
|  1 | Task-1 |         1 |
|  4 | Task2  |         1 |
|  6 | Task4  |         1 |
| 10 | Task8  |         1 |
| 13 | Task11 |         1 |
| 15 | Task13 |         1 |
+----+--------+-----------+
6 rows in set (0.00 sec)

mysql> select * from tasks where completed;
+----+--------+-----------+
| id | title  | completed |
+----+--------+-----------+
|  1 | Task-1 |         1 |
|  4 | Task2  |         1 |
|  6 | Task4  |         1 |
| 10 | Task8  |         1 |
| 11 | Task9  |        12 |
| 12 | Task10 |        58 |
| 13 | Task11 |         1 |
| 15 | Task13 |         1 |
+----+--------+-----------+
8 rows in set (0.00 sec)

mysql> select * from tasks where completed=58;
+----+--------+-----------+
| id | title  | completed |
+----+--------+-----------+
| 12 | Task10 |        58 |
+----+--------+-----------+
1 row in set (0.00 sec)

mysql> SELECT 'a' = 1;
+---------+
| 'a' = 1 |
+---------+
|       0 |
+---------+
1 row in set, 1 warning (0.00 sec)

mysql> SELECT '1' = 1;
+---------+
| '1' = 1 |
+---------+
|       1 |
+---------+
1 row in set (0.00 sec)

mysql> SELECT '11' = 1;
+----------+
| '11' = 1 |
+----------+
|        0 |
+----------+
1 row in set (0.00 sec)

mysql> select ename, job, hiredate, sal, comm, isActive from emp where true;
+----------+---------------------+------------+------+------+----------+
| ename    | job                 | hiredate   | sal  | comm | isActive |
+----------+---------------------+------------+------+------+----------+
| GITA     | Compliance officers | 1981-07-19 | 1750 | NULL |        1 |
| VRUSHALI | Compliance officers | 1981-07-19 | 1750 | NULL |        1 |
| SHARMIN  | Public Relation     | 1981-07-19 | 1750 | NULL |        1 |
| BANDISH  | Public Relation     | 1981-07-19 | 1750 | NULL |        1 |
| SMITH    | CLERK               | 1980-12-17 |  800 | NULL |        0 |
| AARAV    | CLERK               | 1981-12-31 | 3350 | NULL |        0 |
| THOMAS   | CLERK               | 1981-07-19 | 1750 | NULL |        0 |
| ALLEN    | SALESMAN            | 1981-02-20 | 1600 |  300 |        1 |
| WARD     | SALESMAN            | 1981-02-22 | 1250 |  500 |        1 |
| JONES    | MANAGER             | 1981-04-02 | 2975 | NULL |        1 |
| MARTIN   | SALESMAN            | 1981-09-28 | 1250 | 1400 |        1 |
| BLAKE    | MANAGER             | 1981-05-01 | 2850 | NULL |        1 |
| CLARK    | MANAGER             | 1981-06-09 | 2450 | NULL |        1 |
| SCOTT    | ANALYST             | 1982-12-09 | 3000 | NULL |        1 |
| KING     | PRESIDENT           | 1981-11-17 | 5000 | NULL |        1 |
| FRED     | vice PRESIDENT      | 1983-08-09 | 5000 | NULL |        1 |
| TURNER   | SALESMAN            | 1981-09-08 | 1500 |    0 |        1 |
| ADAMS    | CLERK               | 1983-01-12 | 1100 | NULL |        1 |
| JAMES    | CLERK               | 1981-12-03 |  950 | NULL |        1 |
| FORD     | ANALYST             | 1981-12-03 | 3000 | NULL |        0 |
| HOFFMAN  | MANAGER             | 1982-03-24 | 4150 | NULL |        1 |
| GRASS    | SALESMAN            | 1980-02-14 | 2575 | 2700 |        1 |
| MILLER   | CLERK               | 1982-01-23 | 1300 | NULL |        0 |
| AARUSH   | SALESMAN            | 1980-02-14 | 1350 | 2700 |        0 |
| ALEX     | MANAGER             | 1982-01-24 | 1250 |  500 |        1 |
| NATASHA  | CLERK               | 1981-07-19 | 1750 | NULL |        1 |
| SANGITA  | Compliance officers | 1981-07-19 | 1750 | NULL |        1 |
| SUPRIYA  | ANALYST             | 1981-07-19 | 1750 | NULL |        1 |
+----------+---------------------+------------+------+------+----------+
28 rows in set (0.00 sec)

mysql> select ename, job, hiredate, sal, comm, isActive from emp where 11;
+----------+---------------------+------------+------+------+----------+
| ename    | job                 | hiredate   | sal  | comm | isActive |
+----------+---------------------+------------+------+------+----------+
| GITA     | Compliance officers | 1981-07-19 | 1750 | NULL |        1 |
| VRUSHALI | Compliance officers | 1981-07-19 | 1750 | NULL |        1 |
| SHARMIN  | Public Relation     | 1981-07-19 | 1750 | NULL |        1 |
| BANDISH  | Public Relation     | 1981-07-19 | 1750 | NULL |        1 |
| SMITH    | CLERK               | 1980-12-17 |  800 | NULL |        0 |
| AARAV    | CLERK               | 1981-12-31 | 3350 | NULL |        0 |
| THOMAS   | CLERK               | 1981-07-19 | 1750 | NULL |        0 |
| ALLEN    | SALESMAN            | 1981-02-20 | 1600 |  300 |        1 |
| WARD     | SALESMAN            | 1981-02-22 | 1250 |  500 |        1 |
| JONES    | MANAGER             | 1981-04-02 | 2975 | NULL |        1 |
| MARTIN   | SALESMAN            | 1981-09-28 | 1250 | 1400 |        1 |
| BLAKE    | MANAGER             | 1981-05-01 | 2850 | NULL |        1 |
| CLARK    | MANAGER             | 1981-06-09 | 2450 | NULL |        1 |
| SCOTT    | ANALYST             | 1982-12-09 | 3000 | NULL |        1 |
| KING     | PRESIDENT           | 1981-11-17 | 5000 | NULL |        1 |
| FRED     | vice PRESIDENT      | 1983-08-09 | 5000 | NULL |        1 |
| TURNER   | SALESMAN            | 1981-09-08 | 1500 |    0 |        1 |
| ADAMS    | CLERK               | 1983-01-12 | 1100 | NULL |        1 |
| JAMES    | CLERK               | 1981-12-03 |  950 | NULL |        1 |
| FORD     | ANALYST             | 1981-12-03 | 3000 | NULL |        0 |
| HOFFMAN  | MANAGER             | 1982-03-24 | 4150 | NULL |        1 |
| GRASS    | SALESMAN            | 1980-02-14 | 2575 | 2700 |        1 |
| MILLER   | CLERK               | 1982-01-23 | 1300 | NULL |        0 |
| AARUSH   | SALESMAN            | 1980-02-14 | 1350 | 2700 |        0 |
| ALEX     | MANAGER             | 1982-01-24 | 1250 |  500 |        1 |
| NATASHA  | CLERK               | 1981-07-19 | 1750 | NULL |        1 |
| SANGITA  | Compliance officers | 1981-07-19 | 1750 | NULL |        1 |
| SUPRIYA  | ANALYST             | 1981-07-19 | 1750 | NULL |        1 |
+----------+---------------------+------------+------+------+----------+
28 rows in set (0.00 sec)

mysql> select ename, job, hiredate, sal, comm, isActive from emp where 11;
+----------+---------------------+------------+------+------+----------+
| ename    | job                 | hiredate   | sal  | comm | isActive |
+----------+---------------------+------------+------+------+----------+
| GITA     | Compliance officers | 1981-07-19 | 1750 | NULL |        1 |
| VRUSHALI | Compliance officers | 1981-07-19 | 1750 | NULL |        1 |
| SHARMIN  | Public Relation     | 1981-07-19 | 1750 | NULL |        1 |
| BANDISH  | Public Relation     | 1981-07-19 | 1750 | NULL |        1 |
| SMITH    | CLERK               | 1980-12-17 |  800 | NULL |        0 |
| AARAV    | CLERK               | 1981-12-31 | 3350 | NULL |        0 |
| THOMAS   | CLERK               | 1981-07-19 | 1750 | NULL |        0 |
| ALLEN    | SALESMAN            | 1981-02-20 | 1600 |  300 |        1 |
| WARD     | SALESMAN            | 1981-02-22 | 1250 |  500 |        1 |
| JONES    | MANAGER             | 1981-04-02 | 2975 | NULL |        1 |
| MARTIN   | SALESMAN            | 1981-09-28 | 1250 | 1400 |        1 |
| BLAKE    | MANAGER             | 1981-05-01 | 2850 | NULL |        1 |
| CLARK    | MANAGER             | 1981-06-09 | 2450 | NULL |        1 |
| SCOTT    | ANALYST             | 1982-12-09 | 3000 | NULL |        1 |
| KING     | PRESIDENT           | 1981-11-17 | 5000 | NULL |        1 |
| FRED     | vice PRESIDENT      | 1983-08-09 | 5000 | NULL |        1 |
| TURNER   | SALESMAN            | 1981-09-08 | 1500 |    0 |        1 |
| ADAMS    | CLERK               | 1983-01-12 | 1100 | NULL |        1 |
| JAMES    | CLERK               | 1981-12-03 |  950 | NULL |        1 |
| FORD     | ANALYST             | 1981-12-03 | 3000 | NULL |        0 |
| HOFFMAN  | MANAGER             | 1982-03-24 | 4150 | NULL |        1 |
| GRASS    | SALESMAN            | 1980-02-14 | 2575 | 2700 |        1 |
| MILLER   | CLERK               | 1982-01-23 | 1300 | NULL |        0 |
| AARUSH   | SALESMAN            | 1980-02-14 | 1350 | 2700 |        0 |
| ALEX     | MANAGER             | 1982-01-24 | 1250 |  500 |        1 |
| NATASHA  | CLERK               | 1981-07-19 | 1750 | NULL |        1 |
| SANGITA  | Compliance officers | 1981-07-19 | 1750 | NULL |        1 |
| SUPRIYA  | ANALYST             | 1981-07-19 | 1750 | NULL |        1 |
+----------+---------------------+------------+------+------+----------+
28 rows in set (0.00 sec)

mysql> select ename, job, hiredate, sal, comm, isActive from emp where 0;
Empty set (0.00 sec)

mysql> select ename, job, hiredate, sal, comm, isActive from emp where false= false;
+----------+---------------------+------------+------+------+----------+
| ename    | job                 | hiredate   | sal  | comm | isActive |
+----------+---------------------+------------+------+------+----------+
| GITA     | Compliance officers | 1981-07-19 | 1750 | NULL |        1 |
| VRUSHALI | Compliance officers | 1981-07-19 | 1750 | NULL |        1 |
| SHARMIN  | Public Relation     | 1981-07-19 | 1750 | NULL |        1 |
| BANDISH  | Public Relation     | 1981-07-19 | 1750 | NULL |        1 |
| SMITH    | CLERK               | 1980-12-17 |  800 | NULL |        0 |
| AARAV    | CLERK               | 1981-12-31 | 3350 | NULL |        0 |
| THOMAS   | CLERK               | 1981-07-19 | 1750 | NULL |        0 |
| ALLEN    | SALESMAN            | 1981-02-20 | 1600 |  300 |        1 |
| WARD     | SALESMAN            | 1981-02-22 | 1250 |  500 |        1 |
| JONES    | MANAGER             | 1981-04-02 | 2975 | NULL |        1 |
| MARTIN   | SALESMAN            | 1981-09-28 | 1250 | 1400 |        1 |
| BLAKE    | MANAGER             | 1981-05-01 | 2850 | NULL |        1 |
| CLARK    | MANAGER             | 1981-06-09 | 2450 | NULL |        1 |
| SCOTT    | ANALYST             | 1982-12-09 | 3000 | NULL |        1 |
| KING     | PRESIDENT           | 1981-11-17 | 5000 | NULL |        1 |
| FRED     | vice PRESIDENT      | 1983-08-09 | 5000 | NULL |        1 |
| TURNER   | SALESMAN            | 1981-09-08 | 1500 |    0 |        1 |
| ADAMS    | CLERK               | 1983-01-12 | 1100 | NULL |        1 |
| JAMES    | CLERK               | 1981-12-03 |  950 | NULL |        1 |
| FORD     | ANALYST             | 1981-12-03 | 3000 | NULL |        0 |
| HOFFMAN  | MANAGER             | 1982-03-24 | 4150 | NULL |        1 |
| GRASS    | SALESMAN            | 1980-02-14 | 2575 | 2700 |        1 |
| MILLER   | CLERK               | 1982-01-23 | 1300 | NULL |        0 |
| AARUSH   | SALESMAN            | 1980-02-14 | 1350 | 2700 |        0 |
| ALEX     | MANAGER             | 1982-01-24 | 1250 |  500 |        1 |
| NATASHA  | CLERK               | 1981-07-19 | 1750 | NULL |        1 |
| SANGITA  | Compliance officers | 1981-07-19 | 1750 | NULL |        1 |
| SUPRIYA  | ANALYST             | 1981-07-19 | 1750 | NULL |        1 |
+----------+---------------------+------------+------+------+----------+
28 rows in set (0.00 sec)

mysql> select ename, job, hiredate, sal, comm, isActive from emp where false = 0;
+----------+---------------------+------------+------+------+----------+
| ename    | job                 | hiredate   | sal  | comm | isActive |
+----------+---------------------+------------+------+------+----------+
| GITA     | Compliance officers | 1981-07-19 | 1750 | NULL |        1 |
| VRUSHALI | Compliance officers | 1981-07-19 | 1750 | NULL |        1 |
| SHARMIN  | Public Relation     | 1981-07-19 | 1750 | NULL |        1 |
| BANDISH  | Public Relation     | 1981-07-19 | 1750 | NULL |        1 |
| SMITH    | CLERK               | 1980-12-17 |  800 | NULL |        0 |
| AARAV    | CLERK               | 1981-12-31 | 3350 | NULL |        0 |
| THOMAS   | CLERK               | 1981-07-19 | 1750 | NULL |        0 |
| ALLEN    | SALESMAN            | 1981-02-20 | 1600 |  300 |        1 |
| WARD     | SALESMAN            | 1981-02-22 | 1250 |  500 |        1 |
| JONES    | MANAGER             | 1981-04-02 | 2975 | NULL |        1 |
| MARTIN   | SALESMAN            | 1981-09-28 | 1250 | 1400 |        1 |
| BLAKE    | MANAGER             | 1981-05-01 | 2850 | NULL |        1 |
| CLARK    | MANAGER             | 1981-06-09 | 2450 | NULL |        1 |
| SCOTT    | ANALYST             | 1982-12-09 | 3000 | NULL |        1 |
| KING     | PRESIDENT           | 1981-11-17 | 5000 | NULL |        1 |
| FRED     | vice PRESIDENT      | 1983-08-09 | 5000 | NULL |        1 |
| TURNER   | SALESMAN            | 1981-09-08 | 1500 |    0 |        1 |
| ADAMS    | CLERK               | 1983-01-12 | 1100 | NULL |        1 |
| JAMES    | CLERK               | 1981-12-03 |  950 | NULL |        1 |
| FORD     | ANALYST             | 1981-12-03 | 3000 | NULL |        0 |
| HOFFMAN  | MANAGER             | 1982-03-24 | 4150 | NULL |        1 |
| GRASS    | SALESMAN            | 1980-02-14 | 2575 | 2700 |        1 |
| MILLER   | CLERK               | 1982-01-23 | 1300 | NULL |        0 |
| AARUSH   | SALESMAN            | 1980-02-14 | 1350 | 2700 |        0 |
| ALEX     | MANAGER             | 1982-01-24 | 1250 |  500 |        1 |
| NATASHA  | CLERK               | 1981-07-19 | 1750 | NULL |        1 |
| SANGITA  | Compliance officers | 1981-07-19 | 1750 | NULL |        1 |
| SUPRIYA  | ANALYST             | 1981-07-19 | 1750 | NULL |        1 |
+----------+---------------------+------------+------+------+----------+
28 rows in set (0.00 sec)

mysql> select ename, job, hiredate, sal, comm, isActive from emp where false = 0;
+----------+---------------------+------------+------+------+----------+
| ename    | job                 | hiredate   | sal  | comm | isActive |
+----------+---------------------+------------+------+------+----------+
| GITA     | Compliance officers | 1981-07-19 | 1750 | NULL |        1 |
| VRUSHALI | Compliance officers | 1981-07-19 | 1750 | NULL |        1 |
| SHARMIN  | Public Relation     | 1981-07-19 | 1750 | NULL |        1 |
| BANDISH  | Public Relation     | 1981-07-19 | 1750 | NULL |        1 |
| SMITH    | CLERK               | 1980-12-17 |  800 | NULL |        0 |
| AARAV    | CLERK               | 1981-12-31 | 3350 | NULL |        0 |
| THOMAS   | CLERK               | 1981-07-19 | 1750 | NULL |        0 |
| ALLEN    | SALESMAN            | 1981-02-20 | 1600 |  300 |        1 |
| WARD     | SALESMAN            | 1981-02-22 | 1250 |  500 |        1 |
| JONES    | MANAGER             | 1981-04-02 | 2975 | NULL |        1 |
| MARTIN   | SALESMAN            | 1981-09-28 | 1250 | 1400 |        1 |
| BLAKE    | MANAGER             | 1981-05-01 | 2850 | NULL |        1 |
| CLARK    | MANAGER             | 1981-06-09 | 2450 | NULL |        1 |
| SCOTT    | ANALYST             | 1982-12-09 | 3000 | NULL |        1 |
| KING     | PRESIDENT           | 1981-11-17 | 5000 | NULL |        1 |
| FRED     | vice PRESIDENT      | 1983-08-09 | 5000 | NULL |        1 |
| TURNER   | SALESMAN            | 1981-09-08 | 1500 |    0 |        1 |
| ADAMS    | CLERK               | 1983-01-12 | 1100 | NULL |        1 |
| JAMES    | CLERK               | 1981-12-03 |  950 | NULL |        1 |
| FORD     | ANALYST             | 1981-12-03 | 3000 | NULL |        0 |
| HOFFMAN  | MANAGER             | 1982-03-24 | 4150 | NULL |        1 |
| GRASS    | SALESMAN            | 1980-02-14 | 2575 | 2700 |        1 |
| MILLER   | CLERK               | 1982-01-23 | 1300 | NULL |        0 |
| AARUSH   | SALESMAN            | 1980-02-14 | 1350 | 2700 |        0 |
| ALEX     | MANAGER             | 1982-01-24 | 1250 |  500 |        1 |
| NATASHA  | CLERK               | 1981-07-19 | 1750 | NULL |        1 |
| SANGITA  | Compliance officers | 1981-07-19 | 1750 | NULL |        1 |
| SUPRIYA  | ANALYST             | 1981-07-19 | 1750 | NULL |        1 |
+----------+---------------------+------------+------+------+----------+
28 rows in set (0.00 sec)

mysql> SELECT * FROM emp WHERE True AND 1;
+-------+----------+--------+---------------------+------+------------+------+------+--------+---------+--------------+------------+------------+----------+
| EMPNO | ENAME    | GENDER | JOB                 | MGR  | HIREDATE   | SAL  | COMM | DEPTNO | BONUSID | USER NAME    | PWD        | PHONE      | isActive |
+-------+----------+--------+---------------------+------+------------+------+------+--------+---------+--------------+------------+------------+----------+
|  6001 | GITA     | F      | Compliance officers | 7920 | 1981-07-19 | 1750 | NULL |     30 |       1 | GITA         | sales@2017 | NULL       |        1 |
|  6129 | VRUSHALI | F      | Compliance officers | 7920 | 1981-07-19 | 1750 | NULL |     50 |       1 | VRUSHALI     | PUN@8877   | NULL       |        1 |
|  6473 | SHARMIN  | F      | Public Relation     | 7920 | 1981-07-19 | 1750 | NULL |     20 |       1 | SHARMIN      | a12recmpm  | NULL       |        1 |
|  6781 | BANDISH  | F      | Public Relation     | 7920 | 1981-07-19 | 1750 | NULL |     20 |       1 | BANDISH      | a12recmpm  | NULL       |        1 |
|  7369 | SMITH    | M      | CLERK               | 7902 | 1980-12-17 |  800 | NULL |     20 |       2 | TRITONE      | a12recmpm  | 7032300023 |        0 |
|  7415 | AARAV    | M      | CLERK               | 7902 | 1981-12-31 | 3350 | NULL |     10 |    NULL | AARAV        | NULL       | 7032300084 |        0 |
|  7421 | THOMAS   | M      | CLERK               | 7920 | 1981-07-19 | 1750 | NULL |     10 |       1 | THOMAS       | r50mpm     | 7032300011 |        0 |
|  7499 | ALLEN    | M      | SALESMAN            | 7698 | 1981-02-20 | 1600 |  300 |     30 |       4 | ALWAYS TESTE | sales@2017 | 7032300096 |        1 |
|  7521 | WARD     | M      | SALESMAN            | 7698 | 1981-02-22 | 1250 |  500 |     30 |       1 | WARD         | sales@2017 | 7132300034 |        1 |
|  7566 | JONES    | M      | MANAGER             | 7839 | 1981-04-02 | 2975 | NULL |     20 |       4 | HONEYCOMB    | a12recmpm  | 7132300039 |        1 |
|  7654 | MARTIN   | M      | SALESMAN            | 7698 | 1981-09-28 | 1250 | 1400 |     30 |       6 | LIFE RACER   | sales@2017 | 7132300050 |        1 |
|  7698 | BLAKE    | M      | MANAGER             | 7839 | 1981-05-01 | 2850 | NULL |     30 |       1 | BIG BEN      | sales@2017 | 7132300027 |        1 |
|  7782 | CLARK    | M      | MANAGER             | 7839 | 1981-06-09 | 2450 | NULL |     10 |       3 | CLARK        | r50mpm     | 7032300001 |        1 |
|  7788 | SCOTT    | M      | ANALYST             | 7566 | 1982-12-09 | 3000 | NULL |     20 |       3 | WHITE SAND   | a12recmpm  | NULL       |        1 |
|  7839 | KING     | M      | PRESIDENT           | NULL | 1981-11-17 | 5000 | NULL |     10 |       1 | KING         | r50mpm     | 7132300081 |        1 |
|  7840 | FRED     | M      | vice PRESIDENT      | 7839 | 1983-08-09 | 5000 | NULL |     20 |       1 | SAND STONE   | a12recmpm  | NULL       |        1 |
|  7844 | TURNER   | M      | SALESMAN            | 7698 | 1981-09-08 | 1500 |    0 |     30 |       5 | SAND DUST    | sales@2017 | NULL       |        1 |
|  7876 | ADAMS    | M      | CLERK               | 7788 | 1983-01-12 | 1100 | NULL |     20 |       1 | CRAZY ANYONE | a12recmpm  | 7132300086 |        1 |
|  7900 | JAMES    | M      | CLERK               | 7698 | 1981-12-03 |  950 | NULL |     30 |       2 | CRAZY LEADER | sales@2017 | 7132300042 |        1 |
|  7902 | FORD     | M      | ANALYST             | 7566 | 1981-12-03 | 3000 | NULL |     20 |       4 | CONBRIO      | a12recmpm  | NULL       |        0 |
|  7919 | HOFFMAN  | M      | MANAGER             | 7566 | 1982-03-24 | 4150 | NULL |     30 |       3 | INTERVAL     | sales@2017 | NULL       |        1 |
|  7920 | GRASS    | M      | SALESMAN            | 7919 | 1980-02-14 | 2575 | 2700 |     30 |       5 | GRASS        | sales@2017 | NULL       |        1 |
|  7934 | MILLER   | M      | CLERK               | 7782 | 1982-01-23 | 1300 | NULL |     10 |       2 | QUARTERNOTE  | r50mpm     | 7132300055 |        0 |
|  7945 | AARUSH   | M      | SALESMAN            | 7902 | 1980-02-14 | 1350 | 2700 |     30 |    NULL | AARUSH       | ABCDEF     | NULL       |        0 |
|  7949 | ALEX     | M      | MANAGER             | 7698 | 1982-01-24 | 1250 |  500 |     30 |       5 | QUARTERREST  | sales@2017 | 7156567183 |        1 |
|  8433 | NATASHA  | F      | CLERK               | 7920 | 1981-07-19 | 1750 | NULL |     30 |       1 | NATASHA      | sales@2017 | NULL       |        1 |
|  9400 | SANGITA  | F      | Compliance officers | 7920 | 1981-07-19 | 1750 | NULL |     50 |       1 | SANGITA      | NULL       | NULL       |        1 |
|  9473 | SUPRIYA  | F      | ANALYST             | 7920 | 1981-07-19 | 1750 | NULL |     50 |       1 | SUPRIYA      | XYZ@1234   | NULL       |        1 |
+-------+----------+--------+---------------------+------+------------+------+------+--------+---------+--------------+------------+------------+----------+
28 rows in set (0.00 sec)

mysql> select ename, job, hiredate, sal, comm, isActive from emp where true and 1;
+----------+---------------------+------------+------+------+----------+
| ename    | job                 | hiredate   | sal  | comm | isActive |
+----------+---------------------+------------+------+------+----------+
| GITA     | Compliance officers | 1981-07-19 | 1750 | NULL |        1 |
| VRUSHALI | Compliance officers | 1981-07-19 | 1750 | NULL |        1 |
| SHARMIN  | Public Relation     | 1981-07-19 | 1750 | NULL |        1 |
| BANDISH  | Public Relation     | 1981-07-19 | 1750 | NULL |        1 |
| SMITH    | CLERK               | 1980-12-17 |  800 | NULL |        0 |
| AARAV    | CLERK               | 1981-12-31 | 3350 | NULL |        0 |
| THOMAS   | CLERK               | 1981-07-19 | 1750 | NULL |        0 |
| ALLEN    | SALESMAN            | 1981-02-20 | 1600 |  300 |        1 |
| WARD     | SALESMAN            | 1981-02-22 | 1250 |  500 |        1 |
| JONES    | MANAGER             | 1981-04-02 | 2975 | NULL |        1 |
| MARTIN   | SALESMAN            | 1981-09-28 | 1250 | 1400 |        1 |
| BLAKE    | MANAGER             | 1981-05-01 | 2850 | NULL |        1 |
| CLARK    | MANAGER             | 1981-06-09 | 2450 | NULL |        1 |
| SCOTT    | ANALYST             | 1982-12-09 | 3000 | NULL |        1 |
| KING     | PRESIDENT           | 1981-11-17 | 5000 | NULL |        1 |
| FRED     | vice PRESIDENT      | 1983-08-09 | 5000 | NULL |        1 |
| TURNER   | SALESMAN            | 1981-09-08 | 1500 |    0 |        1 |
| ADAMS    | CLERK               | 1983-01-12 | 1100 | NULL |        1 |
| JAMES    | CLERK               | 1981-12-03 |  950 | NULL |        1 |
| FORD     | ANALYST             | 1981-12-03 | 3000 | NULL |        0 |
| HOFFMAN  | MANAGER             | 1982-03-24 | 4150 | NULL |        1 |
| GRASS    | SALESMAN            | 1980-02-14 | 2575 | 2700 |        1 |
| MILLER   | CLERK               | 1982-01-23 | 1300 | NULL |        0 |
| AARUSH   | SALESMAN            | 1980-02-14 | 1350 | 2700 |        0 |
| ALEX     | MANAGER             | 1982-01-24 | 1250 |  500 |        1 |
| NATASHA  | CLERK               | 1981-07-19 | 1750 | NULL |        1 |
| SANGITA  | Compliance officers | 1981-07-19 | 1750 | NULL |        1 |
| SUPRIYA  | ANALYST             | 1981-07-19 | 1750 | NULL |        1 |
+----------+---------------------+------------+------+------+----------+
28 rows in set (0.00 sec)

mysql> select ename, job, hiredate, sal, comm, isActive from emp where true and 0;
Empty set (0.00 sec)

mysql> select ename, job, hiredate, sal, comm, isActive from emp where true or 0;
+----------+---------------------+------------+------+------+----------+
| ename    | job                 | hiredate   | sal  | comm | isActive |
+----------+---------------------+------------+------+------+----------+
| GITA     | Compliance officers | 1981-07-19 | 1750 | NULL |        1 |
| VRUSHALI | Compliance officers | 1981-07-19 | 1750 | NULL |        1 |
| SHARMIN  | Public Relation     | 1981-07-19 | 1750 | NULL |        1 |
| BANDISH  | Public Relation     | 1981-07-19 | 1750 | NULL |        1 |
| SMITH    | CLERK               | 1980-12-17 |  800 | NULL |        0 |
| AARAV    | CLERK               | 1981-12-31 | 3350 | NULL |        0 |
| THOMAS   | CLERK               | 1981-07-19 | 1750 | NULL |        0 |
| ALLEN    | SALESMAN            | 1981-02-20 | 1600 |  300 |        1 |
| WARD     | SALESMAN            | 1981-02-22 | 1250 |  500 |        1 |
| JONES    | MANAGER             | 1981-04-02 | 2975 | NULL |        1 |
| MARTIN   | SALESMAN            | 1981-09-28 | 1250 | 1400 |        1 |
| BLAKE    | MANAGER             | 1981-05-01 | 2850 | NULL |        1 |
| CLARK    | MANAGER             | 1981-06-09 | 2450 | NULL |        1 |
| SCOTT    | ANALYST             | 1982-12-09 | 3000 | NULL |        1 |
| KING     | PRESIDENT           | 1981-11-17 | 5000 | NULL |        1 |
| FRED     | vice PRESIDENT      | 1983-08-09 | 5000 | NULL |        1 |
| TURNER   | SALESMAN            | 1981-09-08 | 1500 |    0 |        1 |
| ADAMS    | CLERK               | 1983-01-12 | 1100 | NULL |        1 |
| JAMES    | CLERK               | 1981-12-03 |  950 | NULL |        1 |
| FORD     | ANALYST             | 1981-12-03 | 3000 | NULL |        0 |
| HOFFMAN  | MANAGER             | 1982-03-24 | 4150 | NULL |        1 |
| GRASS    | SALESMAN            | 1980-02-14 | 2575 | 2700 |        1 |
| MILLER   | CLERK               | 1982-01-23 | 1300 | NULL |        0 |
| AARUSH   | SALESMAN            | 1980-02-14 | 1350 | 2700 |        0 |
| ALEX     | MANAGER             | 1982-01-24 | 1250 |  500 |        1 |
| NATASHA  | CLERK               | 1981-07-19 | 1750 | NULL |        1 |
| SANGITA  | Compliance officers | 1981-07-19 | 1750 | NULL |        1 |
| SUPRIYA  | ANALYST             | 1981-07-19 | 1750 | NULL |        1 |
+----------+---------------------+------------+------+------+----------+
28 rows in set (0.00 sec)

mysql> SELECT 0 AND NULL;
+------------+
| 0 AND NULL |
+------------+
|          0 |
+------------+
1 row in set (0.00 sec)

mysql> SELECT 1 AND NULL;
+------------+
| 1 AND NULL |
+------------+
|       NULL |
+------------+
1 row in set (0.00 sec)

mysql> SELECT 5 * 5 - '-5' as Result;
+--------+
| Result |
+--------+
|     30 |
+--------+
1 row in set (0.00 sec)

mysql> select -5 + -5;
+---------+
| -5 + -5 |
+---------+
|     -10 |
+---------+
1 row in set (0.00 sec)

mysql> SELECT "Hello" # "World" ;
    -> ;
+-------+
| Hello |
+-------+
| Hello |
+-------+
1 row in set (0.00 sec)

mysql> SELECT "Hello" # "World" ;
    -> ;
+-------+
| Hello |
+-------+
| Hello |
+-------+
1 row in set (0.00 sec)

mysql> select * from tasks where complited;
ERROR 1054 (42S22): Unknown column 'complited' in 'where clause'
mysql> select * from tasks where completed;
+----+--------+-----------+
| id | title  | completed |
+----+--------+-----------+
|  1 | Task-1 |         1 |
|  4 | Task2  |         1 |
|  6 | Task4  |         1 |
| 10 | Task8  |         1 |
| 11 | Task9  |        12 |
| 12 | Task10 |        58 |
| 13 | Task11 |         1 |
| 15 | Task13 |         1 |
+----+--------+-----------+
8 rows in set (0.00 sec)

mysql> select * from tasks where completed is True;
+----+--------+-----------+
| id | title  | completed |
+----+--------+-----------+
|  1 | Task-1 |         1 |
|  4 | Task2  |         1 |
|  6 | Task4  |         1 |
| 10 | Task8  |         1 |
| 11 | Task9  |        12 |
| 12 | Task10 |        58 |
| 13 | Task11 |         1 |
| 15 | Task13 |         1 |
+----+--------+-----------+
8 rows in set (0.00 sec)

mysql> select ename, job from emp;
+----------+---------------------+
| ename    | job                 |
+----------+---------------------+
| GITA     | Compliance officers |
| VRUSHALI | Compliance officers |
| SHARMIN  | Public Relation     |
| BANDISH  | Public Relation     |
| SMITH    | CLERK               |
| AARAV    | CLERK               |
| THOMAS   | CLERK               |
| ALLEN    | SALESMAN            |
| WARD     | SALESMAN            |
| JONES    | MANAGER             |
| MARTIN   | SALESMAN            |
| BLAKE    | MANAGER             |
| CLARK    | MANAGER             |
| SCOTT    | ANALYST             |
| KING     | PRESIDENT           |
| FRED     | vice PRESIDENT      |
| TURNER   | SALESMAN            |
| ADAMS    | CLERK               |
| JAMES    | CLERK               |
| FORD     | ANALYST             |
| HOFFMAN  | MANAGER             |
| GRASS    | SALESMAN            |
| MILLER   | CLERK               |
| AARUSH   | SALESMAN            |
| ALEX     | MANAGER             |
| NATASHA  | CLERK               |
| SANGITA  | Compliance officers |
| SUPRIYA  | ANALYST             |
+----------+---------------------+
28 rows in set (0.00 sec)

mysql> select ename, job from emp where job='manager' or job='salesman';
+---------+----------+
| ename   | job      |
+---------+----------+
| ALLEN   | SALESMAN |
| WARD    | SALESMAN |
| JONES   | MANAGER  |
| MARTIN  | SALESMAN |
| BLAKE   | MANAGER  |
| CLARK   | MANAGER  |
| TURNER  | SALESMAN |
| HOFFMAN | MANAGER  |
| GRASS   | SALESMAN |
| AARUSH  | SALESMAN |
| ALEX    | MANAGER  |
+---------+----------+
11 rows in set (0.00 sec)

mysql> select ename, job from emp where job in ('manager','salesman');
+---------+----------+
| ename   | job      |
+---------+----------+
| ALLEN   | SALESMAN |
| WARD    | SALESMAN |
| JONES   | MANAGER  |
| MARTIN  | SALESMAN |
| BLAKE   | MANAGER  |
| CLARK   | MANAGER  |
| TURNER  | SALESMAN |
| HOFFMAN | MANAGER  |
| GRASS   | SALESMAN |
| AARUSH  | SALESMAN |
| ALEX    | MANAGER  |
+---------+----------+
11 rows in set (0.00 sec)

mysql> select ename, job from emp where job in ('manager','salesman','CLERK');
+---------+----------+
| ename   | job      |
+---------+----------+
| SMITH   | CLERK    |
| AARAV   | CLERK    |
| THOMAS  | CLERK    |
| ALLEN   | SALESMAN |
| WARD    | SALESMAN |
| JONES   | MANAGER  |
| MARTIN  | SALESMAN |
| BLAKE   | MANAGER  |
| CLARK   | MANAGER  |
| TURNER  | SALESMAN |
| ADAMS   | CLERK    |
| JAMES   | CLERK    |
| HOFFMAN | MANAGER  |
| GRASS   | SALESMAN |
| MILLER  | CLERK    |
| AARUSH  | SALESMAN |
| ALEX    | MANAGER  |
| NATASHA | CLERK    |
+---------+----------+
18 rows in set (0.00 sec)

mysql> select ename, job, deptno from emp;
+----------+---------------------+--------+
| ename    | job                 | deptno |
+----------+---------------------+--------+
| GITA     | Compliance officers |     30 |
| VRUSHALI | Compliance officers |     50 |
| SHARMIN  | Public Relation     |     20 |
| BANDISH  | Public Relation     |     20 |
| SMITH    | CLERK               |     20 |
| AARAV    | CLERK               |     10 |
| THOMAS   | CLERK               |     10 |
| ALLEN    | SALESMAN            |     30 |
| WARD     | SALESMAN            |     30 |
| JONES    | MANAGER             |     20 |
| MARTIN   | SALESMAN            |     30 |
| BLAKE    | MANAGER             |     30 |
| CLARK    | MANAGER             |     10 |
| SCOTT    | ANALYST             |     20 |
| KING     | PRESIDENT           |     10 |
| FRED     | vice PRESIDENT      |     20 |
| TURNER   | SALESMAN            |     30 |
| ADAMS    | CLERK               |     20 |
| JAMES    | CLERK               |     30 |
| FORD     | ANALYST             |     20 |
| HOFFMAN  | MANAGER             |     30 |
| GRASS    | SALESMAN            |     30 |
| MILLER   | CLERK               |     10 |
| AARUSH   | SALESMAN            |     30 |
| ALEX     | MANAGER             |     30 |
| NATASHA  | CLERK               |     30 |
| SANGITA  | Compliance officers |     50 |
| SUPRIYA  | ANALYST             |     50 |
+----------+---------------------+--------+
28 rows in set (0.00 sec)

mysql> select ename, job, deptno from emp where False IN (10, 20, 0);
+----------+---------------------+--------+
| ename    | job                 | deptno |
+----------+---------------------+--------+
| GITA     | Compliance officers |     30 |
| VRUSHALI | Compliance officers |     50 |
| SHARMIN  | Public Relation     |     20 |
| BANDISH  | Public Relation     |     20 |
| SMITH    | CLERK               |     20 |
| AARAV    | CLERK               |     10 |
| THOMAS   | CLERK               |     10 |
| ALLEN    | SALESMAN            |     30 |
| WARD     | SALESMAN            |     30 |
| JONES    | MANAGER             |     20 |
| MARTIN   | SALESMAN            |     30 |
| BLAKE    | MANAGER             |     30 |
| CLARK    | MANAGER             |     10 |
| SCOTT    | ANALYST             |     20 |
| KING     | PRESIDENT           |     10 |
| FRED     | vice PRESIDENT      |     20 |
| TURNER   | SALESMAN            |     30 |
| ADAMS    | CLERK               |     20 |
| JAMES    | CLERK               |     30 |
| FORD     | ANALYST             |     20 |
| HOFFMAN  | MANAGER             |     30 |
| GRASS    | SALESMAN            |     30 |
| MILLER   | CLERK               |     10 |
| AARUSH   | SALESMAN            |     30 |
| ALEX     | MANAGER             |     30 |
| NATASHA  | CLERK               |     30 |
| SANGITA  | Compliance officers |     50 |
| SUPRIYA  | ANALYST             |     50 |
+----------+---------------------+--------+
28 rows in set (0.00 sec)

mysql> select ename, job, deptno from emp where True IN (10, 20, 0);
Empty set (0.00 sec)

mysql> select ename, job, deptno from emp where True IN (10, 20, 0, 1);
+----------+---------------------+--------+
| ename    | job                 | deptno |
+----------+---------------------+--------+
| GITA     | Compliance officers |     30 |
| VRUSHALI | Compliance officers |     50 |
| SHARMIN  | Public Relation     |     20 |
| BANDISH  | Public Relation     |     20 |
| SMITH    | CLERK               |     20 |
| AARAV    | CLERK               |     10 |
| THOMAS   | CLERK               |     10 |
| ALLEN    | SALESMAN            |     30 |
| WARD     | SALESMAN            |     30 |
| JONES    | MANAGER             |     20 |
| MARTIN   | SALESMAN            |     30 |
| BLAKE    | MANAGER             |     30 |
| CLARK    | MANAGER             |     10 |
| SCOTT    | ANALYST             |     20 |
| KING     | PRESIDENT           |     10 |
| FRED     | vice PRESIDENT      |     20 |
| TURNER   | SALESMAN            |     30 |
| ADAMS    | CLERK               |     20 |
| JAMES    | CLERK               |     30 |
| FORD     | ANALYST             |     20 |
| HOFFMAN  | MANAGER             |     30 |
| GRASS    | SALESMAN            |     30 |
| MILLER   | CLERK               |     10 |
| AARUSH   | SALESMAN            |     30 |
| ALEX     | MANAGER             |     30 |
| NATASHA  | CLERK               |     30 |
| SANGITA  | Compliance officers |     50 |
| SUPRIYA  | ANALYST             |     50 |
+----------+---------------------+--------+
28 rows in set (0.00 sec)

mysql> select ename, job, deptno from emp where True IN (10, 20, 0, 1,1,1,1);
+----------+---------------------+--------+
| ename    | job                 | deptno |
+----------+---------------------+--------+
| GITA     | Compliance officers |     30 |
| VRUSHALI | Compliance officers |     50 |
| SHARMIN  | Public Relation     |     20 |
| BANDISH  | Public Relation     |     20 |
| SMITH    | CLERK               |     20 |
| AARAV    | CLERK               |     10 |
| THOMAS   | CLERK               |     10 |
| ALLEN    | SALESMAN            |     30 |
| WARD     | SALESMAN            |     30 |
| JONES    | MANAGER             |     20 |
| MARTIN   | SALESMAN            |     30 |
| BLAKE    | MANAGER             |     30 |
| CLARK    | MANAGER             |     10 |
| SCOTT    | ANALYST             |     20 |
| KING     | PRESIDENT           |     10 |
| FRED     | vice PRESIDENT      |     20 |
| TURNER   | SALESMAN            |     30 |
| ADAMS    | CLERK               |     20 |
| JAMES    | CLERK               |     30 |
| FORD     | ANALYST             |     20 |
| HOFFMAN  | MANAGER             |     30 |
| GRASS    | SALESMAN            |     30 |
| MILLER   | CLERK               |     10 |
| AARUSH   | SALESMAN            |     30 |
| ALEX     | MANAGER             |     30 |
| NATASHA  | CLERK               |     30 |
| SANGITA  | Compliance officers |     50 |
| SUPRIYA  | ANALYST             |     50 |
+----------+---------------------+--------+
28 rows in set (0.00 sec)

mysql> select ename, job,sal, deptno from emp;
+----------+---------------------+------+--------+
| ename    | job                 | sal  | deptno |
+----------+---------------------+------+--------+
| GITA     | Compliance officers | 1750 |     30 |
| VRUSHALI | Compliance officers | 1750 |     50 |
| SHARMIN  | Public Relation     | 1750 |     20 |
| BANDISH  | Public Relation     | 1750 |     20 |
| SMITH    | CLERK               |  800 |     20 |
| AARAV    | CLERK               | 3350 |     10 |
| THOMAS   | CLERK               | 1750 |     10 |
| ALLEN    | SALESMAN            | 1600 |     30 |
| WARD     | SALESMAN            | 1250 |     30 |
| JONES    | MANAGER             | 2975 |     20 |
| MARTIN   | SALESMAN            | 1250 |     30 |
| BLAKE    | MANAGER             | 2850 |     30 |
| CLARK    | MANAGER             | 2450 |     10 |
| SCOTT    | ANALYST             | 3000 |     20 |
| KING     | PRESIDENT           | 5000 |     10 |
| FRED     | vice PRESIDENT      | 5000 |     20 |
| TURNER   | SALESMAN            | 1500 |     30 |
| ADAMS    | CLERK               | 1100 |     20 |
| JAMES    | CLERK               |  950 |     30 |
| FORD     | ANALYST             | 3000 |     20 |
| HOFFMAN  | MANAGER             | 4150 |     30 |
| GRASS    | SALESMAN            | 2575 |     30 |
| MILLER   | CLERK               | 1300 |     10 |
| AARUSH   | SALESMAN            | 1350 |     30 |
| ALEX     | MANAGER             | 1250 |     30 |
| NATASHA  | CLERK               | 1750 |     30 |
| SANGITA  | Compliance officers | 1750 |     50 |
| SUPRIYA  | ANALYST             | 1750 |     50 |
+----------+---------------------+------+--------+
28 rows in set (0.00 sec)

mysql> select ename, job,sal, deptno from emp where sal>2000 and sal<3000;
+-------+----------+------+--------+
| ename | job      | sal  | deptno |
+-------+----------+------+--------+
| JONES | MANAGER  | 2975 |     20 |
| BLAKE | MANAGER  | 2850 |     30 |
| CLARK | MANAGER  | 2450 |     10 |
| GRASS | SALESMAN | 2575 |     30 |
+-------+----------+------+--------+
4 rows in set (0.00 sec)

mysql> select ename, job,sal, deptno from emp where sal between 2000 and 3000;
+-------+----------+------+--------+
| ename | job      | sal  | deptno |
+-------+----------+------+--------+
| JONES | MANAGER  | 2975 |     20 |
| BLAKE | MANAGER  | 2850 |     30 |
| CLARK | MANAGER  | 2450 |     10 |
| SCOTT | ANALYST  | 3000 |     20 |
| FORD  | ANALYST  | 3000 |     20 |
| GRASS | SALESMAN | 2575 |     30 |
+-------+----------+------+--------+
6 rows in set (0.00 sec)

mysql> select ename, job,sal, deptno from emp where sal>=2000 and sal=<3000;
ERROR 1064 (42000): You have an error in your SQL syntax; check the manual that corresponds to your MySQL server version for the right syntax to use near '=<3000' at line 1
mysql> select ename, job,sal, deptno from emp where sal>=2000 and sal<=3000;
+-------+----------+------+--------+
| ename | job      | sal  | deptno |
+-------+----------+------+--------+
| JONES | MANAGER  | 2975 |     20 |
| BLAKE | MANAGER  | 2850 |     30 |
| CLARK | MANAGER  | 2450 |     10 |
| SCOTT | ANALYST  | 3000 |     20 |
| FORD  | ANALYST  | 3000 |     20 |
| GRASS | SALESMAN | 2575 |     30 |
+-------+----------+------+--------+
6 rows in set (0.00 sec)

mysql> select ename, job,sal, deptno from emp where sal between 2000 and 3000;
+-------+----------+------+--------+
| ename | job      | sal  | deptno |
+-------+----------+------+--------+
| JONES | MANAGER  | 2975 |     20 |
| BLAKE | MANAGER  | 2850 |     30 |
| CLARK | MANAGER  | 2450 |     10 |
| SCOTT | ANALYST  | 3000 |     20 |
| FORD  | ANALYST  | 3000 |     20 |
| GRASS | SALESMAN | 2575 |     30 |
+-------+----------+------+--------+
6 rows in set (0.00 sec)

mysql> select ename, job,sal, deptno from emp where ename between 'B' and 'S';
+---------+---------------------+------+--------+
| ename   | job                 | sal  | deptno |
+---------+---------------------+------+--------+
| GITA    | Compliance officers | 1750 |     30 |
| BANDISH | Public Relation     | 1750 |     20 |
| JONES   | MANAGER             | 2975 |     20 |
| MARTIN  | SALESMAN            | 1250 |     30 |
| BLAKE   | MANAGER             | 2850 |     30 |
| CLARK   | MANAGER             | 2450 |     10 |
| KING    | PRESIDENT           | 5000 |     10 |
| FRED    | vice PRESIDENT      | 5000 |     20 |
| JAMES   | CLERK               |  950 |     30 |
| FORD    | ANALYST             | 3000 |     20 |
| HOFFMAN | MANAGER             | 4150 |     30 |
| GRASS   | SALESMAN            | 2575 |     30 |
| MILLER  | CLERK               | 1300 |     10 |
| NATASHA | CLERK               | 1750 |     30 |
+---------+---------------------+------+--------+
14 rows in set (0.00 sec)

mysql> select ename, job,sal, deptno from emp where ename like 'A%';
+--------+----------+------+--------+
| ename  | job      | sal  | deptno |
+--------+----------+------+--------+
| AARAV  | CLERK    | 3350 |     10 |
| ALLEN  | SALESMAN | 1600 |     30 |
| ADAMS  | CLERK    | 1100 |     20 |
| AARUSH | SALESMAN | 1350 |     30 |
| ALEX   | MANAGER  | 1250 |     30 |
+--------+----------+------+--------+
5 rows in set (0.00 sec)

mysql> select ename, job,sal, deptno from emp where ename like 's%';
+---------+---------------------+------+--------+
| ename   | job                 | sal  | deptno |
+---------+---------------------+------+--------+
| SHARMIN | Public Relation     | 1750 |     20 |
| SMITH   | CLERK               |  800 |     20 |
| SCOTT   | ANALYST             | 3000 |     20 |
| SANGITA | Compliance officers | 1750 |     50 |
| SUPRIYA | ANALYST             | 1750 |     50 |
+---------+---------------------+------+--------+
5 rows in set (0.00 sec)

mysql> select ename, job,sal, deptno from emp where ename like '%a';
+---------+---------------------+------+--------+
| ename   | job                 | sal  | deptno |
+---------+---------------------+------+--------+
| GITA    | Compliance officers | 1750 |     30 |
| NATASHA | CLERK               | 1750 |     30 |
| SANGITA | Compliance officers | 1750 |     50 |
| SUPRIYA | ANALYST             | 1750 |     50 |
+---------+---------------------+------+--------+
4 rows in set (0.00 sec)

mysql> select ename, job,sal, deptno from emp where ename like '__A%';
+---------+-----------------+------+--------+
| ename   | job             | sal  | deptno |
+---------+-----------------+------+--------+
| SHARMIN | Public Relation | 1750 |     20 |
| BLAKE   | MANAGER         | 2850 |     30 |
| CLARK   | MANAGER         | 2450 |     10 |
| ADAMS   | CLERK           | 1100 |     20 |
| GRASS   | SALESMAN        | 2575 |     30 |
+---------+-----------------+------+--------+
5 rows in set (0.00 sec)

mysql> select * from temp;
ERROR 1146 (42S02): Table 'saleel.temp' doesn't exist
mysql> select * from temp1;
+------+------------------------+
| col1 | col2                   |
+------+------------------------+
|    1 | 25%                    |
|    2 | 1.st%                  |
|    3 | 30.12%                 |
|    4 | 12^4                   |
|    5 | 1^2^3                  |
|    6 | 56*12*.12              |
|    7 | 1st INT                |
|    8 | Rs. 1000               |
|    9 | $5000                  |
|   10 | ABB+                   |
|   11 | _ABB                   |
|   12 | A_BB                   |
|   13 | CNN                    |
|   14 | C_N_N                  |
|   15 | CN_N                   |
|   16 | ABB_                   |
|   17 | AB_B                   |
|   18 | %ABB                   |
|   19 | A%B%B                  |
|   20 | L&T                    |
|   21 | L_&_T                  |
|   22 | ABB-200                |
|   23 | ABB:200                |
|   24 | ABB_200                |
|   25 | ABB/200/300            |
|   26 | AC/100, AC/200, AC/300 |
|   27 | A_BC                   |
|   28 | A_B_C                  |
|   29 | A\_BC                  |
+------+------------------------+
29 rows in set (0.01 sec)

mysql> select * from temp1 where col2 like '%%%';
+------+------------------------+
| col1 | col2                   |
+------+------------------------+
|    1 | 25%                    |
|    2 | 1.st%                  |
|    3 | 30.12%                 |
|    4 | 12^4                   |
|    5 | 1^2^3                  |
|    6 | 56*12*.12              |
|    7 | 1st INT                |
|    8 | Rs. 1000               |
|    9 | $5000                  |
|   10 | ABB+                   |
|   11 | _ABB                   |
|   12 | A_BB                   |
|   13 | CNN                    |
|   14 | C_N_N                  |
|   15 | CN_N                   |
|   16 | ABB_                   |
|   17 | AB_B                   |
|   18 | %ABB                   |
|   19 | A%B%B                  |
|   20 | L&T                    |
|   21 | L_&_T                  |
|   22 | ABB-200                |
|   23 | ABB:200                |
|   24 | ABB_200                |
|   25 | ABB/200/300            |
|   26 | AC/100, AC/200, AC/300 |
|   27 | A_BC                   |
|   28 | A_B_C                  |
|   29 | A\_BC                  |
+------+------------------------+
29 rows in set (0.00 sec)

mysql> select * from temp1 where col2 like '%%';
+------+------------------------+
| col1 | col2                   |
+------+------------------------+
|    1 | 25%                    |
|    2 | 1.st%                  |
|    3 | 30.12%                 |
|    4 | 12^4                   |
|    5 | 1^2^3                  |
|    6 | 56*12*.12              |
|    7 | 1st INT                |
|    8 | Rs. 1000               |
|    9 | $5000                  |
|   10 | ABB+                   |
|   11 | _ABB                   |
|   12 | A_BB                   |
|   13 | CNN                    |
|   14 | C_N_N                  |
|   15 | CN_N                   |
|   16 | ABB_                   |
|   17 | AB_B                   |
|   18 | %ABB                   |
|   19 | A%B%B                  |
|   20 | L&T                    |
|   21 | L_&_T                  |
|   22 | ABB-200                |
|   23 | ABB:200                |
|   24 | ABB_200                |
|   25 | ABB/200/300            |
|   26 | AC/100, AC/200, AC/300 |
|   27 | A_BC                   |
|   28 | A_B_C                  |
|   29 | A\_BC                  |
+------+------------------------+
29 rows in set (0.00 sec)

mysql> select * from temp1 where col2 like '%';
+------+------------------------+
| col1 | col2                   |
+------+------------------------+
|    1 | 25%                    |
|    2 | 1.st%                  |
|    3 | 30.12%                 |
|    4 | 12^4                   |
|    5 | 1^2^3                  |
|    6 | 56*12*.12              |
|    7 | 1st INT                |
|    8 | Rs. 1000               |
|    9 | $5000                  |
|   10 | ABB+                   |
|   11 | _ABB                   |
|   12 | A_BB                   |
|   13 | CNN                    |
|   14 | C_N_N                  |
|   15 | CN_N                   |
|   16 | ABB_                   |
|   17 | AB_B                   |
|   18 | %ABB                   |
|   19 | A%B%B                  |
|   20 | L&T                    |
|   21 | L_&_T                  |
|   22 | ABB-200                |
|   23 | ABB:200                |
|   24 | ABB_200                |
|   25 | ABB/200/300            |
|   26 | AC/100, AC/200, AC/300 |
|   27 | A_BC                   |
|   28 | A_B_C                  |
|   29 | A\_BC                  |
+------+------------------------+
29 rows in set (0.00 sec)

mysql> select * from temp1 where col2 like '%\%%';
+------+--------+
| col1 | col2   |
+------+--------+
|    1 | 25%    |
|    2 | 1.st%  |
|    3 | 30.12% |
|   18 | %ABB   |
|   19 | A%B%B  |
+------+--------+
5 rows in set (0.00 sec)

mysql> select * from temp1 where col2 like '%/%%';
+------+------------------------+
| col1 | col2                   |
+------+------------------------+
|   25 | ABB/200/300            |
|   26 | AC/100, AC/200, AC/300 |
+------+------------------------+
2 rows in set (0.00 sec)

mysql> select * from temp1 where col2 like '%/%%' escape '/';
+------+--------+
| col1 | col2   |
+------+--------+
|    1 | 25%    |
|    2 | 1.st%  |
|    3 | 30.12% |
|   18 | %ABB   |
|   19 | A%B%B  |
+------+--------+
5 rows in set (0.00 sec)

mysql> select * from temp1 where col2 like '%\%%' escape '\';
    '> ;
    '> ^C
mysql> ^C
mysql> ^C
mysql> select * from temp1 where col2 like '%\%%';
+------+--------+
| col1 | col2   |
+------+--------+
|    1 | 25%    |
|    2 | 1.st%  |
|    3 | 30.12% |
|   18 | %ABB   |
|   19 | A%B%B  |
+------+--------+
5 rows in set (0.00 sec)

mysql> select ename, job,sal, deptno from emp where False LIKE 100 OR 0;
Empty set (0.00 sec)

mysql> select ename, job,sal, deptno from emp where False LIKE 00 OR 0;
+----------+---------------------+------+--------+
| ename    | job                 | sal  | deptno |
+----------+---------------------+------+--------+
| GITA     | Compliance officers | 1750 |     30 |
| VRUSHALI | Compliance officers | 1750 |     50 |
| SHARMIN  | Public Relation     | 1750 |     20 |
| BANDISH  | Public Relation     | 1750 |     20 |
| SMITH    | CLERK               |  800 |     20 |
| AARAV    | CLERK               | 3350 |     10 |
| THOMAS   | CLERK               | 1750 |     10 |
| ALLEN    | SALESMAN            | 1600 |     30 |
| WARD     | SALESMAN            | 1250 |     30 |
| JONES    | MANAGER             | 2975 |     20 |
| MARTIN   | SALESMAN            | 1250 |     30 |
| BLAKE    | MANAGER             | 2850 |     30 |
| CLARK    | MANAGER             | 2450 |     10 |
| SCOTT    | ANALYST             | 3000 |     20 |
| KING     | PRESIDENT           | 5000 |     10 |
| FRED     | vice PRESIDENT      | 5000 |     20 |
| TURNER   | SALESMAN            | 1500 |     30 |
| ADAMS    | CLERK               | 1100 |     20 |
| JAMES    | CLERK               |  950 |     30 |
| FORD     | ANALYST             | 3000 |     20 |
| HOFFMAN  | MANAGER             | 4150 |     30 |
| GRASS    | SALESMAN            | 2575 |     30 |
| MILLER   | CLERK               | 1300 |     10 |
| AARUSH   | SALESMAN            | 1350 |     30 |
| ALEX     | MANAGER             | 1250 |     30 |
| NATASHA  | CLERK               | 1750 |     30 |
| SANGITA  | Compliance officers | 1750 |     50 |
| SUPRIYA  | ANALYST             | 1750 |     50 |
+----------+---------------------+------+--------+
28 rows in set (0.00 sec)

mysql> select ename, job,sal, deptno from emp where False LIKE 00 OR 1;
+----------+---------------------+------+--------+
| ename    | job                 | sal  | deptno |
+----------+---------------------+------+--------+
| GITA     | Compliance officers | 1750 |     30 |
| VRUSHALI | Compliance officers | 1750 |     50 |
| SHARMIN  | Public Relation     | 1750 |     20 |
| BANDISH  | Public Relation     | 1750 |     20 |
| SMITH    | CLERK               |  800 |     20 |
| AARAV    | CLERK               | 3350 |     10 |
| THOMAS   | CLERK               | 1750 |     10 |
| ALLEN    | SALESMAN            | 1600 |     30 |
| WARD     | SALESMAN            | 1250 |     30 |
| JONES    | MANAGER             | 2975 |     20 |
| MARTIN   | SALESMAN            | 1250 |     30 |
| BLAKE    | MANAGER             | 2850 |     30 |
| CLARK    | MANAGER             | 2450 |     10 |
| SCOTT    | ANALYST             | 3000 |     20 |
| KING     | PRESIDENT           | 5000 |     10 |
| FRED     | vice PRESIDENT      | 5000 |     20 |
| TURNER   | SALESMAN            | 1500 |     30 |
| ADAMS    | CLERK               | 1100 |     20 |
| JAMES    | CLERK               |  950 |     30 |
| FORD     | ANALYST             | 3000 |     20 |
| HOFFMAN  | MANAGER             | 4150 |     30 |
| GRASS    | SALESMAN            | 2575 |     30 |
| MILLER   | CLERK               | 1300 |     10 |
| AARUSH   | SALESMAN            | 1350 |     30 |
| ALEX     | MANAGER             | 1250 |     30 |
| NATASHA  | CLERK               | 1750 |     30 |
| SANGITA  | Compliance officers | 1750 |     50 |
| SUPRIYA  | ANALYST             | 1750 |     50 |
+----------+---------------------+------+--------+
28 rows in set (0.00 sec)

mysql> select ename, job,sal, deptno from emp where False LIKE 0 OR 1;
+----------+---------------------+------+--------+
| ename    | job                 | sal  | deptno |
+----------+---------------------+------+--------+
| GITA     | Compliance officers | 1750 |     30 |
| VRUSHALI | Compliance officers | 1750 |     50 |
| SHARMIN  | Public Relation     | 1750 |     20 |
| BANDISH  | Public Relation     | 1750 |     20 |
| SMITH    | CLERK               |  800 |     20 |
| AARAV    | CLERK               | 3350 |     10 |
| THOMAS   | CLERK               | 1750 |     10 |
| ALLEN    | SALESMAN            | 1600 |     30 |
| WARD     | SALESMAN            | 1250 |     30 |
| JONES    | MANAGER             | 2975 |     20 |
| MARTIN   | SALESMAN            | 1250 |     30 |
| BLAKE    | MANAGER             | 2850 |     30 |
| CLARK    | MANAGER             | 2450 |     10 |
| SCOTT    | ANALYST             | 3000 |     20 |
| KING     | PRESIDENT           | 5000 |     10 |
| FRED     | vice PRESIDENT      | 5000 |     20 |
| TURNER   | SALESMAN            | 1500 |     30 |
| ADAMS    | CLERK               | 1100 |     20 |
| JAMES    | CLERK               |  950 |     30 |
| FORD     | ANALYST             | 3000 |     20 |
| HOFFMAN  | MANAGER             | 4150 |     30 |
| GRASS    | SALESMAN            | 2575 |     30 |
| MILLER   | CLERK               | 1300 |     10 |
| AARUSH   | SALESMAN            | 1350 |     30 |
| ALEX     | MANAGER             | 1250 |     30 |
| NATASHA  | CLERK               | 1750 |     30 |
| SANGITA  | Compliance officers | 1750 |     50 |
| SUPRIYA  | ANALYST             | 1750 |     50 |
+----------+---------------------+------+--------+
28 rows in set (0.00 sec)

mysql> select ename, job,sal, deptno from emp where True LIKE 0 OR 1;
+----------+---------------------+------+--------+
| ename    | job                 | sal  | deptno |
+----------+---------------------+------+--------+
| GITA     | Compliance officers | 1750 |     30 |
| VRUSHALI | Compliance officers | 1750 |     50 |
| SHARMIN  | Public Relation     | 1750 |     20 |
| BANDISH  | Public Relation     | 1750 |     20 |
| SMITH    | CLERK               |  800 |     20 |
| AARAV    | CLERK               | 3350 |     10 |
| THOMAS   | CLERK               | 1750 |     10 |
| ALLEN    | SALESMAN            | 1600 |     30 |
| WARD     | SALESMAN            | 1250 |     30 |
| JONES    | MANAGER             | 2975 |     20 |
| MARTIN   | SALESMAN            | 1250 |     30 |
| BLAKE    | MANAGER             | 2850 |     30 |
| CLARK    | MANAGER             | 2450 |     10 |
| SCOTT    | ANALYST             | 3000 |     20 |
| KING     | PRESIDENT           | 5000 |     10 |
| FRED     | vice PRESIDENT      | 5000 |     20 |
| TURNER   | SALESMAN            | 1500 |     30 |
| ADAMS    | CLERK               | 1100 |     20 |
| JAMES    | CLERK               |  950 |     30 |
| FORD     | ANALYST             | 3000 |     20 |
| HOFFMAN  | MANAGER             | 4150 |     30 |
| GRASS    | SALESMAN            | 2575 |     30 |
| MILLER   | CLERK               | 1300 |     10 |
| AARUSH   | SALESMAN            | 1350 |     30 |
| ALEX     | MANAGER             | 1250 |     30 |
| NATASHA  | CLERK               | 1750 |     30 |
| SANGITA  | Compliance officers | 1750 |     50 |
| SUPRIYA  | ANALYST             | 1750 |     50 |
+----------+---------------------+------+--------+
28 rows in set (0.00 sec)

mysql> select ename, job,sal, deptno from emp where True LIKE 0 OR 1;
+----------+---------------------+------+--------+
| ename    | job                 | sal  | deptno |
+----------+---------------------+------+--------+
| GITA     | Compliance officers | 1750 |     30 |
| VRUSHALI | Compliance officers | 1750 |     50 |
| SHARMIN  | Public Relation     | 1750 |     20 |
| BANDISH  | Public Relation     | 1750 |     20 |
| SMITH    | CLERK               |  800 |     20 |
| AARAV    | CLERK               | 3350 |     10 |
| THOMAS   | CLERK               | 1750 |     10 |
| ALLEN    | SALESMAN            | 1600 |     30 |
| WARD     | SALESMAN            | 1250 |     30 |
| JONES    | MANAGER             | 2975 |     20 |
| MARTIN   | SALESMAN            | 1250 |     30 |
| BLAKE    | MANAGER             | 2850 |     30 |
| CLARK    | MANAGER             | 2450 |     10 |
| SCOTT    | ANALYST             | 3000 |     20 |
| KING     | PRESIDENT           | 5000 |     10 |
| FRED     | vice PRESIDENT      | 5000 |     20 |
| TURNER   | SALESMAN            | 1500 |     30 |
| ADAMS    | CLERK               | 1100 |     20 |
| JAMES    | CLERK               |  950 |     30 |
| FORD     | ANALYST             | 3000 |     20 |
| HOFFMAN  | MANAGER             | 4150 |     30 |
| GRASS    | SALESMAN            | 2575 |     30 |
| MILLER   | CLERK               | 1300 |     10 |
| AARUSH   | SALESMAN            | 1350 |     30 |
| ALEX     | MANAGER             | 1250 |     30 |
| NATASHA  | CLERK               | 1750 |     30 |
| SANGITA  | Compliance officers | 1750 |     50 |
| SUPRIYA  | ANALYST             | 1750 |     50 |
+----------+---------------------+------+--------+
28 rows in set (0.00 sec)

mysql>
