mysql> desc emp;
+-----------+-------------+------+-----+---------+-------+
| Field     | Type        | Null | Key | Default | Extra |
+-----------+-------------+------+-----+---------+-------+
| EMPNO     | int         | NO   | PRI | NULL    |       |
| ENAME     | varchar(12) | YES  |     | NULL    |       |
| GENDER    | char(1)     | YES  |     | NULL    |       |
| JOB       | varchar(20) | YES  |     | NULL    |       |
| MGR       | int         | YES  | MUL | NULL    |       |
| HIREDATE  | date        | YES  |     | NULL    |       |
| SAL       | int         | YES  |     | NULL    |       |
| COMM      | int         | YES  |     | NULL    |       |
| DEPTNO    | int         | NO   | MUL | NULL    |       |
| BONUSID   | int         | YES  |     | NULL    |       |
| USER NAME | varchar(20) | YES  |     | NULL    |       |
| PWD       | varchar(20) | YES  |     | NULL    |       |
| PHONE     | varchar(45) | YES  |     | NULL    |       |
| isActive  | tinyint(1)  | YES  |     | NULL    |       |
+-----------+-------------+------+-----+---------+-------+
14 rows in set (0.00 sec)

mysql> desc bonus;
+-------+-------+------+-----+---------+-------+
| Field | Type  | Null | Key | Default | Extra |
+-------+-------+------+-----+---------+-------+
| ID    | int   | NO   | PRI | NULL    |       |
| RATE  | float | YES  |     | NULL    |       |
+-------+-------+------+-----+---------+-------+
2 rows in set (0.00 sec)

mysql> select * from bonus;
+----+------+
| ID | RATE |
+----+------+
|  1 |  0.5 |
|  2 | 0.75 |
|  3 | 0.25 |
|  4 | 0.15 |
|  5 | 0.55 |
|  6 | 0.54 |
|  7 | 0.34 |
|  8 | 0.14 |
|  9 | 0.27 |
| 10 | 0.32 |
+----+------+
10 rows in set (0.00 sec)

mysql> select ename, job, sal, bonusid from emp;
+----------+---------------------+------+---------+
| ename    | job                 | sal  | bonusid |
+----------+---------------------+------+---------+
| GITA     | Compliance officers | 1750 |       1 |
| VRUSHALI | Compliance officers | 1750 |       1 |
| SHARMIN  | Public Relation     | 1750 |       1 |
| BANDISH  | Public Relation     | 1750 |       1 |
| SMITH    | CLERK               |  800 |       2 |
| AARAV    | CLERK               | 3350 |    NULL |
| THOMAS   | CLERK               | 1750 |       1 |
| ALLEN    | SALESMAN            | 1600 |       4 |
| WARD     | SALESMAN            | 1250 |       1 |
| JONES    | MANAGER             | 2975 |       4 |
| MARTIN   | SALESMAN            | 1250 |       6 |
| BLAKE    | MANAGER             | 2850 |       1 |
| CLARK    | MANAGER             | 2450 |       3 |
| SCOTT    | ANALYST             | 3000 |       3 |
| KING     | PRESIDENT           | 5000 |       1 |
| FRED     | vice PRESIDENT      | 5000 |       1 |
| TURNER   | SALESMAN            | 1500 |       5 |
| ADAMS    | CLERK               | 1100 |       1 |
| JAMES    | CLERK               |  950 |       2 |
| FORD     | ANALYST             | 3000 |       4 |
| HOFFMAN  | MANAGER             | 4150 |       3 |
| GRASS    | SALESMAN            | 2575 |       5 |
| MILLER   | CLERK               | 1300 |       2 |
| AARUSH   | SALESMAN            | 1350 |    NULL |
| ALEX     | MANAGER             | 1250 |       5 |
| NATASHA  | CLERK               | 1750 |       1 |
| SANGITA  | Compliance officers | 1750 |       1 |
| SUPRIYA  | ANALYST             | 1750 |       1 |
+----------+---------------------+------+---------+
28 rows in set (0.00 sec)

mysql> select ename, job, sal, bonusid from emp, bonus where emp.bonusid= bonus.id;
+----------+---------------------+------+---------+
| ename    | job                 | sal  | bonusid |
+----------+---------------------+------+---------+
| GITA     | Compliance officers | 1750 |       1 |
| VRUSHALI | Compliance officers | 1750 |       1 |
| SHARMIN  | Public Relation     | 1750 |       1 |
| BANDISH  | Public Relation     | 1750 |       1 |
| SMITH    | CLERK               |  800 |       2 |
| THOMAS   | CLERK               | 1750 |       1 |
| ALLEN    | SALESMAN            | 1600 |       4 |
| WARD     | SALESMAN            | 1250 |       1 |
| JONES    | MANAGER             | 2975 |       4 |
| MARTIN   | SALESMAN            | 1250 |       6 |
| BLAKE    | MANAGER             | 2850 |       1 |
| CLARK    | MANAGER             | 2450 |       3 |
| SCOTT    | ANALYST             | 3000 |       3 |
| KING     | PRESIDENT           | 5000 |       1 |
| FRED     | vice PRESIDENT      | 5000 |       1 |
| TURNER   | SALESMAN            | 1500 |       5 |
| ADAMS    | CLERK               | 1100 |       1 |
| JAMES    | CLERK               |  950 |       2 |
| FORD     | ANALYST             | 3000 |       4 |
| HOFFMAN  | MANAGER             | 4150 |       3 |
| GRASS    | SALESMAN            | 2575 |       5 |
| MILLER   | CLERK               | 1300 |       2 |
| ALEX     | MANAGER             | 1250 |       5 |
| NATASHA  | CLERK               | 1750 |       1 |
| SANGITA  | Compliance officers | 1750 |       1 |
| SUPRIYA  | ANALYST             | 1750 |       1 |
+----------+---------------------+------+---------+
26 rows in set (0.00 sec)

mysql> select ename, job, sal, bonusid, rate from emp, bonus where emp.bonusid= bonus.id;
+----------+---------------------+------+---------+------+
| ename    | job                 | sal  | bonusid | rate |
+----------+---------------------+------+---------+------+
| GITA     | Compliance officers | 1750 |       1 |  0.5 |
| VRUSHALI | Compliance officers | 1750 |       1 |  0.5 |
| SHARMIN  | Public Relation     | 1750 |       1 |  0.5 |
| BANDISH  | Public Relation     | 1750 |       1 |  0.5 |
| SMITH    | CLERK               |  800 |       2 | 0.75 |
| THOMAS   | CLERK               | 1750 |       1 |  0.5 |
| ALLEN    | SALESMAN            | 1600 |       4 | 0.15 |
| WARD     | SALESMAN            | 1250 |       1 |  0.5 |
| JONES    | MANAGER             | 2975 |       4 | 0.15 |
| MARTIN   | SALESMAN            | 1250 |       6 | 0.54 |
| BLAKE    | MANAGER             | 2850 |       1 |  0.5 |
| CLARK    | MANAGER             | 2450 |       3 | 0.25 |
| SCOTT    | ANALYST             | 3000 |       3 | 0.25 |
| KING     | PRESIDENT           | 5000 |       1 |  0.5 |
| FRED     | vice PRESIDENT      | 5000 |       1 |  0.5 |
| TURNER   | SALESMAN            | 1500 |       5 | 0.55 |
| ADAMS    | CLERK               | 1100 |       1 |  0.5 |
| JAMES    | CLERK               |  950 |       2 | 0.75 |
| FORD     | ANALYST             | 3000 |       4 | 0.15 |
| HOFFMAN  | MANAGER             | 4150 |       3 | 0.25 |
| GRASS    | SALESMAN            | 2575 |       5 | 0.55 |
| MILLER   | CLERK               | 1300 |       2 | 0.75 |
| ALEX     | MANAGER             | 1250 |       5 | 0.55 |
| NATASHA  | CLERK               | 1750 |       1 |  0.5 |
| SANGITA  | Compliance officers | 1750 |       1 |  0.5 |
| SUPRIYA  | ANALYST             | 1750 |       1 |  0.5 |
+----------+---------------------+------+---------+------+
26 rows in set (0.00 sec)

mysql> select ename, job, sal, bonusid, bonus.id, rate from emp, bonus where emp.bonusid= bonus.id;
+----------+---------------------+------+---------+----+------+
| ename    | job                 | sal  | bonusid | id | rate |
+----------+---------------------+------+---------+----+------+
| GITA     | Compliance officers | 1750 |       1 |  1 |  0.5 |
| VRUSHALI | Compliance officers | 1750 |       1 |  1 |  0.5 |
| SHARMIN  | Public Relation     | 1750 |       1 |  1 |  0.5 |
| BANDISH  | Public Relation     | 1750 |       1 |  1 |  0.5 |
| SMITH    | CLERK               |  800 |       2 |  2 | 0.75 |
| THOMAS   | CLERK               | 1750 |       1 |  1 |  0.5 |
| ALLEN    | SALESMAN            | 1600 |       4 |  4 | 0.15 |
| WARD     | SALESMAN            | 1250 |       1 |  1 |  0.5 |
| JONES    | MANAGER             | 2975 |       4 |  4 | 0.15 |
| MARTIN   | SALESMAN            | 1250 |       6 |  6 | 0.54 |
| BLAKE    | MANAGER             | 2850 |       1 |  1 |  0.5 |
| CLARK    | MANAGER             | 2450 |       3 |  3 | 0.25 |
| SCOTT    | ANALYST             | 3000 |       3 |  3 | 0.25 |
| KING     | PRESIDENT           | 5000 |       1 |  1 |  0.5 |
| FRED     | vice PRESIDENT      | 5000 |       1 |  1 |  0.5 |
| TURNER   | SALESMAN            | 1500 |       5 |  5 | 0.55 |
| ADAMS    | CLERK               | 1100 |       1 |  1 |  0.5 |
| JAMES    | CLERK               |  950 |       2 |  2 | 0.75 |
| FORD     | ANALYST             | 3000 |       4 |  4 | 0.15 |
| HOFFMAN  | MANAGER             | 4150 |       3 |  3 | 0.25 |
| GRASS    | SALESMAN            | 2575 |       5 |  5 | 0.55 |
| MILLER   | CLERK               | 1300 |       2 |  2 | 0.75 |
| ALEX     | MANAGER             | 1250 |       5 |  5 | 0.55 |
| NATASHA  | CLERK               | 1750 |       1 |  1 |  0.5 |
| SANGITA  | Compliance officers | 1750 |       1 |  1 |  0.5 |
| SUPRIYA  | ANALYST             | 1750 |       1 |  1 |  0.5 |
+----------+---------------------+------+---------+----+------+
26 rows in set (0.00 sec)

mysql> select ename, job, sal, dname, loc, rate from emp, bonus, dept where emp.bonusid= bonus.id;
+----------+---------------------+------+------------+----------+------+
| ename    | job                 | sal  | dname      | loc      | rate |
+----------+---------------------+------+------------+----------+------+
| GITA     | Compliance officers | 1750 | HR         | PUNE     |  0.5 |
| GITA     | Compliance officers | 1750 | OPERATIONS | BOSTON   |  0.5 |
| GITA     | Compliance officers | 1750 | SALES      | CHICAGO  |  0.5 |
| GITA     | Compliance officers | 1750 | RESEARCH   | DALLAS   |  0.5 |
| GITA     | Compliance officers | 1750 | ACCOUNTING | NEW YORK |  0.5 |
| VRUSHALI | Compliance officers | 1750 | HR         | PUNE     |  0.5 |
| VRUSHALI | Compliance officers | 1750 | OPERATIONS | BOSTON   |  0.5 |
| VRUSHALI | Compliance officers | 1750 | SALES      | CHICAGO  |  0.5 |
| VRUSHALI | Compliance officers | 1750 | RESEARCH   | DALLAS   |  0.5 |
| VRUSHALI | Compliance officers | 1750 | ACCOUNTING | NEW YORK |  0.5 |
| SHARMIN  | Public Relation     | 1750 | HR         | PUNE     |  0.5 |
| SHARMIN  | Public Relation     | 1750 | OPERATIONS | BOSTON   |  0.5 |
| SHARMIN  | Public Relation     | 1750 | SALES      | CHICAGO  |  0.5 |
| SHARMIN  | Public Relation     | 1750 | RESEARCH   | DALLAS   |  0.5 |
| SHARMIN  | Public Relation     | 1750 | ACCOUNTING | NEW YORK |  0.5 |
| BANDISH  | Public Relation     | 1750 | HR         | PUNE     |  0.5 |
| BANDISH  | Public Relation     | 1750 | OPERATIONS | BOSTON   |  0.5 |
| BANDISH  | Public Relation     | 1750 | SALES      | CHICAGO  |  0.5 |
| BANDISH  | Public Relation     | 1750 | RESEARCH   | DALLAS   |  0.5 |
| BANDISH  | Public Relation     | 1750 | ACCOUNTING | NEW YORK |  0.5 |
| SMITH    | CLERK               |  800 | HR         | PUNE     | 0.75 |
| SMITH    | CLERK               |  800 | OPERATIONS | BOSTON   | 0.75 |
| SMITH    | CLERK               |  800 | SALES      | CHICAGO  | 0.75 |
| SMITH    | CLERK               |  800 | RESEARCH   | DALLAS   | 0.75 |
| SMITH    | CLERK               |  800 | ACCOUNTING | NEW YORK | 0.75 |
| THOMAS   | CLERK               | 1750 | HR         | PUNE     |  0.5 |
| THOMAS   | CLERK               | 1750 | OPERATIONS | BOSTON   |  0.5 |
| THOMAS   | CLERK               | 1750 | SALES      | CHICAGO  |  0.5 |
| THOMAS   | CLERK               | 1750 | RESEARCH   | DALLAS   |  0.5 |
| THOMAS   | CLERK               | 1750 | ACCOUNTING | NEW YORK |  0.5 |
| ALLEN    | SALESMAN            | 1600 | HR         | PUNE     | 0.15 |
| ALLEN    | SALESMAN            | 1600 | OPERATIONS | BOSTON   | 0.15 |
| ALLEN    | SALESMAN            | 1600 | SALES      | CHICAGO  | 0.15 |
| ALLEN    | SALESMAN            | 1600 | RESEARCH   | DALLAS   | 0.15 |
| ALLEN    | SALESMAN            | 1600 | ACCOUNTING | NEW YORK | 0.15 |
| WARD     | SALESMAN            | 1250 | HR         | PUNE     |  0.5 |
| WARD     | SALESMAN            | 1250 | OPERATIONS | BOSTON   |  0.5 |
| WARD     | SALESMAN            | 1250 | SALES      | CHICAGO  |  0.5 |
| WARD     | SALESMAN            | 1250 | RESEARCH   | DALLAS   |  0.5 |
| WARD     | SALESMAN            | 1250 | ACCOUNTING | NEW YORK |  0.5 |
| JONES    | MANAGER             | 2975 | HR         | PUNE     | 0.15 |
| JONES    | MANAGER             | 2975 | OPERATIONS | BOSTON   | 0.15 |
| JONES    | MANAGER             | 2975 | SALES      | CHICAGO  | 0.15 |
| JONES    | MANAGER             | 2975 | RESEARCH   | DALLAS   | 0.15 |
| JONES    | MANAGER             | 2975 | ACCOUNTING | NEW YORK | 0.15 |
| MARTIN   | SALESMAN            | 1250 | HR         | PUNE     | 0.54 |
| MARTIN   | SALESMAN            | 1250 | OPERATIONS | BOSTON   | 0.54 |
| MARTIN   | SALESMAN            | 1250 | SALES      | CHICAGO  | 0.54 |
| MARTIN   | SALESMAN            | 1250 | RESEARCH   | DALLAS   | 0.54 |
| MARTIN   | SALESMAN            | 1250 | ACCOUNTING | NEW YORK | 0.54 |
| BLAKE    | MANAGER             | 2850 | HR         | PUNE     |  0.5 |
| BLAKE    | MANAGER             | 2850 | OPERATIONS | BOSTON   |  0.5 |
| BLAKE    | MANAGER             | 2850 | SALES      | CHICAGO  |  0.5 |
| BLAKE    | MANAGER             | 2850 | RESEARCH   | DALLAS   |  0.5 |
| BLAKE    | MANAGER             | 2850 | ACCOUNTING | NEW YORK |  0.5 |
| CLARK    | MANAGER             | 2450 | HR         | PUNE     | 0.25 |
| CLARK    | MANAGER             | 2450 | OPERATIONS | BOSTON   | 0.25 |
| CLARK    | MANAGER             | 2450 | SALES      | CHICAGO  | 0.25 |
| CLARK    | MANAGER             | 2450 | RESEARCH   | DALLAS   | 0.25 |
| CLARK    | MANAGER             | 2450 | ACCOUNTING | NEW YORK | 0.25 |
| SCOTT    | ANALYST             | 3000 | HR         | PUNE     | 0.25 |
| SCOTT    | ANALYST             | 3000 | OPERATIONS | BOSTON   | 0.25 |
| SCOTT    | ANALYST             | 3000 | SALES      | CHICAGO  | 0.25 |
| SCOTT    | ANALYST             | 3000 | RESEARCH   | DALLAS   | 0.25 |
| SCOTT    | ANALYST             | 3000 | ACCOUNTING | NEW YORK | 0.25 |
| KING     | PRESIDENT           | 5000 | HR         | PUNE     |  0.5 |
| KING     | PRESIDENT           | 5000 | OPERATIONS | BOSTON   |  0.5 |
| KING     | PRESIDENT           | 5000 | SALES      | CHICAGO  |  0.5 |
| KING     | PRESIDENT           | 5000 | RESEARCH   | DALLAS   |  0.5 |
| KING     | PRESIDENT           | 5000 | ACCOUNTING | NEW YORK |  0.5 |
| FRED     | vice PRESIDENT      | 5000 | HR         | PUNE     |  0.5 |
| FRED     | vice PRESIDENT      | 5000 | OPERATIONS | BOSTON   |  0.5 |
| FRED     | vice PRESIDENT      | 5000 | SALES      | CHICAGO  |  0.5 |
| FRED     | vice PRESIDENT      | 5000 | RESEARCH   | DALLAS   |  0.5 |
| FRED     | vice PRESIDENT      | 5000 | ACCOUNTING | NEW YORK |  0.5 |
| TURNER   | SALESMAN            | 1500 | HR         | PUNE     | 0.55 |
| TURNER   | SALESMAN            | 1500 | OPERATIONS | BOSTON   | 0.55 |
| TURNER   | SALESMAN            | 1500 | SALES      | CHICAGO  | 0.55 |
| TURNER   | SALESMAN            | 1500 | RESEARCH   | DALLAS   | 0.55 |
| TURNER   | SALESMAN            | 1500 | ACCOUNTING | NEW YORK | 0.55 |
| ADAMS    | CLERK               | 1100 | HR         | PUNE     |  0.5 |
| ADAMS    | CLERK               | 1100 | OPERATIONS | BOSTON   |  0.5 |
| ADAMS    | CLERK               | 1100 | SALES      | CHICAGO  |  0.5 |
| ADAMS    | CLERK               | 1100 | RESEARCH   | DALLAS   |  0.5 |
| ADAMS    | CLERK               | 1100 | ACCOUNTING | NEW YORK |  0.5 |
| JAMES    | CLERK               |  950 | HR         | PUNE     | 0.75 |
| JAMES    | CLERK               |  950 | OPERATIONS | BOSTON   | 0.75 |
| JAMES    | CLERK               |  950 | SALES      | CHICAGO  | 0.75 |
| JAMES    | CLERK               |  950 | RESEARCH   | DALLAS   | 0.75 |
| JAMES    | CLERK               |  950 | ACCOUNTING | NEW YORK | 0.75 |
| FORD     | ANALYST             | 3000 | HR         | PUNE     | 0.15 |
| FORD     | ANALYST             | 3000 | OPERATIONS | BOSTON   | 0.15 |
| FORD     | ANALYST             | 3000 | SALES      | CHICAGO  | 0.15 |
| FORD     | ANALYST             | 3000 | RESEARCH   | DALLAS   | 0.15 |
| FORD     | ANALYST             | 3000 | ACCOUNTING | NEW YORK | 0.15 |
| HOFFMAN  | MANAGER             | 4150 | HR         | PUNE     | 0.25 |
| HOFFMAN  | MANAGER             | 4150 | OPERATIONS | BOSTON   | 0.25 |
| HOFFMAN  | MANAGER             | 4150 | SALES      | CHICAGO  | 0.25 |
| HOFFMAN  | MANAGER             | 4150 | RESEARCH   | DALLAS   | 0.25 |
| HOFFMAN  | MANAGER             | 4150 | ACCOUNTING | NEW YORK | 0.25 |
| GRASS    | SALESMAN            | 2575 | HR         | PUNE     | 0.55 |
| GRASS    | SALESMAN            | 2575 | OPERATIONS | BOSTON   | 0.55 |
| GRASS    | SALESMAN            | 2575 | SALES      | CHICAGO  | 0.55 |
| GRASS    | SALESMAN            | 2575 | RESEARCH   | DALLAS   | 0.55 |
| GRASS    | SALESMAN            | 2575 | ACCOUNTING | NEW YORK | 0.55 |
| MILLER   | CLERK               | 1300 | HR         | PUNE     | 0.75 |
| MILLER   | CLERK               | 1300 | OPERATIONS | BOSTON   | 0.75 |
| MILLER   | CLERK               | 1300 | SALES      | CHICAGO  | 0.75 |
| MILLER   | CLERK               | 1300 | RESEARCH   | DALLAS   | 0.75 |
| MILLER   | CLERK               | 1300 | ACCOUNTING | NEW YORK | 0.75 |
| ALEX     | MANAGER             | 1250 | HR         | PUNE     | 0.55 |
| ALEX     | MANAGER             | 1250 | OPERATIONS | BOSTON   | 0.55 |
| ALEX     | MANAGER             | 1250 | SALES      | CHICAGO  | 0.55 |
| ALEX     | MANAGER             | 1250 | RESEARCH   | DALLAS   | 0.55 |
| ALEX     | MANAGER             | 1250 | ACCOUNTING | NEW YORK | 0.55 |
| NATASHA  | CLERK               | 1750 | HR         | PUNE     |  0.5 |
| NATASHA  | CLERK               | 1750 | OPERATIONS | BOSTON   |  0.5 |
| NATASHA  | CLERK               | 1750 | SALES      | CHICAGO  |  0.5 |
| NATASHA  | CLERK               | 1750 | RESEARCH   | DALLAS   |  0.5 |
| NATASHA  | CLERK               | 1750 | ACCOUNTING | NEW YORK |  0.5 |
| SANGITA  | Compliance officers | 1750 | HR         | PUNE     |  0.5 |
| SANGITA  | Compliance officers | 1750 | OPERATIONS | BOSTON   |  0.5 |
| SANGITA  | Compliance officers | 1750 | SALES      | CHICAGO  |  0.5 |
| SANGITA  | Compliance officers | 1750 | RESEARCH   | DALLAS   |  0.5 |
| SANGITA  | Compliance officers | 1750 | ACCOUNTING | NEW YORK |  0.5 |
| SUPRIYA  | ANALYST             | 1750 | HR         | PUNE     |  0.5 |
| SUPRIYA  | ANALYST             | 1750 | OPERATIONS | BOSTON   |  0.5 |
| SUPRIYA  | ANALYST             | 1750 | SALES      | CHICAGO  |  0.5 |
| SUPRIYA  | ANALYST             | 1750 | RESEARCH   | DALLAS   |  0.5 |
| SUPRIYA  | ANALYST             | 1750 | ACCOUNTING | NEW YORK |  0.5 |
+----------+---------------------+------+------------+----------+------+
130 rows in set (0.00 sec)

mysql> select ename, job, sal, dname, loc, rate from emp, bonus, dept where emp.bonusid= bonus.id order by dname;
+----------+---------------------+------+------------+----------+------+
| ename    | job                 | sal  | dname      | loc      | rate |
+----------+---------------------+------+------------+----------+------+
| BLAKE    | MANAGER             | 2850 | ACCOUNTING | NEW YORK |  0.5 |
| HOFFMAN  | MANAGER             | 4150 | ACCOUNTING | NEW YORK | 0.25 |
| TURNER   | SALESMAN            | 1500 | ACCOUNTING | NEW YORK | 0.55 |
| SHARMIN  | Public Relation     | 1750 | ACCOUNTING | NEW YORK |  0.5 |
| GITA     | Compliance officers | 1750 | ACCOUNTING | NEW YORK |  0.5 |
| KING     | PRESIDENT           | 5000 | ACCOUNTING | NEW YORK |  0.5 |
| NATASHA  | CLERK               | 1750 | ACCOUNTING | NEW YORK |  0.5 |
| SANGITA  | Compliance officers | 1750 | ACCOUNTING | NEW YORK |  0.5 |
| MILLER   | CLERK               | 1300 | ACCOUNTING | NEW YORK | 0.75 |
| VRUSHALI | Compliance officers | 1750 | ACCOUNTING | NEW YORK |  0.5 |
| ALEX     | MANAGER             | 1250 | ACCOUNTING | NEW YORK | 0.55 |
| SMITH    | CLERK               |  800 | ACCOUNTING | NEW YORK | 0.75 |
| BANDISH  | Public Relation     | 1750 | ACCOUNTING | NEW YORK |  0.5 |
| GRASS    | SALESMAN            | 2575 | ACCOUNTING | NEW YORK | 0.55 |
| THOMAS   | CLERK               | 1750 | ACCOUNTING | NEW YORK |  0.5 |
| FRED     | vice PRESIDENT      | 5000 | ACCOUNTING | NEW YORK |  0.5 |
| SUPRIYA  | ANALYST             | 1750 | ACCOUNTING | NEW YORK |  0.5 |
| ALLEN    | SALESMAN            | 1600 | ACCOUNTING | NEW YORK | 0.15 |
| CLARK    | MANAGER             | 2450 | ACCOUNTING | NEW YORK | 0.25 |
| FORD     | ANALYST             | 3000 | ACCOUNTING | NEW YORK | 0.15 |
| WARD     | SALESMAN            | 1250 | ACCOUNTING | NEW YORK |  0.5 |
| JAMES    | CLERK               |  950 | ACCOUNTING | NEW YORK | 0.75 |
| JONES    | MANAGER             | 2975 | ACCOUNTING | NEW YORK | 0.15 |
| SCOTT    | ANALYST             | 3000 | ACCOUNTING | NEW YORK | 0.25 |
| ADAMS    | CLERK               | 1100 | ACCOUNTING | NEW YORK |  0.5 |
| MARTIN   | SALESMAN            | 1250 | ACCOUNTING | NEW YORK | 0.54 |
| SMITH    | CLERK               |  800 | HR         | PUNE     | 0.75 |
| ADAMS    | CLERK               | 1100 | HR         | PUNE     |  0.5 |
| GRASS    | SALESMAN            | 2575 | HR         | PUNE     | 0.55 |
| SUPRIYA  | ANALYST             | 1750 | HR         | PUNE     |  0.5 |
| ALLEN    | SALESMAN            | 1600 | HR         | PUNE     | 0.15 |
| VRUSHALI | Compliance officers | 1750 | HR         | PUNE     |  0.5 |
| TURNER   | SALESMAN            | 1500 | HR         | PUNE     | 0.55 |
| SANGITA  | Compliance officers | 1750 | HR         | PUNE     |  0.5 |
| SHARMIN  | Public Relation     | 1750 | HR         | PUNE     |  0.5 |
| WARD     | SALESMAN            | 1250 | HR         | PUNE     |  0.5 |
| CLARK    | MANAGER             | 2450 | HR         | PUNE     | 0.25 |
| HOFFMAN  | MANAGER             | 4150 | HR         | PUNE     | 0.25 |
| GITA     | Compliance officers | 1750 | HR         | PUNE     |  0.5 |
| NATASHA  | CLERK               | 1750 | HR         | PUNE     |  0.5 |
| JONES    | MANAGER             | 2975 | HR         | PUNE     | 0.15 |
| SCOTT    | ANALYST             | 3000 | HR         | PUNE     | 0.25 |
| FORD     | ANALYST             | 3000 | HR         | PUNE     | 0.15 |
| BANDISH  | Public Relation     | 1750 | HR         | PUNE     |  0.5 |
| KING     | PRESIDENT           | 5000 | HR         | PUNE     |  0.5 |
| MARTIN   | SALESMAN            | 1250 | HR         | PUNE     | 0.54 |
| ALEX     | MANAGER             | 1250 | HR         | PUNE     | 0.55 |
| JAMES    | CLERK               |  950 | HR         | PUNE     | 0.75 |
| MILLER   | CLERK               | 1300 | HR         | PUNE     | 0.75 |
| THOMAS   | CLERK               | 1750 | HR         | PUNE     |  0.5 |
| BLAKE    | MANAGER             | 2850 | HR         | PUNE     |  0.5 |
| FRED     | vice PRESIDENT      | 5000 | HR         | PUNE     |  0.5 |
| GITA     | Compliance officers | 1750 | OPERATIONS | BOSTON   |  0.5 |
| SUPRIYA  | ANALYST             | 1750 | OPERATIONS | BOSTON   |  0.5 |
| VRUSHALI | Compliance officers | 1750 | OPERATIONS | BOSTON   |  0.5 |
| SHARMIN  | Public Relation     | 1750 | OPERATIONS | BOSTON   |  0.5 |
| SMITH    | CLERK               |  800 | OPERATIONS | BOSTON   | 0.75 |
| THOMAS   | CLERK               | 1750 | OPERATIONS | BOSTON   |  0.5 |
| ALLEN    | SALESMAN            | 1600 | OPERATIONS | BOSTON   | 0.15 |
| WARD     | SALESMAN            | 1250 | OPERATIONS | BOSTON   |  0.5 |
| JONES    | MANAGER             | 2975 | OPERATIONS | BOSTON   | 0.15 |
| MARTIN   | SALESMAN            | 1250 | OPERATIONS | BOSTON   | 0.54 |
| BLAKE    | MANAGER             | 2850 | OPERATIONS | BOSTON   |  0.5 |
| CLARK    | MANAGER             | 2450 | OPERATIONS | BOSTON   | 0.25 |
| SCOTT    | ANALYST             | 3000 | OPERATIONS | BOSTON   | 0.25 |
| BANDISH  | Public Relation     | 1750 | OPERATIONS | BOSTON   |  0.5 |
| KING     | PRESIDENT           | 5000 | OPERATIONS | BOSTON   |  0.5 |
| FRED     | vice PRESIDENT      | 5000 | OPERATIONS | BOSTON   |  0.5 |
| TURNER   | SALESMAN            | 1500 | OPERATIONS | BOSTON   | 0.55 |
| ADAMS    | CLERK               | 1100 | OPERATIONS | BOSTON   |  0.5 |
| JAMES    | CLERK               |  950 | OPERATIONS | BOSTON   | 0.75 |
| FORD     | ANALYST             | 3000 | OPERATIONS | BOSTON   | 0.15 |
| HOFFMAN  | MANAGER             | 4150 | OPERATIONS | BOSTON   | 0.25 |
| GRASS    | SALESMAN            | 2575 | OPERATIONS | BOSTON   | 0.55 |
| MILLER   | CLERK               | 1300 | OPERATIONS | BOSTON   | 0.75 |
| ALEX     | MANAGER             | 1250 | OPERATIONS | BOSTON   | 0.55 |
| NATASHA  | CLERK               | 1750 | OPERATIONS | BOSTON   |  0.5 |
| SANGITA  | Compliance officers | 1750 | OPERATIONS | BOSTON   |  0.5 |
| MARTIN   | SALESMAN            | 1250 | RESEARCH   | DALLAS   | 0.54 |
| BLAKE    | MANAGER             | 2850 | RESEARCH   | DALLAS   |  0.5 |
| GRASS    | SALESMAN            | 2575 | RESEARCH   | DALLAS   | 0.55 |
| SCOTT    | ANALYST             | 3000 | RESEARCH   | DALLAS   | 0.25 |
| FORD     | ANALYST             | 3000 | RESEARCH   | DALLAS   | 0.15 |
| ADAMS    | CLERK               | 1100 | RESEARCH   | DALLAS   |  0.5 |
| BANDISH  | Public Relation     | 1750 | RESEARCH   | DALLAS   |  0.5 |
| WARD     | SALESMAN            | 1250 | RESEARCH   | DALLAS   |  0.5 |
| THOMAS   | CLERK               | 1750 | RESEARCH   | DALLAS   |  0.5 |
| FRED     | vice PRESIDENT      | 5000 | RESEARCH   | DALLAS   |  0.5 |
| JAMES    | CLERK               |  950 | RESEARCH   | DALLAS   | 0.75 |
| JONES    | MANAGER             | 2975 | RESEARCH   | DALLAS   | 0.15 |
| ALLEN    | SALESMAN            | 1600 | RESEARCH   | DALLAS   | 0.15 |
| HOFFMAN  | MANAGER             | 4150 | RESEARCH   | DALLAS   | 0.25 |
| SMITH    | CLERK               |  800 | RESEARCH   | DALLAS   | 0.75 |
| CLARK    | MANAGER             | 2450 | RESEARCH   | DALLAS   | 0.25 |
| MILLER   | CLERK               | 1300 | RESEARCH   | DALLAS   | 0.75 |
| ALEX     | MANAGER             | 1250 | RESEARCH   | DALLAS   | 0.55 |
| SHARMIN  | Public Relation     | 1750 | RESEARCH   | DALLAS   |  0.5 |
| KING     | PRESIDENT           | 5000 | RESEARCH   | DALLAS   |  0.5 |
| SANGITA  | Compliance officers | 1750 | RESEARCH   | DALLAS   |  0.5 |
| NATASHA  | CLERK               | 1750 | RESEARCH   | DALLAS   |  0.5 |
| VRUSHALI | Compliance officers | 1750 | RESEARCH   | DALLAS   |  0.5 |
| GITA     | Compliance officers | 1750 | RESEARCH   | DALLAS   |  0.5 |
| TURNER   | SALESMAN            | 1500 | RESEARCH   | DALLAS   | 0.55 |
| SUPRIYA  | ANALYST             | 1750 | RESEARCH   | DALLAS   |  0.5 |
| GITA     | Compliance officers | 1750 | SALES      | CHICAGO  |  0.5 |
| BLAKE    | MANAGER             | 2850 | SALES      | CHICAGO  |  0.5 |
| ADAMS    | CLERK               | 1100 | SALES      | CHICAGO  |  0.5 |
| MILLER   | CLERK               | 1300 | SALES      | CHICAGO  | 0.75 |
| MARTIN   | SALESMAN            | 1250 | SALES      | CHICAGO  | 0.54 |
| SMITH    | CLERK               |  800 | SALES      | CHICAGO  | 0.75 |
| THOMAS   | CLERK               | 1750 | SALES      | CHICAGO  |  0.5 |
| CLARK    | MANAGER             | 2450 | SALES      | CHICAGO  | 0.25 |
| ALEX     | MANAGER             | 1250 | SALES      | CHICAGO  | 0.55 |
| SCOTT    | ANALYST             | 3000 | SALES      | CHICAGO  | 0.25 |
| BANDISH  | Public Relation     | 1750 | SALES      | CHICAGO  |  0.5 |
| JAMES    | CLERK               |  950 | SALES      | CHICAGO  | 0.75 |
| JONES    | MANAGER             | 2975 | SALES      | CHICAGO  | 0.15 |
| KING     | PRESIDENT           | 5000 | SALES      | CHICAGO  |  0.5 |
| FORD     | ANALYST             | 3000 | SALES      | CHICAGO  | 0.15 |
| SHARMIN  | Public Relation     | 1750 | SALES      | CHICAGO  |  0.5 |
| WARD     | SALESMAN            | 1250 | SALES      | CHICAGO  |  0.5 |
| TURNER   | SALESMAN            | 1500 | SALES      | CHICAGO  | 0.55 |
| SANGITA  | Compliance officers | 1750 | SALES      | CHICAGO  |  0.5 |
| NATASHA  | CLERK               | 1750 | SALES      | CHICAGO  |  0.5 |
| VRUSHALI | Compliance officers | 1750 | SALES      | CHICAGO  |  0.5 |
| FRED     | vice PRESIDENT      | 5000 | SALES      | CHICAGO  |  0.5 |
| ALLEN    | SALESMAN            | 1600 | SALES      | CHICAGO  | 0.15 |
| SUPRIYA  | ANALYST             | 1750 | SALES      | CHICAGO  |  0.5 |
| GRASS    | SALESMAN            | 2575 | SALES      | CHICAGO  | 0.55 |
| HOFFMAN  | MANAGER             | 4150 | SALES      | CHICAGO  | 0.25 |
+----------+---------------------+------+------------+----------+------+
130 rows in set (0.00 sec)

mysql>
mysql>
mysql> select ename, job, sal, dname, loc, rate from emp, bonus, dept where emp.bonusid= bonus.id and emp.deptno=dept.deptno;
+----------+---------------------+------+------------+----------+------+
| ename    | job                 | sal  | dname      | loc      | rate |
+----------+---------------------+------+------------+----------+------+
| THOMAS   | CLERK               | 1750 | ACCOUNTING | NEW YORK |  0.5 |
| CLARK    | MANAGER             | 2450 | ACCOUNTING | NEW YORK | 0.25 |
| KING     | PRESIDENT           | 5000 | ACCOUNTING | NEW YORK |  0.5 |
| MILLER   | CLERK               | 1300 | ACCOUNTING | NEW YORK | 0.75 |
| SHARMIN  | Public Relation     | 1750 | RESEARCH   | DALLAS   |  0.5 |
| BANDISH  | Public Relation     | 1750 | RESEARCH   | DALLAS   |  0.5 |
| SMITH    | CLERK               |  800 | RESEARCH   | DALLAS   | 0.75 |
| JONES    | MANAGER             | 2975 | RESEARCH   | DALLAS   | 0.15 |
| SCOTT    | ANALYST             | 3000 | RESEARCH   | DALLAS   | 0.25 |
| FRED     | vice PRESIDENT      | 5000 | RESEARCH   | DALLAS   |  0.5 |
| ADAMS    | CLERK               | 1100 | RESEARCH   | DALLAS   |  0.5 |
| FORD     | ANALYST             | 3000 | RESEARCH   | DALLAS   | 0.15 |
| GITA     | Compliance officers | 1750 | SALES      | CHICAGO  |  0.5 |
| ALLEN    | SALESMAN            | 1600 | SALES      | CHICAGO  | 0.15 |
| WARD     | SALESMAN            | 1250 | SALES      | CHICAGO  |  0.5 |
| MARTIN   | SALESMAN            | 1250 | SALES      | CHICAGO  | 0.54 |
| BLAKE    | MANAGER             | 2850 | SALES      | CHICAGO  |  0.5 |
| TURNER   | SALESMAN            | 1500 | SALES      | CHICAGO  | 0.55 |
| JAMES    | CLERK               |  950 | SALES      | CHICAGO  | 0.75 |
| HOFFMAN  | MANAGER             | 4150 | SALES      | CHICAGO  | 0.25 |
| GRASS    | SALESMAN            | 2575 | SALES      | CHICAGO  | 0.55 |
| ALEX     | MANAGER             | 1250 | SALES      | CHICAGO  | 0.55 |
| NATASHA  | CLERK               | 1750 | SALES      | CHICAGO  |  0.5 |
| VRUSHALI | Compliance officers | 1750 | HR         | PUNE     |  0.5 |
| SANGITA  | Compliance officers | 1750 | HR         | PUNE     |  0.5 |
| SUPRIYA  | ANALYST             | 1750 | HR         | PUNE     |  0.5 |
+----------+---------------------+------+------------+----------+------+
26 rows in set (0.00 sec)

mysql> select ename, job, sal from emp;
+----------+---------------------+------+
| ename    | job                 | sal  |
+----------+---------------------+------+
| GITA     | Compliance officers | 1750 |
| VRUSHALI | Compliance officers | 1750 |
| SHARMIN  | Public Relation     | 1750 |
| BANDISH  | Public Relation     | 1750 |
| SMITH    | CLERK               |  800 |
| AARAV    | CLERK               | 3350 |
| THOMAS   | CLERK               | 1750 |
| ALLEN    | SALESMAN            | 1600 |
| WARD     | SALESMAN            | 1250 |
| JONES    | MANAGER             | 2975 |
| MARTIN   | SALESMAN            | 1250 |
| BLAKE    | MANAGER             | 2850 |
| CLARK    | MANAGER             | 2450 |
| SCOTT    | ANALYST             | 3000 |
| KING     | PRESIDENT           | 5000 |
| FRED     | vice PRESIDENT      | 5000 |
| TURNER   | SALESMAN            | 1500 |
| ADAMS    | CLERK               | 1100 |
| JAMES    | CLERK               |  950 |
| FORD     | ANALYST             | 3000 |
| HOFFMAN  | MANAGER             | 4150 |
| GRASS    | SALESMAN            | 2575 |
| MILLER   | CLERK               | 1300 |
| AARUSH   | SALESMAN            | 1350 |
| ALEX     | MANAGER             | 1250 |
| NATASHA  | CLERK               | 1750 |
| SANGITA  | Compliance officers | 1750 |
| SUPRIYA  | ANALYST             | 1750 |
+----------+---------------------+------+
28 rows in set (0.00 sec)

mysql> select ename, job, sal from emp order by sal;
+----------+---------------------+------+
| ename    | job                 | sal  |
+----------+---------------------+------+
| SMITH    | CLERK               |  800 |
| JAMES    | CLERK               |  950 |
| ADAMS    | CLERK               | 1100 |
| WARD     | SALESMAN            | 1250 |
| MARTIN   | SALESMAN            | 1250 |
| ALEX     | MANAGER             | 1250 |
| MILLER   | CLERK               | 1300 |
| AARUSH   | SALESMAN            | 1350 |
| TURNER   | SALESMAN            | 1500 |
| ALLEN    | SALESMAN            | 1600 |
| GITA     | Compliance officers | 1750 |
| VRUSHALI | Compliance officers | 1750 |
| SHARMIN  | Public Relation     | 1750 |
| BANDISH  | Public Relation     | 1750 |
| THOMAS   | CLERK               | 1750 |
| NATASHA  | CLERK               | 1750 |
| SANGITA  | Compliance officers | 1750 |
| SUPRIYA  | ANALYST             | 1750 |
| CLARK    | MANAGER             | 2450 |
| GRASS    | SALESMAN            | 2575 |
| BLAKE    | MANAGER             | 2850 |
| JONES    | MANAGER             | 2975 |
| SCOTT    | ANALYST             | 3000 |
| FORD     | ANALYST             | 3000 |
| AARAV    | CLERK               | 3350 |
| HOFFMAN  | MANAGER             | 4150 |
| KING     | PRESIDENT           | 5000 |
| FRED     | vice PRESIDENT      | 5000 |
+----------+---------------------+------+
28 rows in set (0.00 sec)

mysql> select ename, job, sal from emp where sal = (select sal from emp where ename='scott');
+-------+---------+------+
| ename | job     | sal  |
+-------+---------+------+
| SCOTT | ANALYST | 3000 |
| FORD  | ANALYST | 3000 |
+-------+---------+------+
2 rows in set (0.00 sec)

mysql> select ename, job, sal from emp where sal = (select sal from emp where ename='scott' or ename='bandish');
ERROR 1242 (21000): Subquery returns more than 1 row
mysql> (select sal from emp where ename='scott' or ename='bandish');
+------+
| sal  |
+------+
| 1750 |
| 3000 |
+------+
2 rows in set (0.00 sec)

mysql> select ename, job, sal from emp where sal in (select sal from emp where ename='scott' or ename='bandish');
+----------+---------------------+------+
| ename    | job                 | sal  |
+----------+---------------------+------+
| GITA     | Compliance officers | 1750 |
| VRUSHALI | Compliance officers | 1750 |
| SHARMIN  | Public Relation     | 1750 |
| BANDISH  | Public Relation     | 1750 |
| THOMAS   | CLERK               | 1750 |
| SCOTT    | ANALYST             | 3000 |
| FORD     | ANALYST             | 3000 |
| NATASHA  | CLERK               | 1750 |
| SANGITA  | Compliance officers | 1750 |
| SUPRIYA  | ANALYST             | 1750 |
+----------+---------------------+------+
10 rows in set (0.00 sec)

mysql> select ename, job, sal from emp where sal >any (select sal from emp where ename='scott' or ename='bandish');
+---------+----------------+------+
| ename   | job            | sal  |
+---------+----------------+------+
| AARAV   | CLERK          | 3350 |
| JONES   | MANAGER        | 2975 |
| BLAKE   | MANAGER        | 2850 |
| CLARK   | MANAGER        | 2450 |
| SCOTT   | ANALYST        | 3000 |
| KING    | PRESIDENT      | 5000 |
| FRED    | vice PRESIDENT | 5000 |
| FORD    | ANALYST        | 3000 |
| HOFFMAN | MANAGER        | 4150 |
| GRASS   | SALESMAN       | 2575 |
+---------+----------------+------+
10 rows in set (0.00 sec)

mysql> select ename, job, sal from emp where sal =any (select sal from emp where ename='scott' or ename='bandish');
+----------+---------------------+------+
| ename    | job                 | sal  |
+----------+---------------------+------+
| GITA     | Compliance officers | 1750 |
| VRUSHALI | Compliance officers | 1750 |
| SHARMIN  | Public Relation     | 1750 |
| BANDISH  | Public Relation     | 1750 |
| THOMAS   | CLERK               | 1750 |
| SCOTT    | ANALYST             | 3000 |
| FORD     | ANALYST             | 3000 |
| NATASHA  | CLERK               | 1750 |
| SANGITA  | Compliance officers | 1750 |
| SUPRIYA  | ANALYST             | 1750 |
+----------+---------------------+------+
10 rows in set (0.00 sec)

mysql> select ename, job, sal from emp where sal in (select sal from emp where ename='scott' or ename='bandish');
+----------+---------------------+------+
| ename    | job                 | sal  |
+----------+---------------------+------+
| GITA     | Compliance officers | 1750 |
| VRUSHALI | Compliance officers | 1750 |
| SHARMIN  | Public Relation     | 1750 |
| BANDISH  | Public Relation     | 1750 |
| THOMAS   | CLERK               | 1750 |
| SCOTT    | ANALYST             | 3000 |
| FORD     | ANALYST             | 3000 |
| NATASHA  | CLERK               | 1750 |
| SANGITA  | Compliance officers | 1750 |
| SUPRIYA  | ANALYST             | 1750 |
+----------+---------------------+------+
10 rows in set (0.00 sec)

mysql> select ename, job, sal from emp where sal >any (select sal from emp where ename='scott' or ename='bandish');
+---------+----------------+------+
| ename   | job            | sal  |
+---------+----------------+------+
| AARAV   | CLERK          | 3350 |
| JONES   | MANAGER        | 2975 |
| BLAKE   | MANAGER        | 2850 |
| CLARK   | MANAGER        | 2450 |
| SCOTT   | ANALYST        | 3000 |
| KING    | PRESIDENT      | 5000 |
| FRED    | vice PRESIDENT | 5000 |
| FORD    | ANALYST        | 3000 |
| HOFFMAN | MANAGER        | 4150 |
| GRASS   | SALESMAN       | 2575 |
+---------+----------------+------+
10 rows in set (0.00 sec)

mysql> select ename, job, sal from emp where sal >=any (select sal from emp where ename='scott' or ename='bandish');
+----------+---------------------+------+
| ename    | job                 | sal  |
+----------+---------------------+------+
| GITA     | Compliance officers | 1750 |
| VRUSHALI | Compliance officers | 1750 |
| SHARMIN  | Public Relation     | 1750 |
| BANDISH  | Public Relation     | 1750 |
| AARAV    | CLERK               | 3350 |
| THOMAS   | CLERK               | 1750 |
| JONES    | MANAGER             | 2975 |
| BLAKE    | MANAGER             | 2850 |
| CLARK    | MANAGER             | 2450 |
| SCOTT    | ANALYST             | 3000 |
| KING     | PRESIDENT           | 5000 |
| FRED     | vice PRESIDENT      | 5000 |
| FORD     | ANALYST             | 3000 |
| HOFFMAN  | MANAGER             | 4150 |
| GRASS    | SALESMAN            | 2575 |
| NATASHA  | CLERK               | 1750 |
| SANGITA  | Compliance officers | 1750 |
| SUPRIYA  | ANALYST             | 1750 |
+----------+---------------------+------+
18 rows in set (0.00 sec)

mysql> select ename, job, sal from emp where sal >any (select sal from emp where ename='scott' or ename='bandish');
+---------+----------------+------+
| ename   | job            | sal  |
+---------+----------------+------+
| AARAV   | CLERK          | 3350 |
| JONES   | MANAGER        | 2975 |
| BLAKE   | MANAGER        | 2850 |
| CLARK   | MANAGER        | 2450 |
| SCOTT   | ANALYST        | 3000 |
| KING    | PRESIDENT      | 5000 |
| FRED    | vice PRESIDENT | 5000 |
| FORD    | ANALYST        | 3000 |
| HOFFMAN | MANAGER        | 4150 |
| GRASS   | SALESMAN       | 2575 |
+---------+----------------+------+
10 rows in set (0.00 sec)

mysql> select ename, job, sal from emp where sal >all (select sal from emp where ename='scott' or ename='bandish');
+---------+----------------+------+
| ename   | job            | sal  |
+---------+----------------+------+
| AARAV   | CLERK          | 3350 |
| KING    | PRESIDENT      | 5000 |
| FRED    | vice PRESIDENT | 5000 |
| HOFFMAN | MANAGER        | 4150 |
+---------+----------------+------+
4 rows in set (0.00 sec)

mysql>  (select sal from emp where ename='scott' or ename='bandish');
+------+
| sal  |
+------+
| 1750 |
| 3000 |
+------+
2 rows in set (0.00 sec)

mysql> select ename, job, sal from emp where sal !=any (select sal from emp where ename='scott' or ename='bandish');
+----------+---------------------+------+
| ename    | job                 | sal  |
+----------+---------------------+------+
| GITA     | Compliance officers | 1750 |
| VRUSHALI | Compliance officers | 1750 |
| SHARMIN  | Public Relation     | 1750 |
| BANDISH  | Public Relation     | 1750 |
| SMITH    | CLERK               |  800 |
| AARAV    | CLERK               | 3350 |
| THOMAS   | CLERK               | 1750 |
| ALLEN    | SALESMAN            | 1600 |
| WARD     | SALESMAN            | 1250 |
| JONES    | MANAGER             | 2975 |
| MARTIN   | SALESMAN            | 1250 |
| BLAKE    | MANAGER             | 2850 |
| CLARK    | MANAGER             | 2450 |
| SCOTT    | ANALYST             | 3000 |
| KING     | PRESIDENT           | 5000 |
| FRED     | vice PRESIDENT      | 5000 |
| TURNER   | SALESMAN            | 1500 |
| ADAMS    | CLERK               | 1100 |
| JAMES    | CLERK               |  950 |
| FORD     | ANALYST             | 3000 |
| HOFFMAN  | MANAGER             | 4150 |
| GRASS    | SALESMAN            | 2575 |
| MILLER   | CLERK               | 1300 |
| AARUSH   | SALESMAN            | 1350 |
| ALEX     | MANAGER             | 1250 |
| NATASHA  | CLERK               | 1750 |
| SANGITA  | Compliance officers | 1750 |
| SUPRIYA  | ANALYST             | 1750 |
+----------+---------------------+------+
28 rows in set (0.00 sec)

mysql> select ename, job, sal from emp where sal !=all (select sal from emp where ename='scott' or ename='bandish');
+---------+----------------+------+
| ename   | job            | sal  |
+---------+----------------+------+
| SMITH   | CLERK          |  800 |
| AARAV   | CLERK          | 3350 |
| ALLEN   | SALESMAN       | 1600 |
| WARD    | SALESMAN       | 1250 |
| JONES   | MANAGER        | 2975 |
| MARTIN  | SALESMAN       | 1250 |
| BLAKE   | MANAGER        | 2850 |
| CLARK   | MANAGER        | 2450 |
| KING    | PRESIDENT      | 5000 |
| FRED    | vice PRESIDENT | 5000 |
| TURNER  | SALESMAN       | 1500 |
| ADAMS   | CLERK          | 1100 |
| JAMES   | CLERK          |  950 |
| HOFFMAN | MANAGER        | 4150 |
| GRASS   | SALESMAN       | 2575 |
| MILLER  | CLERK          | 1300 |
| AARUSH  | SALESMAN       | 1350 |
| ALEX    | MANAGER        | 1250 |
+---------+----------------+------+
18 rows in set (0.00 sec)

mysql> select ename, job, sal from emp where sal =all (select sal from emp where ename='scott' or ename='bandish');
Empty set (0.00 sec)

mysql> select * from products;
+-----------+----------------------------------+------------+------------+----------------------+-----------+--------------+--------------+--------------+--------------+
| ProductID | ProductName                      | SupplierID | CategoryID | QuantityPerUnit      | UnitPrice | UnitsInStock | UnitsOnOrder | ReorderLevel | Discontinued |
+-----------+----------------------------------+------------+------------+----------------------+-----------+--------------+--------------+--------------+--------------+
|         1 | Chai                             |          1 |          1 | 10 boxes x 20 bags   |   18.0000 |           39 |            0 |           10 |            0 |
|         2 | Chang                            |          1 |          1 | 24 - 12 oz bottles   |   19.0000 |           17 |           40 |           25 |            0 |
|         3 | Aniseed Syrup                    |          1 |          2 | 12 - 550 ml bottles  |   10.0000 |           13 |           70 |           25 |            0 |
|         4 | Chef Anton's Cajun Seasoning     |          2 |          2 | 48 - 6 oz jars       |   22.0000 |           53 |            0 |            0 |            0 |
|         5 | Chef Anton's Gumbo Mix           |          2 |          2 | 36 boxes             |   21.3500 |            0 |            0 |            0 |            1 |
|         6 | Grandma's Boysenberry Spread     |          3 |          2 | 12 - 8 oz jars       |   25.0000 |          120 |            0 |           25 |            0 |
|         7 | Uncle Bob's Organic Dried Pears  |          3 |          7 | 12 - 1 lb pkgs.      |   30.0000 |           15 |            0 |           10 |            0 |
|         8 | Northwoods Cranberry Sauce       |          3 |          2 | 12 - 12 oz jars      |   40.0000 |            6 |            0 |            0 |            0 |
|         9 | Mishi Kobe Niku                  |          4 |          6 | 18 - 500 g pkgs.     |   97.0000 |           29 |            0 |            0 |            1 |
|        10 | Ikura                            |          4 |          8 | 12 - 200 ml jars     |   31.0000 |           31 |            0 |            0 |            0 |
|        11 | Queso Cabrales                   |          5 |          4 | 1 kg pkg.            |   21.0000 |           22 |           30 |           30 |            0 |
|        12 | Queso Manchego La Pastora        |          5 |          4 | 10 - 500 g pkgs.     |   38.0000 |           86 |            0 |            0 |            0 |
|        13 | Konbu                            |          6 |          8 | 2 kg box             |    6.0000 |           24 |            0 |            5 |            0 |
|        14 | Tofu                             |          6 |          7 | 40 - 100 g pkgs.     |   23.2500 |           35 |            0 |            0 |            0 |
|        15 | Genen Shouyu                     |          6 |          2 | 40 - 100 g pkgs.     |   15.5000 |           39 |            0 |            5 |            0 |
|        16 | Pavlova                          |          7 |          3 | 32 - 500 g boxes     |   17.4500 |           29 |            0 |           10 |            0 |
|        17 | Alice Mutton                     |          7 |          6 | 20 - 1 kg tins       |   39.0000 |            0 |            0 |            0 |            1 |
|        18 | Carnarvon Tigers                 |          7 |          8 | 16 kg pkg.           |   62.5000 |           42 |            0 |            0 |            0 |
|        19 | Teatime Chocolate Biscuits       |          8 |          3 | 10 boxes x 12 pieces |    9.2000 |           25 |            0 |            5 |            0 |
|        20 | Sir Rodney's Marmalade           |          8 |          3 | 30 gift boxes        |   81.0000 |           40 |            0 |            0 |            0 |
|        21 | Sir Rodney's Scones              |          8 |          3 | 24 pkgs. x 4 pieces  |   10.0000 |            3 |           40 |            5 |            0 |
|        22 | Gustaf's Knckebrd                |          9 |          5 | 24 - 500 g pkgs.     |   21.0000 |          104 |            0 |           25 |            0 |
|        23 | Tunnbrd                          |          9 |          5 | 12 - 250 g pkgs.     |    9.0000 |           61 |            0 |           25 |            0 |
|        24 | Guaran Fantstica                 |         10 |          1 | 12 - 355 ml cans     |    4.5000 |           20 |            0 |            0 |            1 |
|        25 | NuNuCa Nu-Nougat-Creme           |         11 |          3 | 20 - 450 g glasses   |   14.0000 |           76 |            0 |           30 |            0 |
|        26 | Gumbr Gummibrchen                |         11 |          3 | 100 - 250 g bags     |   31.2300 |           15 |            0 |            0 |            0 |
|        27 | Schoggi Schokolade               |         11 |          3 | 100 - 100 g pieces   |   43.9000 |           49 |            0 |           30 |            0 |
|        28 | Rssle Sauerkraut                 |         12 |          7 | 25 - 825 g cans      |   45.6000 |           26 |            0 |            0 |            1 |
|        29 | Thringer Rostbratwurst           |         12 |          6 | 50 bags x 30 sausgs. |  123.7900 |            0 |            0 |            0 |            1 |
|        30 | Nord-Ost Matjeshering            |         13 |          8 | 10 - 200 g glasses   |   25.8900 |           10 |            0 |           15 |            0 |
|        31 | Gorgonzola Telino                |         14 |          4 | 12 - 100 g pkgs      |   12.5000 |            0 |           70 |           20 |            0 |
|        32 | Mascarpone Fabioli               |         14 |          4 | 24 - 200 g pkgs.     |   32.0000 |            9 |           40 |           25 |            0 |
|        33 | Geitost                          |         15 |          4 | 500 g                |    2.5000 |          112 |            0 |           20 |            0 |
|        34 | Sasquatch Ale                    |         16 |          1 | 24 - 12 oz bottles   |   14.0000 |          111 |            0 |           15 |            0 |
|        35 | Steeleye Stout                   |         16 |          1 | 24 - 12 oz bottles   |   18.0000 |           20 |            0 |           15 |            0 |
|        36 | Inlagd Sill                      |         17 |          8 | 24 - 250 g jars      |   19.0000 |          112 |            0 |           20 |            0 |
|        37 | Gravad lax                       |         17 |          8 | 12 - 500 g pkgs.     |   26.0000 |           11 |           50 |           25 |            0 |
|        38 | Cte de Blaye                     |         18 |          1 | 12 - 75 cl bottles   |  263.5000 |           17 |            0 |           15 |            0 |
|        39 | Chartreuse verte                 |         18 |          1 | 750 cc per bottle    |   18.0000 |           69 |            0 |            5 |            0 |
|        40 | Boston Crab Meat                 |         19 |          8 | 24 - 4 oz tins       |   18.4000 |          123 |            0 |           30 |            0 |
|        41 | Jack's New England Clam Chowder  |         19 |          8 | 12 - 12 oz cans      |    9.6500 |           85 |            0 |           10 |            0 |
|        42 | Singaporean Hokkien Fried Mee    |         20 |          5 | 32 - 1 kg pkgs.      |   14.0000 |           26 |            0 |            0 |            1 |
|        43 | Ipoh Coffee                      |         20 |          1 | 16 - 500 g tins      |   46.0000 |           17 |           10 |           25 |            0 |
|        44 | Gula Malacca                     |         20 |          2 | 20 - 2 kg bags       |   19.4500 |           27 |            0 |           15 |            0 |
|        45 | Rogede sild                      |         21 |          8 | 1k pkg.              |    9.5000 |            5 |           70 |           15 |            0 |
|        46 | Spegesild                        |         21 |          8 | 4 - 450 g glasses    |   12.0000 |           95 |            0 |            0 |            0 |
|        47 | Zaanse koeken                    |         22 |          3 | 10 - 4 oz boxes      |    9.5000 |           36 |            0 |            0 |            0 |
|        48 | Chocolade                        |         22 |          3 | 10 pkgs.             |   12.7500 |           15 |           70 |           25 |            0 |
|        49 | Maxilaku                         |         23 |          3 | 24 - 50 g pkgs.      |   20.0000 |           10 |           60 |           15 |            0 |
|        50 | Valkoinen suklaa                 |         23 |          3 | 12 - 100 g bars      |   16.2500 |           65 |            0 |           30 |            0 |
|        51 | Manjimup Dried Apples            |         24 |          7 | 50 - 300 g pkgs.     |   53.0000 |           20 |            0 |           10 |            0 |
|        52 | Filo Mix                         |         24 |          5 | 16 - 2 kg boxes      |    7.0000 |           38 |            0 |           25 |            0 |
|        53 | Perth Pasties                    |         24 |          6 | 48 pieces            |   32.8000 |            0 |            0 |            0 |            1 |
|        54 | Tourtire                         |         25 |          6 | 16 pies              |    7.4500 |           21 |            0 |           10 |            0 |
|        55 | Pt chinois                       |         25 |          6 | 24 boxes x 2 pies    |   24.0000 |          115 |            0 |           20 |            0 |
|        56 | Gnocchi di nonna Alice           |         26 |          5 | 24 - 250 g pkgs.     |   38.0000 |           21 |           10 |           30 |            0 |
|        57 | Ravioli Angelo                   |         26 |          5 | 24 - 250 g pkgs.     |   19.5000 |           36 |            0 |           20 |            0 |
|        58 | Escargots de Bourgogne           |         27 |          8 | 24 pieces            |   13.2500 |           62 |            0 |           20 |            0 |
|        59 | Raclette Courdavault             |         28 |          4 | 5 kg pkg.            |   55.0000 |           79 |            0 |            0 |            0 |
|        60 | Camembert Pierrot                |         28 |          4 | 15 - 300 g rounds    |   34.0000 |           19 |            0 |            0 |            0 |
|        61 | Sirop d'rable                    |         29 |          2 | 24 - 500 ml bottles  |   28.5000 |          113 |            0 |           25 |            0 |
|        62 | Tarte au sucre                   |         29 |          3 | 48 pies              |   49.3000 |           17 |            0 |            0 |            0 |
|        63 | Vegie-spread                     |          7 |          2 | 15 - 625 g jars      |   43.9000 |           24 |            0 |            5 |            0 |
|        64 | Wimmers gute Semmelkndel         |         12 |          5 | 20 bags x 4 pieces   |   33.2500 |           22 |           80 |           30 |            0 |
|        65 | Louisiana Fiery Hot Pepper Sauce |          2 |          2 | 32 - 8 oz bottles    |   21.0500 |           76 |            0 |            0 |            0 |
|        66 | Louisiana Hot Spiced Okra        |          2 |          2 | 24 - 8 oz jars       |   17.0000 |            4 |          100 |           20 |            0 |
|        67 | Laughing Lumberjack Lager        |         16 |          1 | 24 - 12 oz bottles   |   14.0000 |           52 |            0 |           10 |            0 |
|        68 | Scottish Longbreads              |          8 |          3 | 10 boxes x 8 pieces  |   12.5000 |            6 |           10 |           15 |            0 |
|        69 | Gudbrandsdalsost                 |         15 |          4 | 10 kg pkg.           |   36.0000 |           26 |            0 |           15 |            0 |
|        70 | Outback Lager                    |          7 |          1 | 24 - 355 ml bottles  |   15.0000 |           15 |           10 |           30 |            0 |
|        71 | Flotemysost                      |         15 |          4 | 10 - 500 g pkgs.     |   21.5000 |           26 |            0 |            0 |            0 |
|        72 | Mozzarella di Giovanni           |         14 |          4 | 24 - 200 g pkgs.     |   34.8000 |           14 |            0 |            0 |            0 |
|        73 | Rd Kaviar                        |         17 |          8 | 24 - 150 g jars      |   15.0000 |          101 |            0 |            5 |            0 |
|        74 | Longlife Tofu                    |          4 |          7 | 5 kg pkg.            |   10.0000 |            4 |           20 |            5 |            0 |
|        75 | Rhnbru Klosterbier               |         12 |          1 | 24 - 0.5 l bottles   |    7.7500 |          125 |            0 |           25 |            0 |
|        76 | Lakkalikri                       |         23 |          1 | 500 ml               |   18.0000 |           57 |            0 |           20 |            0 |
|        77 | Original Frankfurter grne Soe    |         12 |          2 | 12 boxes             |   13.0000 |           32 |            0 |           15 |            0 |
+-----------+----------------------------------+------------+------------+----------------------+-----------+--------------+--------------+--------------+--------------+
77 rows in set (0.01 sec)

mysql> desc products;
+-----------------+---------------+------+-----+---------+----------------+
| Field           | Type          | Null | Key | Default | Extra          |
+-----------------+---------------+------+-----+---------+----------------+
| ProductID       | int           | NO   | PRI | NULL    | auto_increment |
| ProductName     | varchar(40)   | YES  |     | NULL    |                |
| SupplierID      | int           | YES  |     | NULL    |                |
| CategoryID      | int           | YES  |     | NULL    |                |
| QuantityPerUnit | varchar(20)   | YES  |     | NULL    |                |
| UnitPrice       | decimal(10,4) | YES  |     | 0.0000  |                |
| UnitsInStock    | int           | YES  |     | 0       |                |
| UnitsOnOrder    | int           | YES  |     | 0       |                |
| ReorderLevel    | int           | YES  |     | 0       |                |
| Discontinued    | tinyint(1)    | YES  |     | NULL    |                |
+-----------------+---------------+------+-----+---------+----------------+
10 rows in set (0.00 sec)

mysql> select ProductName, UnitPrice from products;
+----------------------------------+-----------+
| ProductName                      | UnitPrice |
+----------------------------------+-----------+
| Chai                             |   18.0000 |
| Chang                            |   19.0000 |
| Aniseed Syrup                    |   10.0000 |
| Chef Anton's Cajun Seasoning     |   22.0000 |
| Chef Anton's Gumbo Mix           |   21.3500 |
| Grandma's Boysenberry Spread     |   25.0000 |
| Uncle Bob's Organic Dried Pears  |   30.0000 |
| Northwoods Cranberry Sauce       |   40.0000 |
| Mishi Kobe Niku                  |   97.0000 |
| Ikura                            |   31.0000 |
| Queso Cabrales                   |   21.0000 |
| Queso Manchego La Pastora        |   38.0000 |
| Konbu                            |    6.0000 |
| Tofu                             |   23.2500 |
| Genen Shouyu                     |   15.5000 |
| Pavlova                          |   17.4500 |
| Alice Mutton                     |   39.0000 |
| Carnarvon Tigers                 |   62.5000 |
| Teatime Chocolate Biscuits       |    9.2000 |
| Sir Rodney's Marmalade           |   81.0000 |
| Sir Rodney's Scones              |   10.0000 |
| Gustaf's Knckebrd                |   21.0000 |
| Tunnbrd                          |    9.0000 |
| Guaran Fantstica                 |    4.5000 |
| NuNuCa Nu-Nougat-Creme           |   14.0000 |
| Gumbr Gummibrchen                |   31.2300 |
| Schoggi Schokolade               |   43.9000 |
| Rssle Sauerkraut                 |   45.6000 |
| Thringer Rostbratwurst           |  123.7900 |
| Nord-Ost Matjeshering            |   25.8900 |
| Gorgonzola Telino                |   12.5000 |
| Mascarpone Fabioli               |   32.0000 |
| Geitost                          |    2.5000 |
| Sasquatch Ale                    |   14.0000 |
| Steeleye Stout                   |   18.0000 |
| Inlagd Sill                      |   19.0000 |
| Gravad lax                       |   26.0000 |
| Cte de Blaye                     |  263.5000 |
| Chartreuse verte                 |   18.0000 |
| Boston Crab Meat                 |   18.4000 |
| Jack's New England Clam Chowder  |    9.6500 |
| Singaporean Hokkien Fried Mee    |   14.0000 |
| Ipoh Coffee                      |   46.0000 |
| Gula Malacca                     |   19.4500 |
| Rogede sild                      |    9.5000 |
| Spegesild                        |   12.0000 |
| Zaanse koeken                    |    9.5000 |
| Chocolade                        |   12.7500 |
| Maxilaku                         |   20.0000 |
| Valkoinen suklaa                 |   16.2500 |
| Manjimup Dried Apples            |   53.0000 |
| Filo Mix                         |    7.0000 |
| Perth Pasties                    |   32.8000 |
| Tourtire                         |    7.4500 |
| Pt chinois                       |   24.0000 |
| Gnocchi di nonna Alice           |   38.0000 |
| Ravioli Angelo                   |   19.5000 |
| Escargots de Bourgogne           |   13.2500 |
| Raclette Courdavault             |   55.0000 |
| Camembert Pierrot                |   34.0000 |
| Sirop d'rable                    |   28.5000 |
| Tarte au sucre                   |   49.3000 |
| Vegie-spread                     |   43.9000 |
| Wimmers gute Semmelkndel         |   33.2500 |
| Louisiana Fiery Hot Pepper Sauce |   21.0500 |
| Louisiana Hot Spiced Okra        |   17.0000 |
| Laughing Lumberjack Lager        |   14.0000 |
| Scottish Longbreads              |   12.5000 |
| Gudbrandsdalsost                 |   36.0000 |
| Outback Lager                    |   15.0000 |
| Flotemysost                      |   21.5000 |
| Mozzarella di Giovanni           |   34.8000 |
| Rd Kaviar                        |   15.0000 |
| Longlife Tofu                    |   10.0000 |
| Rhnbru Klosterbier               |    7.7500 |
| Lakkalikri                       |   18.0000 |
| Original Frankfurter grne Soe    |   13.0000 |
+----------------------------------+-----------+
77 rows in set (0.00 sec)

mysql> select ProductName, UnitPrice from products where ProductName in('chai', 'Chang');
+-------------+-----------+
| ProductName | UnitPrice |
+-------------+-----------+
| Chai        |   18.0000 |
| Chang       |   19.0000 |
+-------------+-----------+
2 rows in set (0.00 sec)

mysql> select ProductName, UnitPrice from products where UnitPrice >any (select ProductName, UnitPrice from products where ProductName in('chai', 'Chang'));
ERROR 1241 (21000): Operand should contain 1 column(s)
mysql>
mysql>
mysql> select ProductName, UnitPrice from products where UnitPrice >any (select UnitPrice from products where ProductName in('chai', 'Chang'));
+----------------------------------+-----------+
| ProductName                      | UnitPrice |
+----------------------------------+-----------+
| Chang                            |   19.0000 |
| Chef Anton's Cajun Seasoning     |   22.0000 |
| Chef Anton's Gumbo Mix           |   21.3500 |
| Grandma's Boysenberry Spread     |   25.0000 |
| Uncle Bob's Organic Dried Pears  |   30.0000 |
| Northwoods Cranberry Sauce       |   40.0000 |
| Mishi Kobe Niku                  |   97.0000 |
| Ikura                            |   31.0000 |
| Queso Cabrales                   |   21.0000 |
| Queso Manchego La Pastora        |   38.0000 |
| Tofu                             |   23.2500 |
| Alice Mutton                     |   39.0000 |
| Carnarvon Tigers                 |   62.5000 |
| Sir Rodney's Marmalade           |   81.0000 |
| Gustaf's Knckebrd                |   21.0000 |
| Gumbr Gummibrchen                |   31.2300 |
| Schoggi Schokolade               |   43.9000 |
| Rssle Sauerkraut                 |   45.6000 |
| Thringer Rostbratwurst           |  123.7900 |
| Nord-Ost Matjeshering            |   25.8900 |
| Mascarpone Fabioli               |   32.0000 |
| Inlagd Sill                      |   19.0000 |
| Gravad lax                       |   26.0000 |
| Cte de Blaye                     |  263.5000 |
| Boston Crab Meat                 |   18.4000 |
| Ipoh Coffee                      |   46.0000 |
| Gula Malacca                     |   19.4500 |
| Maxilaku                         |   20.0000 |
| Manjimup Dried Apples            |   53.0000 |
| Perth Pasties                    |   32.8000 |
| Pt chinois                       |   24.0000 |
| Gnocchi di nonna Alice           |   38.0000 |
| Ravioli Angelo                   |   19.5000 |
| Raclette Courdavault             |   55.0000 |
| Camembert Pierrot                |   34.0000 |
| Sirop d'rable                    |   28.5000 |
| Tarte au sucre                   |   49.3000 |
| Vegie-spread                     |   43.9000 |
| Wimmers gute Semmelkndel         |   33.2500 |
| Louisiana Fiery Hot Pepper Sauce |   21.0500 |
| Gudbrandsdalsost                 |   36.0000 |
| Flotemysost                      |   21.5000 |
| Mozzarella di Giovanni           |   34.8000 |
+----------------------------------+-----------+
43 rows in set (0.00 sec)

mysql> select ProductName, UnitPrice from products where UnitPrice <any (select UnitPrice from products where ProductName in('chai', 'Chang'));
+---------------------------------+-----------+
| ProductName                     | UnitPrice |
+---------------------------------+-----------+
| Chai                            |   18.0000 |
| Aniseed Syrup                   |   10.0000 |
| Konbu                           |    6.0000 |
| Genen Shouyu                    |   15.5000 |
| Pavlova                         |   17.4500 |
| Teatime Chocolate Biscuits      |    9.2000 |
| Sir Rodney's Scones             |   10.0000 |
| Tunnbrd                         |    9.0000 |
| Guaran Fantstica                |    4.5000 |
| NuNuCa Nu-Nougat-Creme          |   14.0000 |
| Gorgonzola Telino               |   12.5000 |
| Geitost                         |    2.5000 |
| Sasquatch Ale                   |   14.0000 |
| Steeleye Stout                  |   18.0000 |
| Chartreuse verte                |   18.0000 |
| Boston Crab Meat                |   18.4000 |
| Jack's New England Clam Chowder |    9.6500 |
| Singaporean Hokkien Fried Mee   |   14.0000 |
| Rogede sild                     |    9.5000 |
| Spegesild                       |   12.0000 |
| Zaanse koeken                   |    9.5000 |
| Chocolade                       |   12.7500 |
| Valkoinen suklaa                |   16.2500 |
| Filo Mix                        |    7.0000 |
| Tourtire                        |    7.4500 |
| Escargots de Bourgogne          |   13.2500 |
| Louisiana Hot Spiced Okra       |   17.0000 |
| Laughing Lumberjack Lager       |   14.0000 |
| Scottish Longbreads             |   12.5000 |
| Outback Lager                   |   15.0000 |
| Rd Kaviar                       |   15.0000 |
| Longlife Tofu                   |   10.0000 |
| Rhnbru Klosterbier              |    7.7500 |
| Lakkalikri                      |   18.0000 |
| Original Frankfurter grne Soe   |   13.0000 |
+---------------------------------+-----------+
35 rows in set (0.00 sec)

mysql> select ProductName, UnitPrice from products where UnitPrice >all (select UnitPrice from products where ProductName in('chai', 'Chang'));
+----------------------------------+-----------+
| ProductName                      | UnitPrice |
+----------------------------------+-----------+
| Chef Anton's Cajun Seasoning     |   22.0000 |
| Chef Anton's Gumbo Mix           |   21.3500 |
| Grandma's Boysenberry Spread     |   25.0000 |
| Uncle Bob's Organic Dried Pears  |   30.0000 |
| Northwoods Cranberry Sauce       |   40.0000 |
| Mishi Kobe Niku                  |   97.0000 |
| Ikura                            |   31.0000 |
| Queso Cabrales                   |   21.0000 |
| Queso Manchego La Pastora        |   38.0000 |
| Tofu                             |   23.2500 |
| Alice Mutton                     |   39.0000 |
| Carnarvon Tigers                 |   62.5000 |
| Sir Rodney's Marmalade           |   81.0000 |
| Gustaf's Knckebrd                |   21.0000 |
| Gumbr Gummibrchen                |   31.2300 |
| Schoggi Schokolade               |   43.9000 |
| Rssle Sauerkraut                 |   45.6000 |
| Thringer Rostbratwurst           |  123.7900 |
| Nord-Ost Matjeshering            |   25.8900 |
| Mascarpone Fabioli               |   32.0000 |
| Gravad lax                       |   26.0000 |
| Cte de Blaye                     |  263.5000 |
| Ipoh Coffee                      |   46.0000 |
| Gula Malacca                     |   19.4500 |
| Maxilaku                         |   20.0000 |
| Manjimup Dried Apples            |   53.0000 |
| Perth Pasties                    |   32.8000 |
| Pt chinois                       |   24.0000 |
| Gnocchi di nonna Alice           |   38.0000 |
| Ravioli Angelo                   |   19.5000 |
| Raclette Courdavault             |   55.0000 |
| Camembert Pierrot                |   34.0000 |
| Sirop d'rable                    |   28.5000 |
| Tarte au sucre                   |   49.3000 |
| Vegie-spread                     |   43.9000 |
| Wimmers gute Semmelkndel         |   33.2500 |
| Louisiana Fiery Hot Pepper Sauce |   21.0500 |
| Gudbrandsdalsost                 |   36.0000 |
| Flotemysost                      |   21.5000 |
| Mozzarella di Giovanni           |   34.8000 |
+----------------------------------+-----------+
40 rows in set (0.00 sec)

mysql> select ProductName, UnitPrice from products where UnitPrice <all (select UnitPrice from products where ProductName in('chai', 'Chang'));
+---------------------------------+-----------+
| ProductName                     | UnitPrice |
+---------------------------------+-----------+
| Aniseed Syrup                   |   10.0000 |
| Konbu                           |    6.0000 |
| Genen Shouyu                    |   15.5000 |
| Pavlova                         |   17.4500 |
| Teatime Chocolate Biscuits      |    9.2000 |
| Sir Rodney's Scones             |   10.0000 |
| Tunnbrd                         |    9.0000 |
| Guaran Fantstica                |    4.5000 |
| NuNuCa Nu-Nougat-Creme          |   14.0000 |
| Gorgonzola Telino               |   12.5000 |
| Geitost                         |    2.5000 |
| Sasquatch Ale                   |   14.0000 |
| Jack's New England Clam Chowder |    9.6500 |
| Singaporean Hokkien Fried Mee   |   14.0000 |
| Rogede sild                     |    9.5000 |
| Spegesild                       |   12.0000 |
| Zaanse koeken                   |    9.5000 |
| Chocolade                       |   12.7500 |
| Valkoinen suklaa                |   16.2500 |
| Filo Mix                        |    7.0000 |
| Tourtire                        |    7.4500 |
| Escargots de Bourgogne          |   13.2500 |
| Louisiana Hot Spiced Okra       |   17.0000 |
| Laughing Lumberjack Lager       |   14.0000 |
| Scottish Longbreads             |   12.5000 |
| Outback Lager                   |   15.0000 |
| Rd Kaviar                       |   15.0000 |
| Longlife Tofu                   |   10.0000 |
| Rhnbru Klosterbier              |    7.7500 |
| Original Frankfurter grne Soe   |   13.0000 |
+---------------------------------+-----------+
30 rows in set (0.00 sec)

mysql> select True from emp;
+------+
| True |
+------+
|    1 |
|    1 |
|    1 |
|    1 |
|    1 |
|    1 |
|    1 |
|    1 |
|    1 |
|    1 |
|    1 |
|    1 |
|    1 |
|    1 |
|    1 |
|    1 |
|    1 |
|    1 |
|    1 |
|    1 |
|    1 |
|    1 |
|    1 |
|    1 |
|    1 |
|    1 |
|    1 |
|    1 |
+------+
28 rows in set (0.00 sec)

mysql> select True;
+------+
| True |
+------+
|    1 |
+------+
1 row in set (0.00 sec)

mysql> select ename, job, sal from emp where exists (select true);
+----------+---------------------+------+
| ename    | job                 | sal  |
+----------+---------------------+------+
| GITA     | Compliance officers | 1750 |
| VRUSHALI | Compliance officers | 1750 |
| SHARMIN  | Public Relation     | 1750 |
| BANDISH  | Public Relation     | 1750 |
| SMITH    | CLERK               |  800 |
| AARAV    | CLERK               | 3350 |
| THOMAS   | CLERK               | 1750 |
| ALLEN    | SALESMAN            | 1600 |
| WARD     | SALESMAN            | 1250 |
| JONES    | MANAGER             | 2975 |
| MARTIN   | SALESMAN            | 1250 |
| BLAKE    | MANAGER             | 2850 |
| CLARK    | MANAGER             | 2450 |
| SCOTT    | ANALYST             | 3000 |
| KING     | PRESIDENT           | 5000 |
| FRED     | vice PRESIDENT      | 5000 |
| TURNER   | SALESMAN            | 1500 |
| ADAMS    | CLERK               | 1100 |
| JAMES    | CLERK               |  950 |
| FORD     | ANALYST             | 3000 |
| HOFFMAN  | MANAGER             | 4150 |
| GRASS    | SALESMAN            | 2575 |
| MILLER   | CLERK               | 1300 |
| AARUSH   | SALESMAN            | 1350 |
| ALEX     | MANAGER             | 1250 |
| NATASHA  | CLERK               | 1750 |
| SANGITA  | Compliance officers | 1750 |
| SUPRIYA  | ANALYST             | 1750 |
+----------+---------------------+------+
28 rows in set (0.00 sec)

mysql> select ename, job, sal from emp where exists (select false);
+----------+---------------------+------+
| ename    | job                 | sal  |
+----------+---------------------+------+
| GITA     | Compliance officers | 1750 |
| VRUSHALI | Compliance officers | 1750 |
| SHARMIN  | Public Relation     | 1750 |
| BANDISH  | Public Relation     | 1750 |
| SMITH    | CLERK               |  800 |
| AARAV    | CLERK               | 3350 |
| THOMAS   | CLERK               | 1750 |
| ALLEN    | SALESMAN            | 1600 |
| WARD     | SALESMAN            | 1250 |
| JONES    | MANAGER             | 2975 |
| MARTIN   | SALESMAN            | 1250 |
| BLAKE    | MANAGER             | 2850 |
| CLARK    | MANAGER             | 2450 |
| SCOTT    | ANALYST             | 3000 |
| KING     | PRESIDENT           | 5000 |
| FRED     | vice PRESIDENT      | 5000 |
| TURNER   | SALESMAN            | 1500 |
| ADAMS    | CLERK               | 1100 |
| JAMES    | CLERK               |  950 |
| FORD     | ANALYST             | 3000 |
| HOFFMAN  | MANAGER             | 4150 |
| GRASS    | SALESMAN            | 2575 |
| MILLER   | CLERK               | 1300 |
| AARUSH   | SALESMAN            | 1350 |
| ALEX     | MANAGER             | 1250 |
| NATASHA  | CLERK               | 1750 |
| SANGITA  | Compliance officers | 1750 |
| SUPRIYA  | ANALYST             | 1750 |
+----------+---------------------+------+
28 rows in set (0.00 sec)

mysql> select ename, job, sal from emp where exists (select 'false');
+----------+---------------------+------+
| ename    | job                 | sal  |
+----------+---------------------+------+
| GITA     | Compliance officers | 1750 |
| VRUSHALI | Compliance officers | 1750 |
| SHARMIN  | Public Relation     | 1750 |
| BANDISH  | Public Relation     | 1750 |
| SMITH    | CLERK               |  800 |
| AARAV    | CLERK               | 3350 |
| THOMAS   | CLERK               | 1750 |
| ALLEN    | SALESMAN            | 1600 |
| WARD     | SALESMAN            | 1250 |
| JONES    | MANAGER             | 2975 |
| MARTIN   | SALESMAN            | 1250 |
| BLAKE    | MANAGER             | 2850 |
| CLARK    | MANAGER             | 2450 |
| SCOTT    | ANALYST             | 3000 |
| KING     | PRESIDENT           | 5000 |
| FRED     | vice PRESIDENT      | 5000 |
| TURNER   | SALESMAN            | 1500 |
| ADAMS    | CLERK               | 1100 |
| JAMES    | CLERK               |  950 |
| FORD     | ANALYST             | 3000 |
| HOFFMAN  | MANAGER             | 4150 |
| GRASS    | SALESMAN            | 2575 |
| MILLER   | CLERK               | 1300 |
| AARUSH   | SALESMAN            | 1350 |
| ALEX     | MANAGER             | 1250 |
| NATASHA  | CLERK               | 1750 |
| SANGITA  | Compliance officers | 1750 |
| SUPRIYA  | ANALYST             | 1750 |
+----------+---------------------+------+
28 rows in set (0.00 sec)

mysql> select * from dept where exists(select True from emp where dept.deptno=emp.deptno);
+--------+------------+----------+------------+------------+
| DEPTNO | DNAME      | LOC      | PWD        | STARTEDON  |
+--------+------------+----------+------------+------------+
|     10 | ACCOUNTING | NEW YORK | r50mpm     | 24/03/1989 |
|     20 | RESEARCH   | DALLAS   | a12recmpm  | 12/04/1989 |
|     30 | SALES      | CHICAGO  | sales@2017 | 13/04/1989 |
|     50 | HR         | PUNE     | PUN@8877   | 22/12/1989 |
+--------+------------+----------+------------+------------+
4 rows in set (0.00 sec)

mysql> select * from dept where not exists(select True from emp where dept.deptno=emp.deptno);
+--------+------------+--------+---------+------------+
| DEPTNO | DNAME      | LOC    | PWD     | STARTEDON  |
+--------+------------+--------+---------+------------+
|     40 | OPERATIONS | BOSTON | opr@123 | 12/07/1989 |
+--------+------------+--------+---------+------------+
1 row in set (0.00 sec)

mysql> select deptno from emp where gender='m';
+--------+
| deptno |
+--------+
|     20 |
|     10 |
|     10 |
|     30 |
|     30 |
|     20 |
|     30 |
|     30 |
|     10 |
|     20 |
|     10 |
|     20 |
|     30 |
|     20 |
|     30 |
|     20 |
|     30 |
|     30 |
|     10 |
|     30 |
|     30 |
+--------+
21 rows in set (0.00 sec)

mysql> select deptno,gender from emp where gender='m';
+--------+--------+
| deptno | gender |
+--------+--------+
|     20 | M      |
|     10 | M      |
|     10 | M      |
|     30 | M      |
|     30 | M      |
|     20 | M      |
|     30 | M      |
|     30 | M      |
|     10 | M      |
|     20 | M      |
|     10 | M      |
|     20 | M      |
|     30 | M      |
|     20 | M      |
|     30 | M      |
|     20 | M      |
|     30 | M      |
|     30 | M      |
|     10 | M      |
|     30 | M      |
|     30 | M      |
+--------+--------+
21 rows in set (0.00 sec)

mysql> select deptno,gender from emp where gender='m' order by 1;
+--------+--------+
| deptno | gender |
+--------+--------+
|     10 | M      |
|     10 | M      |
|     10 | M      |
|     10 | M      |
|     10 | M      |
|     20 | M      |
|     20 | M      |
|     20 | M      |
|     20 | M      |
|     20 | M      |
|     20 | M      |
|     30 | M      |
|     30 | M      |
|     30 | M      |
|     30 | M      |
|     30 | M      |
|     30 | M      |
|     30 | M      |
|     30 | M      |
|     30 | M      |
|     30 | M      |
+--------+--------+
21 rows in set (0.00 sec)

mysql> select deptno,gender from emp where gender='f' order by 1;
+--------+--------+
| deptno | gender |
+--------+--------+
|     20 | F      |
|     20 | F      |
|     30 | F      |
|     30 | F      |
|     50 | F      |
|     50 | F      |
|     50 | F      |
+--------+--------+
7 rows in set (0.00 sec)

mysql>
mysql>
mysql>
mysql> 10 | M      |
    -> |     10 | M      |
    -> |     10 | M      |
    -> |     10 | M      |
    -> |     10 | M      |
    ->
    ->
    ->
    -> ^Z^C
mysql> 10 | M      |
    -> |     10 | M      |
    -> |     10 | M      |
    -> |     10 | M      |
    -> |     10 | M      |^C
mysql>
mysql>
mysql>
mysql>
mysql>
mysql> SELECT * FROM emp m WHERE NOT EXISTS (SELECT true FROM emp f WHERE m.deptno = f.deptno AND f.gender = 'f');
+-------+--------+--------+-----------+------+------------+------+------+--------+---------+-------------+--------+------------+----------+
| EMPNO | ENAME  | GENDER | JOB       | MGR  | HIREDATE   | SAL  | COMM | DEPTNO | BONUSID | USER NAME   | PWD    | PHONE      | isActive |
+-------+--------+--------+-----------+------+------------+------+------+--------+---------+-------------+--------+------------+----------+
|  7415 | AARAV  | M      | CLERK     | 7902 | 1981-12-31 | 3350 | NULL |     10 |    NULL | AARAV       | NULL   | 7032300084 |        0 |
|  7421 | THOMAS | M      | CLERK     | 7920 | 1981-07-19 | 1750 | NULL |     10 |       1 | THOMAS      | r50mpm | 7032300011 |        0 |
|  7782 | CLARK  | M      | MANAGER   | 7839 | 1981-06-09 | 2450 | NULL |     10 |       3 | CLARK       | r50mpm | 7032300001 |        1 |
|  7839 | KING   | M      | PRESIDENT | NULL | 1981-11-17 | 5000 | NULL |     10 |       1 | KING        | r50mpm | 7132300081 |        1 |
|  7934 | MILLER | M      | CLERK     | 7782 | 1982-01-23 | 1300 | NULL |     10 |       2 | QUARTERNOTE | r50mpm | 7132300055 |        0 |
+-------+--------+--------+-----------+------+------------+------+------+--------+---------+-------------+--------+------------+----------+
5 rows in set (0.00 sec)

mysql> SELECT deptno, gender  FROM emp m WHERE NOT EXISTS (SELECT true FROM emp f WHERE m.deptno = f.deptno AND f.gender = 'f');
+--------+--------+
| deptno | gender |
+--------+--------+
|     10 | M      |
|     10 | M      |
|     10 | M      |
|     10 | M      |
|     10 | M      |
+--------+--------+
5 rows in set (0.00 sec)

mysql> SELECT distinct deptno, gender  FROM emp m WHERE NOT EXISTS (SELECT true FROM emp f WHERE m.deptno = f.deptno AND f.gender = 'f');
+--------+--------+
| deptno | gender |
+--------+--------+
|     10 | M      |
+--------+--------+
1 row in set (0.00 sec)

mysql> SELECT distinct deptno, gender  FROM emp m WHERE NOT EXISTS (SELECT true FROM emp f WHERE m.deptno = f.deptno AND f.gender = 'm');
+--------+--------+
| deptno | gender |
+--------+--------+
|     50 | F      |
+--------+--------+
1 row in set (0.00 sec)

mysql> select ename, sal from emp order by sal;
+----------+------+
| ename    | sal  |
+----------+------+
| SMITH    |  800 |
| JAMES    |  950 |
| ADAMS    | 1100 |
| WARD     | 1250 |
| MARTIN   | 1250 |
| ALEX     | 1250 |
| MILLER   | 1300 |
| AARUSH   | 1350 |
| TURNER   | 1500 |
| ALLEN    | 1600 |
| GITA     | 1750 |
| VRUSHALI | 1750 |
| SHARMIN  | 1750 |
| BANDISH  | 1750 |
| THOMAS   | 1750 |
| NATASHA  | 1750 |
| SANGITA  | 1750 |
| SUPRIYA  | 1750 |
| CLARK    | 2450 |
| GRASS    | 2575 |
| BLAKE    | 2850 |
| JONES    | 2975 |
| SCOTT    | 3000 |
| FORD     | 3000 |
| AARAV    | 3350 |
| HOFFMAN  | 4150 |
| KING     | 5000 |
| FRED     | 5000 |
+----------+------+
28 rows in set (0.00 sec)

mysql> select ename, sal from emp a where a.sal = (select b.sal from emp b where a.sal=b.sal);
ERROR 1242 (21000): Subquery returns more than 1 row
mysql> select ename, sal from emp a where a.sal in (select b.sal from emp b where a.sal=b.sal);
+----------+------+
| ename    | sal  |
+----------+------+
| GITA     | 1750 |
| VRUSHALI | 1750 |
| SHARMIN  | 1750 |
| BANDISH  | 1750 |
| SMITH    |  800 |
| AARAV    | 3350 |
| THOMAS   | 1750 |
| ALLEN    | 1600 |
| WARD     | 1250 |
| JONES    | 2975 |
| MARTIN   | 1250 |
| BLAKE    | 2850 |
| CLARK    | 2450 |
| SCOTT    | 3000 |
| KING     | 5000 |
| FRED     | 5000 |
| TURNER   | 1500 |
| ADAMS    | 1100 |
| JAMES    |  950 |
| FORD     | 3000 |
| HOFFMAN  | 4150 |
| GRASS    | 2575 |
| MILLER   | 1300 |
| AARUSH   | 1350 |
| ALEX     | 1250 |
| NATASHA  | 1750 |
| SANGITA  | 1750 |
| SUPRIYA  | 1750 |
+----------+------+
28 rows in set (0.00 sec)

mysql> select ename, sal from emp a where a.sal in (select b.sal from emp b where a.sal=b.sal) order by sal;
+----------+------+
| ename    | sal  |
+----------+------+
| SMITH    |  800 |
| JAMES    |  950 |
| ADAMS    | 1100 |
| WARD     | 1250 |
| MARTIN   | 1250 |
| ALEX     | 1250 |
| MILLER   | 1300 |
| AARUSH   | 1350 |
| TURNER   | 1500 |
| ALLEN    | 1600 |
| GITA     | 1750 |
| VRUSHALI | 1750 |
| SHARMIN  | 1750 |
| BANDISH  | 1750 |
| THOMAS   | 1750 |
| NATASHA  | 1750 |
| SANGITA  | 1750 |
| SUPRIYA  | 1750 |
| CLARK    | 2450 |
| GRASS    | 2575 |
| BLAKE    | 2850 |
| JONES    | 2975 |
| SCOTT    | 3000 |
| FORD     | 3000 |
| AARAV    | 3350 |
| HOFFMAN  | 4150 |
| KING     | 5000 |
| FRED     | 5000 |
+----------+------+
28 rows in set (0.00 sec)

mysql> select ename, sal from emp a where a.sal in (select b.sal from emp b where a.sal=b.sal and a.empno<>b.empno) order by sal;
+----------+------+
| ename    | sal  |
+----------+------+
| WARD     | 1250 |
| MARTIN   | 1250 |
| ALEX     | 1250 |
| GITA     | 1750 |
| VRUSHALI | 1750 |
| SHARMIN  | 1750 |
| BANDISH  | 1750 |
| THOMAS   | 1750 |
| NATASHA  | 1750 |
| SANGITA  | 1750 |
| SUPRIYA  | 1750 |
| SCOTT    | 3000 |
| FORD     | 3000 |
| KING     | 5000 |
| FRED     | 5000 |
+----------+------+
15 rows in set (0.00 sec)

mysql> select ename, hiredate from emp a where a.hiredate in (select b.hiredate from emp b where a.hiredate=b.hiredate and a.empno<>b.empno) order by hiredate;
+----------+------------+
| ename    | hiredate   |
+----------+------------+
| GRASS    | 1980-02-14 |
| AARUSH   | 1980-02-14 |
| GITA     | 1981-07-19 |
| VRUSHALI | 1981-07-19 |
| SHARMIN  | 1981-07-19 |
| BANDISH  | 1981-07-19 |
| THOMAS   | 1981-07-19 |
| NATASHA  | 1981-07-19 |
| SANGITA  | 1981-07-19 |
| SUPRIYA  | 1981-07-19 |
| JAMES    | 1981-12-03 |
| FORD     | 1981-12-03 |
+----------+------------+
12 rows in set (0.00 sec)

mysql> create user 'infoway'@'192.168.100.80' identified by 'infoway';
Query OK, 0 rows affected (0.05 sec)

mysql> select user();
+--------------------------------+
| user()                         |
+--------------------------------+
| saleel@Classroom03.infoway.com |
+--------------------------------+
1 row in set (0.00 sec)

mysql> create user 'u1'@'192.168.100.80' identified by 'u1';
Query OK, 0 rows affected (0.01 sec)

mysql> drop user u1;
ERROR 1396 (HY000): Operation DROP USER failed for 'u1'@'%'
mysql> create user 'u2'@'%' identified by 'u1';
Query OK, 0 rows affected (0.01 sec)

mysql> show databases();
ERROR 1064 (42000): You have an error in your SQL syntax; check the manual that corresponds to your MySQL server version for the right syntax to use near '()' at line 1
mysql> show databases;
+--------------------+
| Database           |
+--------------------+
| ganesh             |
| group001           |
| group001_campus    |
| group002           |
| group002_campus    |
| group003           |
| group003_campus    |
| group004           |
| group004_campus    |
| group005           |
| group005_campus    |
| group006           |
| group006_campus    |
| group007           |
| group007_campus    |
| group008           |
| group008_campus    |
| group009           |
| group009_campus    |
| group010           |
| group010_campus    |
| group011           |
| group011_campus    |
| group012           |
| group012_campus    |
| group013           |
| group013_campus    |
| group014           |
| group014_campus    |
| group015           |
| group015_campus    |
| group016           |
| group016_campus    |
| group017           |
| group017_campus    |
| group018           |
| group018_campus    |
| group019           |
| group019_campus    |
| group020           |
| group020_campus    |
| group021           |
| group021_campus    |
| group022           |
| group022_campus    |
| group023           |
| group023_campus    |
| group024           |
| group024_campus    |
| group025           |
| group025_campus    |
| group026           |
| group026_campus    |
| group027           |
| group027_campus    |
| group028           |
| group028_campus    |
| group029           |
| group029_campus    |
| group030           |
| group030_campus    |
| group031           |
| group031_campus    |
| group032           |
| group032_campus    |
| group033           |
| group033_campus    |
| group034           |
| group034_campus    |
| group035           |
| group035_campus    |
| group036           |
| group036_campus    |
| group037           |
| group037_campus    |
| group038           |
| group038_campus    |
| group039           |
| group039_campus    |
| group040           |
| group040_campus    |
| group041           |
| group041_campus    |
| group042           |
| group042_campus    |
| group043           |
| group043_campus    |
| group044           |
| group044_campus    |
| group045           |
| group045_campus    |
| group046           |
| group046_campus    |
| group047           |
| group047_campus    |
| group048           |
| group048_campus    |
| group049           |
| group049_campus    |
| group050           |
| group050_campus    |
| group051           |
| group051_campus    |
| group052           |
| group052_campus    |
| group053           |
| group053_campus    |
| group054           |
| group054_campus    |
| group055           |
| group055_campus    |
| group056           |
| group056_campus    |
| group057           |
| group057_campus    |
| group058           |
| group058_campus    |
| group059           |
| group059_campus    |
| group060           |
| group060_campus    |
| group061           |
| group061_campus    |
| group062           |
| group062_campus    |
| information_schema |
| infoway            |
| mysql              |
| performance_schema |
| sakila             |
| saleel             |
| sys                |
| world              |
| z                  |
| z1                 |
+--------------------+
135 rows in set (0.00 sec)

mysql> select * from dept;
+--------+------------+----------+------------+------------+
| DEPTNO | DNAME      | LOC      | PWD        | STARTEDON  |
+--------+------------+----------+------------+------------+
|     10 | ACCOUNTING | NEW YORK | r50mpm     | 24/03/1989 |
|     20 | RESEARCH   | DALLAS   | a12recmpm  | 12/04/1989 |
|     30 | SALES      | CHICAGO  | sales@2017 | 13/04/1989 |
|     40 | OPERATIONS | BOSTON   | opr@123    | 12/07/1989 |
|     50 | HR         | PUNE     | PUN@8877   | 22/12/1989 |
+--------+------------+----------+------------+------------+
5 rows in set (0.00 sec)

mysql> grant select on saleel.dept to u2;
ERROR 1142 (42000): GRANT command denied to user 'saleel'@'Classroom03.infoway.com' for table 'dept'
mysql> grant select on dept to u2;
ERROR 1142 (42000): GRANT command denied to user 'saleel'@'Classroom03.infoway.com' for table 'dept'
mysql>
mysql>
mysql> grant select on dept to 'u2'@'%';
ERROR 1142 (42000): GRANT command denied to user 'saleel'@'Classroom03.infoway.com' for table 'dept'
mysql> select user();
+--------------------------------+
| user()                         |
+--------------------------------+
| saleel@Classroom03.infoway.com |
+--------------------------------+
1 row in set (0.00 sec)

mysql> select * from dept;
+--------+------------+----------+------------+------------+
| DEPTNO | DNAME      | LOC      | PWD        | STARTEDON  |
+--------+------------+----------+------------+------------+
|     10 | ACCOUNTING | NEW YORK | r50mpm     | 24/03/1989 |
|     20 | RESEARCH   | DALLAS   | a12recmpm  | 12/04/1989 |
|     30 | SALES      | CHICAGO  | sales@2017 | 13/04/1989 |
|     40 | OPERATIONS | BOSTON   | opr@123    | 12/07/1989 |
|     50 | HR         | PUNE     | PUN@8877   | 22/12/1989 |
+--------+------------+----------+------------+------------+
5 rows in set (0.00 sec)

mysql> create or replace view v1 as select * from dept;
Query OK, 0 rows affected (0.01 sec)

mysql> select * from v1;
+--------+------------+----------+------------+------------+
| DEPTNO | DNAME      | LOC      | PWD        | STARTEDON  |
+--------+------------+----------+------------+------------+
|     10 | ACCOUNTING | NEW YORK | r50mpm     | 24/03/1989 |
|     20 | RESEARCH   | DALLAS   | a12recmpm  | 12/04/1989 |
|     30 | SALES      | CHICAGO  | sales@2017 | 13/04/1989 |
|     40 | OPERATIONS | BOSTON   | opr@123    | 12/07/1989 |
|     50 | HR         | PUNE     | PUN@8877   | 22/12/1989 |
+--------+------------+----------+------------+------------+
5 rows in set (0.00 sec)

mysql> show create view v1;
+------+------------------------------------------------------------------------------------------------------------------------------------------------------------------------------------------------------------------------------------------+----------------------+----------------------+
| View | Create View                                                                                                                                                                                                                              | character_set_client | collation_connection |
+------+------------------------------------------------------------------------------------------------------------------------------------------------------------------------------------------------------------------------------------------+----------------------+----------------------+
| v1   | CREATE ALGORITHM=UNDEFINED DEFINER=`saleel`@`%` SQL SECURITY DEFINER VIEW `v1` AS select `dept`.`DEPTNO` AS `DEPTNO`,`dept`.`DNAME` AS `DNAME`,`dept`.`LOC` AS `LOC`,`dept`.`PWD` AS `PWD`,`dept`.`STARTEDON` AS `STARTEDON` from `dept` | cp850                | cp850_general_ci     |
+------+------------------------------------------------------------------------------------------------------------------------------------------------------------------------------------------------------------------------------------------+----------------------+----------------------+
1 row in set (0.00 sec)

mysql> select * from dept;
+--------+------------+----------+------------+------------+
| DEPTNO | DNAME      | LOC      | PWD        | STARTEDON  |
+--------+------------+----------+------------+------------+
|     10 | ACCOUNTING | NEW YORK | r50mpm     | 24/03/1989 |
|     20 | RESEARCH   | DALLAS   | a12recmpm  | 12/04/1989 |
|     30 | SALES      | CHICAGO  | sales@2017 | 13/04/1989 |
|     40 | OPERATIONS | BOSTON   | opr@123    | 12/07/1989 |
|     50 | HR         | PUNE     | PUN@8877   | 22/12/1989 |
+--------+------------+----------+------------+------------+
5 rows in set (0.00 sec)

mysql> select * from v1;
+--------+------------+----------+------------+------------+
| DEPTNO | DNAME      | LOC      | PWD        | STARTEDON  |
+--------+------------+----------+------------+------------+
|     10 | ACCOUNTING | NEW YORK | r50mpm     | 24/03/1989 |
|     20 | RESEARCH   | DALLAS   | a12recmpm  | 12/04/1989 |
|     30 | SALES      | CHICAGO  | sales@2017 | 13/04/1989 |
|     40 | OPERATIONS | BOSTON   | opr@123    | 12/07/1989 |
|     50 | HR         | PUNE     | PUN@8877   | 22/12/1989 |
+--------+------------+----------+------------+------------+
5 rows in set (0.00 sec)

mysql> alter table dept add column c1 int;
Query OK, 0 rows affected (0.04 sec)
Records: 0  Duplicates: 0  Warnings: 0

mysql> select * from dept;
+--------+------------+----------+------------+------------+------+
| DEPTNO | DNAME      | LOC      | PWD        | STARTEDON  | c1   |
+--------+------------+----------+------------+------------+------+
|     10 | ACCOUNTING | NEW YORK | r50mpm     | 24/03/1989 | NULL |
|     20 | RESEARCH   | DALLAS   | a12recmpm  | 12/04/1989 | NULL |
|     30 | SALES      | CHICAGO  | sales@2017 | 13/04/1989 | NULL |
|     40 | OPERATIONS | BOSTON   | opr@123    | 12/07/1989 | NULL |
|     50 | HR         | PUNE     | PUN@8877   | 22/12/1989 | NULL |
+--------+------------+----------+------------+------------+------+
5 rows in set (0.00 sec)

mysql> select * from v1;
+--------+------------+----------+------------+------------+
| DEPTNO | DNAME      | LOC      | PWD        | STARTEDON  |
+--------+------------+----------+------------+------------+
|     10 | ACCOUNTING | NEW YORK | r50mpm     | 24/03/1989 |
|     20 | RESEARCH   | DALLAS   | a12recmpm  | 12/04/1989 |
|     30 | SALES      | CHICAGO  | sales@2017 | 13/04/1989 |
|     40 | OPERATIONS | BOSTON   | opr@123    | 12/07/1989 |
|     50 | HR         | PUNE     | PUN@8877   | 22/12/1989 |
+--------+------------+----------+------------+------------+
5 rows in set (0.00 sec)

mysql> alter table dept drop column c1;
Query OK, 0 rows affected (0.03 sec)
Records: 0  Duplicates: 0  Warnings: 0

mysql> alter table dept drop column STARTEDON;
Query OK, 0 rows affected (0.02 sec)
Records: 0  Duplicates: 0  Warnings: 0

mysql> select * from dept;
+--------+------------+----------+------------+
| DEPTNO | DNAME      | LOC      | PWD        |
+--------+------------+----------+------------+
|     10 | ACCOUNTING | NEW YORK | r50mpm     |
|     20 | RESEARCH   | DALLAS   | a12recmpm  |
|     30 | SALES      | CHICAGO  | sales@2017 |
|     40 | OPERATIONS | BOSTON   | opr@123    |
|     50 | HR         | PUNE     | PUN@8877   |
+--------+------------+----------+------------+
5 rows in set (0.00 sec)

mysql> show create view v1;
+------+------------------------------------------------------------------------------------------------------------------------------------------------------------------------------------------------------------------------------------------+----------------------+----------------------+
| View | Create View                                                                                                                                                                                                                              | character_set_client | collation_connection |
+------+------------------------------------------------------------------------------------------------------------------------------------------------------------------------------------------------------------------------------------------+----------------------+----------------------+
| v1   | CREATE ALGORITHM=UNDEFINED DEFINER=`saleel`@`%` SQL SECURITY DEFINER VIEW `v1` AS select `dept`.`DEPTNO` AS `DEPTNO`,`dept`.`DNAME` AS `DNAME`,`dept`.`LOC` AS `LOC`,`dept`.`PWD` AS `PWD`,`dept`.`STARTEDON` AS `STARTEDON` from `dept` | cp850                | cp850_general_ci     |
+------+------------------------------------------------------------------------------------------------------------------------------------------------------------------------------------------------------------------------------------------+----------------------+----------------------+
1 row in set, 1 warning (0.00 sec)

mysql> select * from v1;
ERROR 1356 (HY000): View 'saleel.v1' references invalid table(s) or column(s) or function(s) or definer/invoker of view lack rights to use them
mysql> create or replace view v1 as select * from dept;
Query OK, 0 rows affected (0.01 sec)

mysql> select * from v1;
+--------+------------+----------+------------+
| DEPTNO | DNAME      | LOC      | PWD        |
+--------+------------+----------+------------+
|     10 | ACCOUNTING | NEW YORK | r50mpm     |
|     20 | RESEARCH   | DALLAS   | a12recmpm  |
|     30 | SALES      | CHICAGO  | sales@2017 |
|     40 | OPERATIONS | BOSTON   | opr@123    |
|     50 | HR         | PUNE     | PUN@8877   |
+--------+------------+----------+------------+
5 rows in set (0.00 sec)

mysql> insert into dept values(1,1,1,1);
Query OK, 1 row affected (0.00 sec)

mysql> select * from v1;
+--------+------------+----------+------------+
| DEPTNO | DNAME      | LOC      | PWD        |
+--------+------------+----------+------------+
|      1 | 1          | 1        | 1          |
|     10 | ACCOUNTING | NEW YORK | r50mpm     |
|     20 | RESEARCH   | DALLAS   | a12recmpm  |
|     30 | SALES      | CHICAGO  | sales@2017 |
|     40 | OPERATIONS | BOSTON   | opr@123    |
|     50 | HR         | PUNE     | PUN@8877   |
+--------+------------+----------+------------+
6 rows in set (0.00 sec)

mysql> insert into v1 values(2,2,2,2);
Query OK, 1 row affected (0.00 sec)

mysql> select * from dept;
+--------+------------+----------+------------+
| DEPTNO | DNAME      | LOC      | PWD        |
+--------+------------+----------+------------+
|      1 | 1          | 1        | 1          |
|      2 | 2          | 2        | 2          |
|     10 | ACCOUNTING | NEW YORK | r50mpm     |
|     20 | RESEARCH   | DALLAS   | a12recmpm  |
|     30 | SALES      | CHICAGO  | sales@2017 |
|     40 | OPERATIONS | BOSTON   | opr@123    |
|     50 | HR         | PUNE     | PUN@8877   |
+--------+------------+----------+------------+
7 rows in set (0.00 sec)

mysql> delete from dept where deptno=2;
Query OK, 1 row affected (0.00 sec)

mysql> select * from dept;
+--------+------------+----------+------------+
| DEPTNO | DNAME      | LOC      | PWD        |
+--------+------------+----------+------------+
|      1 | 1          | 1        | 1          |
|     10 | ACCOUNTING | NEW YORK | r50mpm     |
|     20 | RESEARCH   | DALLAS   | a12recmpm  |
|     30 | SALES      | CHICAGO  | sales@2017 |
|     40 | OPERATIONS | BOSTON   | opr@123    |
|     50 | HR         | PUNE     | PUN@8877   |
+--------+------------+----------+------------+
6 rows in set (0.00 sec)

mysql> select * from v1;
+--------+------------+----------+------------+
| DEPTNO | DNAME      | LOC      | PWD        |
+--------+------------+----------+------------+
|      1 | 1          | 1        | 1          |
|     10 | ACCOUNTING | NEW YORK | r50mpm     |
|     20 | RESEARCH   | DALLAS   | a12recmpm  |
|     30 | SALES      | CHICAGO  | sales@2017 |
|     40 | OPERATIONS | BOSTON   | opr@123    |
|     50 | HR         | PUNE     | PUN@8877   |
+--------+------------+----------+------------+
6 rows in set (0.00 sec)

mysql> delete from v1 where deptno=1;
Query OK, 1 row affected (0.00 sec)

mysql> select * from dept;
+--------+------------+----------+------------+
| DEPTNO | DNAME      | LOC      | PWD        |
+--------+------------+----------+------------+
|     10 | ACCOUNTING | NEW YORK | r50mpm     |
|     20 | RESEARCH   | DALLAS   | a12recmpm  |
|     30 | SALES      | CHICAGO  | sales@2017 |
|     40 | OPERATIONS | BOSTON   | opr@123    |
|     50 | HR         | PUNE     | PUN@8877   |
+--------+------------+----------+------------+
5 rows in set (0.00 sec)

mysql> select ename, job, sal from emp;
+----------+---------------------+------+
| ename    | job                 | sal  |
+----------+---------------------+------+
| GITA     | Compliance officers | 1750 |
| VRUSHALI | Compliance officers | 1750 |
| SHARMIN  | Public Relation     | 1750 |
| BANDISH  | Public Relation     | 1750 |
| SMITH    | CLERK               |  800 |
| AARAV    | CLERK               | 3350 |
| THOMAS   | CLERK               | 1750 |
| ALLEN    | SALESMAN            | 1600 |                                                                       | WARD     | SALESMAN            | 1250 |                                                                       | JONES    | MANAGER             | 2975 |                                                                       | MARTIN   | SALESMAN            | 1250 |                                                                       | BLAKE    | MANAGER             | 2850 |                                                                       | CLARK    | MANAGER             | 2450 |                                                                       | SCOTT    | ANALYST             | 3000 |                                                                       | KING     | PRESIDENT           | 5000 |                                                                       | FRED     | vice PRESIDENT      | 5000 |                                                                       | TURNER   | SALESMAN            | 1500 |                                                                       | ADAMS    | CLERK               | 1100 |                                                                       | JAMES    | CLERK               |  950 |                                                                       | FORD     | ANALYST             | 3000 |                                                                       | HOFFMAN  | MANAGER             | 4150 |                                                                       | GRASS    | SALESMAN            | 2575 |                                                                       | MILLER   | CLERK               | 1300 |                                                                       | AARUSH   | SALESMAN            | 1350 |                                                                       | ALEX     | MANAGER             | 1250 |                                                                       | NATASHA  | CLERK               | 1750 |                                                                       | SANGITA  | Compliance officers | 1750 |                                                                       | SUPRIYA  | ANALYST             | 1750 |                                                                       +----------+---------------------+------+                                                                       28 rows in set (0.00 sec)

mysql> grant select on dept to 'u2'@'%';
ERROR 1142 (42000): GRANT command denied to user 'saleel'@'Classroom03.infoway.com' for table 'dept'
mysql> grant select on dept to 'u1'@'%';
ERROR 1142 (42000): GRANT command denied to user 'saleel'@'Classroom03.infoway.com' for table 'dept'
mysql> grant select on dept to 'u2'@'%';
ERROR 1142 (42000): GRANT command denied to user 'saleel'@'Classroom03.infoway.com' for table 'dept'
mysql>
mysql>
mysql>
mysql> select ename, job, sal, deptno from emp where deptno=10;
+--------+-----------+------+--------+
| ename  | job       | sal  | deptno |
+--------+-----------+------+--------+
| AARAV  | CLERK     | 3350 |     10 |
| THOMAS | CLERK     | 1750 |     10 |
| CLARK  | MANAGER   | 2450 |     10 |
| KING   | PRESIDENT | 5000 |     10 |
| MILLER | CLERK     | 1300 |     10 |
+--------+-----------+------+--------+
5 rows in set (0.00 sec)

mysql> create or replace view v1 as select ename, job, sal, deptno from emp where deptno=10;
Query OK, 0 rows affected (0.01 sec)

mysql> select * from v1;
+--------+-----------+------+--------+
| ename  | job       | sal  | deptno |
+--------+-----------+------+--------+
| AARAV  | CLERK     | 3350 |     10 |
| THOMAS | CLERK     | 1750 |     10 |
| CLARK  | MANAGER   | 2450 |     10 |
| KING   | PRESIDENT | 5000 |     10 |
| MILLER | CLERK     | 1300 |     10 |
+--------+-----------+------+--------+
5 rows in set (0.00 sec)

mysql> drop view v1;
Query OK, 0 rows affected (0.00 sec)

mysql> select * from e;
ERROR 1146 (42S02): Table 'saleel.e' doesn't exist
mysql> create table e as select ename, job, sal, deptno from emp;
Query OK, 28 rows affected (0.02 sec)
Records: 28  Duplicates: 0  Warnings: 0

mysql> select * from e;
+----------+---------------------+------+--------+
| ename    | job                 | sal  | deptno |
+----------+---------------------+------+--------+
| GITA     | Compliance officers | 1750 |     30 |
| VRUSHALI | Compliance officers | 1750 |     50 |
| SHARMIN  | Public Relation     | 1750 |     20 |
| BANDISH  | Public Relation     | 1750 |     20 |
| SMITH    | CLERK               |  800 |     20 |
| AARAV    | CLERK               | 3350 |     10 |
| THOMAS   | CLERK               | 1750 |     10 |
| ALLEN    | SALESMAN            | 1600 |     30 |
| WARD     | SALESMAN            | 1250 |     30 |
| JONES    | MANAGER             | 2975 |     20 |
| MARTIN   | SALESMAN            | 1250 |     30 |
| BLAKE    | MANAGER             | 2850 |     30 |
| CLARK    | MANAGER             | 2450 |     10 |
| SCOTT    | ANALYST             | 3000 |     20 |
| KING     | PRESIDENT           | 5000 |     10 |
| FRED     | vice PRESIDENT      | 5000 |     20 |
| TURNER   | SALESMAN            | 1500 |     30 |
| ADAMS    | CLERK               | 1100 |     20 |
| JAMES    | CLERK               |  950 |     30 |
| FORD     | ANALYST             | 3000 |     20 |
| HOFFMAN  | MANAGER             | 4150 |     30 |
| GRASS    | SALESMAN            | 2575 |     30 |
| MILLER   | CLERK               | 1300 |     10 |
| AARUSH   | SALESMAN            | 1350 |     30 |
| ALEX     | MANAGER             | 1250 |     30 |
| NATASHA  | CLERK               | 1750 |     30 |
| SANGITA  | Compliance officers | 1750 |     50 |
| SUPRIYA  | ANALYST             | 1750 |     50 |
+----------+---------------------+------+--------+
28 rows in set (0.00 sec)

mysql> create or replace view v1 as select ename, job, sal, deptno from e where deptno=10;
Query OK, 0 rows affected (0.01 sec)

mysql> select * from v1;
+--------+-----------+------+--------+
| ename  | job       | sal  | deptno |
+--------+-----------+------+--------+
| AARAV  | CLERK     | 3350 |     10 |
| THOMAS | CLERK     | 1750 |     10 |
| CLARK  | MANAGER   | 2450 |     10 |
| KING   | PRESIDENT | 5000 |     10 |
| MILLER | CLERK     | 1300 |     10 |
+--------+-----------+------+--------+
5 rows in set (0.00 sec)

mysql> insert into v1 values(1,1,1,1);
Query OK, 1 row affected (0.00 sec)

mysql> select * from e;
+----------+---------------------+------+--------+
| ename    | job                 | sal  | deptno |
+----------+---------------------+------+--------+
| GITA     | Compliance officers | 1750 |     30 |
| VRUSHALI | Compliance officers | 1750 |     50 |
| SHARMIN  | Public Relation     | 1750 |     20 |
| BANDISH  | Public Relation     | 1750 |     20 |
| SMITH    | CLERK               |  800 |     20 |
| AARAV    | CLERK               | 3350 |     10 |
| THOMAS   | CLERK               | 1750 |     10 |
| ALLEN    | SALESMAN            | 1600 |     30 |
| WARD     | SALESMAN            | 1250 |     30 |
| JONES    | MANAGER             | 2975 |     20 |
| MARTIN   | SALESMAN            | 1250 |     30 |
| BLAKE    | MANAGER             | 2850 |     30 |
| CLARK    | MANAGER             | 2450 |     10 |
| SCOTT    | ANALYST             | 3000 |     20 |
| KING     | PRESIDENT           | 5000 |     10 |
| FRED     | vice PRESIDENT      | 5000 |     20 |
| TURNER   | SALESMAN            | 1500 |     30 |
| ADAMS    | CLERK               | 1100 |     20 |
| JAMES    | CLERK               |  950 |     30 |
| FORD     | ANALYST             | 3000 |     20 |
| HOFFMAN  | MANAGER             | 4150 |     30 |
| GRASS    | SALESMAN            | 2575 |     30 |
| MILLER   | CLERK               | 1300 |     10 |
| AARUSH   | SALESMAN            | 1350 |     30 |
| ALEX     | MANAGER             | 1250 |     30 |
| NATASHA  | CLERK               | 1750 |     30 |
| SANGITA  | Compliance officers | 1750 |     50 |
| SUPRIYA  | ANALYST             | 1750 |     50 |
| 1        | 1                   |    1 |      1 |
+----------+---------------------+------+--------+
29 rows in set (0.00 sec)

mysql> select * from v1;
+--------+-----------+------+--------+
| ename  | job       | sal  | deptno |
+--------+-----------+------+--------+
| AARAV  | CLERK     | 3350 |     10 |
| THOMAS | CLERK     | 1750 |     10 |
| CLARK  | MANAGER   | 2450 |     10 |
| KING   | PRESIDENT | 5000 |     10 |
| MILLER | CLERK     | 1300 |     10 |
+--------+-----------+------+--------+
5 rows in set (0.00 sec)

mysql> update v1 set sal=5000 where deptno=1;
Query OK, 0 rows affected (0.00 sec)
Rows matched: 0  Changed: 0  Warnings: 0

mysql> select * from e;
+----------+---------------------+------+--------+
| ename    | job                 | sal  | deptno |
+----------+---------------------+------+--------+
| GITA     | Compliance officers | 1750 |     30 |
| VRUSHALI | Compliance officers | 1750 |     50 |
| SHARMIN  | Public Relation     | 1750 |     20 |
| BANDISH  | Public Relation     | 1750 |     20 |
| SMITH    | CLERK               |  800 |     20 |
| AARAV    | CLERK               | 3350 |     10 |
| THOMAS   | CLERK               | 1750 |     10 |
| ALLEN    | SALESMAN            | 1600 |     30 |
| WARD     | SALESMAN            | 1250 |     30 |
| JONES    | MANAGER             | 2975 |     20 |
| MARTIN   | SALESMAN            | 1250 |     30 |
| BLAKE    | MANAGER             | 2850 |     30 |
| CLARK    | MANAGER             | 2450 |     10 |
| SCOTT    | ANALYST             | 3000 |     20 |
| KING     | PRESIDENT           | 5000 |     10 |
| FRED     | vice PRESIDENT      | 5000 |     20 |
| TURNER   | SALESMAN            | 1500 |     30 |
| ADAMS    | CLERK               | 1100 |     20 |
| JAMES    | CLERK               |  950 |     30 |
| FORD     | ANALYST             | 3000 |     20 |
| HOFFMAN  | MANAGER             | 4150 |     30 |
| GRASS    | SALESMAN            | 2575 |     30 |
| MILLER   | CLERK               | 1300 |     10 |
| AARUSH   | SALESMAN            | 1350 |     30 |
| ALEX     | MANAGER             | 1250 |     30 |
| NATASHA  | CLERK               | 1750 |     30 |
| SANGITA  | Compliance officers | 1750 |     50 |
| SUPRIYA  | ANALYST             | 1750 |     50 |
| 1        | 1                   |    1 |      1 |
+----------+---------------------+------+--------+
29 rows in set (0.00 sec)

mysql> select * from v1;
+--------+-----------+------+--------+
| ename  | job       | sal  | deptno |
+--------+-----------+------+--------+
| AARAV  | CLERK     | 3350 |     10 |
| THOMAS | CLERK     | 1750 |     10 |
| CLARK  | MANAGER   | 2450 |     10 |
| KING   | PRESIDENT | 5000 |     10 |
| MILLER | CLERK     | 1300 |     10 |
+--------+-----------+------+--------+
5 rows in set (0.00 sec)

mysql> delete from v1 where deptno=1;
Query OK, 0 rows affected (0.00 sec)

mysql> select * from e;
+----------+---------------------+------+--------+
| ename    | job                 | sal  | deptno |
+----------+---------------------+------+--------+
| GITA     | Compliance officers | 1750 |     30 |
| VRUSHALI | Compliance officers | 1750 |     50 |
| SHARMIN  | Public Relation     | 1750 |     20 |
| BANDISH  | Public Relation     | 1750 |     20 |
| SMITH    | CLERK               |  800 |     20 |
| AARAV    | CLERK               | 3350 |     10 |
| THOMAS   | CLERK               | 1750 |     10 |
| ALLEN    | SALESMAN            | 1600 |     30 |
| WARD     | SALESMAN            | 1250 |     30 |
| JONES    | MANAGER             | 2975 |     20 |
| MARTIN   | SALESMAN            | 1250 |     30 |
| BLAKE    | MANAGER             | 2850 |     30 |
| CLARK    | MANAGER             | 2450 |     10 |
| SCOTT    | ANALYST             | 3000 |     20 |
| KING     | PRESIDENT           | 5000 |     10 |
| FRED     | vice PRESIDENT      | 5000 |     20 |
| TURNER   | SALESMAN            | 1500 |     30 |
| ADAMS    | CLERK               | 1100 |     20 |
| JAMES    | CLERK               |  950 |     30 |
| FORD     | ANALYST             | 3000 |     20 |
| HOFFMAN  | MANAGER             | 4150 |     30 |
| GRASS    | SALESMAN            | 2575 |     30 |
| MILLER   | CLERK               | 1300 |     10 |
| AARUSH   | SALESMAN            | 1350 |     30 |
| ALEX     | MANAGER             | 1250 |     30 |
| NATASHA  | CLERK               | 1750 |     30 |
| SANGITA  | Compliance officers | 1750 |     50 |
| SUPRIYA  | ANALYST             | 1750 |     50 |
| 1        | 1                   |    1 |      1 |
+----------+---------------------+------+--------+
29 rows in set (0.00 sec)

mysql> select * from v1;
+--------+-----------+------+--------+
| ename  | job       | sal  | deptno |
+--------+-----------+------+--------+
| AARAV  | CLERK     | 3350 |     10 |
| THOMAS | CLERK     | 1750 |     10 |
| CLARK  | MANAGER   | 2450 |     10 |
| KING   | PRESIDENT | 5000 |     10 |
| MILLER | CLERK     | 1300 |     10 |
+--------+-----------+------+--------+
5 rows in set (0.00 sec)

mysql> create or replace view v1 as select ename, job, sal, deptno from e where deptno=10 with check option;
Query OK, 0 rows affected (0.01 sec)

mysql> select * from e;
+----------+---------------------+------+--------+
| ename    | job                 | sal  | deptno |
+----------+---------------------+------+--------+
| GITA     | Compliance officers | 1750 |     30 |
| VRUSHALI | Compliance officers | 1750 |     50 |
| SHARMIN  | Public Relation     | 1750 |     20 |
| BANDISH  | Public Relation     | 1750 |     20 |
| SMITH    | CLERK               |  800 |     20 |
| AARAV    | CLERK               | 3350 |     10 |
| THOMAS   | CLERK               | 1750 |     10 |
| ALLEN    | SALESMAN            | 1600 |     30 |
| WARD     | SALESMAN            | 1250 |     30 |
| JONES    | MANAGER             | 2975 |     20 |
| MARTIN   | SALESMAN            | 1250 |     30 |
| BLAKE    | MANAGER             | 2850 |     30 |
| CLARK    | MANAGER             | 2450 |     10 |
| SCOTT    | ANALYST             | 3000 |     20 |
| KING     | PRESIDENT           | 5000 |     10 |
| FRED     | vice PRESIDENT      | 5000 |     20 |
| TURNER   | SALESMAN            | 1500 |     30 |
| ADAMS    | CLERK               | 1100 |     20 |
| JAMES    | CLERK               |  950 |     30 |
| FORD     | ANALYST             | 3000 |     20 |
| HOFFMAN  | MANAGER             | 4150 |     30 |
| GRASS    | SALESMAN            | 2575 |     30 |
| MILLER   | CLERK               | 1300 |     10 |
| AARUSH   | SALESMAN            | 1350 |     30 |
| ALEX     | MANAGER             | 1250 |     30 |
| NATASHA  | CLERK               | 1750 |     30 |
| SANGITA  | Compliance officers | 1750 |     50 |
| SUPRIYA  | ANALYST             | 1750 |     50 |
| 1        | 1                   |    1 |      1 |
+----------+---------------------+------+--------+
29 rows in set (0.00 sec)

mysql> select * from v1;
+--------+-----------+------+--------+
| ename  | job       | sal  | deptno |
+--------+-----------+------+--------+
| AARAV  | CLERK     | 3350 |     10 |
| THOMAS | CLERK     | 1750 |     10 |
| CLARK  | MANAGER   | 2450 |     10 |
| KING   | PRESIDENT | 5000 |     10 |
| MILLER | CLERK     | 1300 |     10 |
+--------+-----------+------+--------+
5 rows in set (0.00 sec)

mysql> insert into v1 values(2,2,2,2);
ERROR 1369 (HY000): CHECK OPTION failed 'saleel.v1'
mysql> insert into v1 values(2,2,2,10);
Query OK, 1 row affected (0.00 sec)

mysql> select * from e;
+----------+---------------------+------+--------+
| ename    | job                 | sal  | deptno |
+----------+---------------------+------+--------+
| GITA     | Compliance officers | 1750 |     30 |
| VRUSHALI | Compliance officers | 1750 |     50 |
| SHARMIN  | Public Relation     | 1750 |     20 |
| BANDISH  | Public Relation     | 1750 |     20 |
| SMITH    | CLERK               |  800 |     20 |
| AARAV    | CLERK               | 3350 |     10 |
| THOMAS   | CLERK               | 1750 |     10 |
| ALLEN    | SALESMAN            | 1600 |     30 |
| WARD     | SALESMAN            | 1250 |     30 |
| JONES    | MANAGER             | 2975 |     20 |
| MARTIN   | SALESMAN            | 1250 |     30 |
| BLAKE    | MANAGER             | 2850 |     30 |
| CLARK    | MANAGER             | 2450 |     10 |
| SCOTT    | ANALYST             | 3000 |     20 |
| KING     | PRESIDENT           | 5000 |     10 |
| FRED     | vice PRESIDENT      | 5000 |     20 |
| TURNER   | SALESMAN            | 1500 |     30 |
| ADAMS    | CLERK               | 1100 |     20 |
| JAMES    | CLERK               |  950 |     30 |
| FORD     | ANALYST             | 3000 |     20 |
| HOFFMAN  | MANAGER             | 4150 |     30 |
| GRASS    | SALESMAN            | 2575 |     30 |
| MILLER   | CLERK               | 1300 |     10 |
| AARUSH   | SALESMAN            | 1350 |     30 |
| ALEX     | MANAGER             | 1250 |     30 |
| NATASHA  | CLERK               | 1750 |     30 |
| SANGITA  | Compliance officers | 1750 |     50 |
| SUPRIYA  | ANALYST             | 1750 |     50 |
| 1        | 1                   |    1 |      1 |
| 2        | 2                   |    2 |     10 |
+----------+---------------------+------+--------+
30 rows in set (0.00 sec)

mysql> select * from v1;
+--------+-----------+------+--------+
| ename  | job       | sal  | deptno |
+--------+-----------+------+--------+
| AARAV  | CLERK     | 3350 |     10 |
| THOMAS | CLERK     | 1750 |     10 |
| CLARK  | MANAGER   | 2450 |     10 |
| KING   | PRESIDENT | 5000 |     10 |
| MILLER | CLERK     | 1300 |     10 |
| 2      | 2         |    2 |     10 |
+--------+-----------+------+--------+
6 rows in set (0.00 sec)

mysql> update v1 set deptno=50 where ename=2;
ERROR 1292 (22007): Truncated incorrect DOUBLE value: 'AARAV'
mysql> update v1 set deptno=50 where ename='2';
ERROR 1369 (HY000): CHECK OPTION failed 'saleel.v1'
mysql> update v1 set ename'dddd' where ename='2';
ERROR 1064 (42000): You have an error in your SQL syntax; check the manual that corresponds to your MySQL server version for the right syntax to use near ''dddd' where ename='2'' at line 1
mysql> update v1 set ename='dddd' where ename='2';
Query OK, 1 row affected (0.00 sec)
Rows matched: 1  Changed: 1  Warnings: 0

mysql> select * from v1;
+--------+-----------+------+--------+
| ename  | job       | sal  | deptno |
+--------+-----------+------+--------+
| AARAV  | CLERK     | 3350 |     10 |
| THOMAS | CLERK     | 1750 |     10 |
| CLARK  | MANAGER   | 2450 |     10 |
| KING   | PRESIDENT | 5000 |     10 |
| MILLER | CLERK     | 1300 |     10 |
| dddd   | 2         |    2 |     10 |
+--------+-----------+------+--------+
6 rows in set (0.00 sec)

mysql> select _rowid from emp;
+--------+
| _rowid |
+--------+
|   7415 |
|   7421 |
|   7782 |
|   7839 |
|   7934 |
|   6473 |
|   6781 |
|   7369 |
|   7566 |
|   7788 |
|   7840 |
|   7876 |
|   7902 |
|   6001 |
|   7499 |
|   7521 |
|   7654 |
|   7698 |
|   7844 |
|   7900 |
|   7919 |
|   7920 |
|   7945 |
|   7949 |
|   8433 |
|   6129 |
|   9400 |
|   9473 |
+--------+
28 rows in set (0.00 sec)

mysql> select _rowid, empno from emp;
+--------+-------+
| _rowid | empno |
+--------+-------+
|   7415 |  7415 |
|   7421 |  7421 |
|   7782 |  7782 |
|   7839 |  7839 |
|   7934 |  7934 |
|   6473 |  6473 |
|   6781 |  6781 |
|   7369 |  7369 |
|   7566 |  7566 |
|   7788 |  7788 |
|   7840 |  7840 |
|   7876 |  7876 |
|   7902 |  7902 |
|   6001 |  6001 |
|   7499 |  7499 |
|   7521 |  7521 |
|   7654 |  7654 |
|   7698 |  7698 |
|   7844 |  7844 |
|   7900 |  7900 |
|   7919 |  7919 |
|   7920 |  7920 |
|   7945 |  7945 |
|   7949 |  7949 |
|   8433 |  8433 |
|   6129 |  6129 |
|   9400 |  9400 |
|   9473 |  9473 |
+--------+-------+
28 rows in set (0.00 sec)

mysql> select _rowid from dept;
+--------+
| _rowid |
+--------+
|     10 |
|     20 |
|     30 |
|     40 |
|     50 |
+--------+
5 rows in set (0.00 sec)

mysql> select _rowid from group038.campus.student;
ERROR 1064 (42000): You have an error in your SQL syntax; check the manual that corresponds to your MySQL server version for the right syntax to use near '.student' at line 1
mysql> select _rowid from group038_campus.student;
+--------+
| _rowid |
+--------+
|      1 |
|      2 |
|      3 |
|      4 |
|      5 |
|      6 |
|      7 |
|      8 |
|      9 |
|     10 |
|     11 |
|     12 |
|     13 |
|     14 |
|     15 |
|     16 |
|     17 |
|     18 |
|     19 |
|     20 |
|     21 |
|     22 |
|     23 |
|     24 |
|     25 |
|     26 |
|     27 |
|     28 |
+--------+
28 rows in set (0.00 sec)

mysql>
mysql> select _rowid from group038_campus.modules;
+--------+
| _rowid |
+--------+
|      1 |
|      2 |
|      3 |
|      4 |
|      5 |
|      6 |
|      7 |
|      8 |
|      9 |
|     10 |
|     11 |
|     12 |
|     13 |
|     14 |
|     15 |
|     16 |
|     17 |
+--------+
17 rows in set (0.00 sec)

mysql> select substr('abcdef', 2, length('abcdef')-2);
+-----------------------------------------+
| substr('abcdef', 2, length('abcdef')-2) |
+-----------------------------------------+
| bcde                                    |
+-----------------------------------------+
1 row in set (0.00 sec)

mysql> select substr('abcdef', 2,1);
+-----------------------+
| substr('abcdef', 2,1) |
+-----------------------+
| b                     |
+-----------------------+
1 row in set (0.00 sec)

mysql>